[2024-12-03T13:09:52.439+0300][gc,init] CardTable entry size: 512
[2024-12-03T13:09:52.439+0300][gc     ] Using G1
[2024-12-03T13:09:52.441+0300][gc,init] Version: 19.0.2+7-44 (release)
[2024-12-03T13:09:52.441+0300][gc,init] CPUs: 8 total, 8 available
[2024-12-03T13:09:52.441+0300][gc,init] Memory: 8192M
[2024-12-03T13:09:52.441+0300][gc,init] Large Page Support: Disabled
[2024-12-03T13:09:52.441+0300][gc,init] NUMA Support: Disabled
[2024-12-03T13:09:52.441+0300][gc,init] Compressed Oops: Enabled (Zero based)
[2024-12-03T13:09:52.441+0300][gc,init] Heap Region Size: 1M
[2024-12-03T13:09:52.441+0300][gc,init] Heap Min Capacity: 1G
[2024-12-03T13:09:52.441+0300][gc,init] Heap Initial Capacity: 1G
[2024-12-03T13:09:52.441+0300][gc,init] Heap Max Capacity: 1G
[2024-12-03T13:09:52.441+0300][gc,init] Pre-touch: Disabled
[2024-12-03T13:09:52.441+0300][gc,init] Parallel Workers: 8
[2024-12-03T13:09:52.441+0300][gc,init] Concurrent Workers: 2
[2024-12-03T13:09:52.441+0300][gc,init] Concurrent Refinement Workers: 8
[2024-12-03T13:09:52.441+0300][gc,init] Periodic GC: Disabled
[2024-12-03T13:09:52.441+0300][gc,metaspace] CDS archive(s) mapped at: [0x0000000800000000-0x0000000800c48000-0x0000000800c48000), size 12877824, SharedBaseAddress: 0x0000000800000000, ArchiveRelocationMode: 0.
[2024-12-03T13:09:52.441+0300][gc,metaspace] Compressed class space mapped at: 0x0000000801000000-0x0000000841000000, reserved size: 1073741824
[2024-12-03T13:09:52.441+0300][gc,metaspace] Narrow klass base: 0x0000000800000000, Narrow klass shift: 0, Narrow klass range: 0x100000000
[2024-12-03T13:09:53.226+0300][gc,start    ] GC(0) Pause Young (Normal) (G1 Evacuation Pause)
[2024-12-03T13:09:53.227+0300][gc,task     ] GC(0) Using 8 workers of 8 for evacuation
[2024-12-03T13:09:53.229+0300][gc,phases   ] GC(0)   Pre Evacuate Collection Set: 0,1ms
[2024-12-03T13:09:53.229+0300][gc,phases   ] GC(0)   Merge Heap Roots: 0,1ms
[2024-12-03T13:09:53.229+0300][gc,phases   ] GC(0)   Evacuate Collection Set: 2,3ms
[2024-12-03T13:09:53.229+0300][gc,phases   ] GC(0)   Post Evacuate Collection Set: 0,3ms
[2024-12-03T13:09:53.229+0300][gc,phases   ] GC(0)   Other: 0,2ms
[2024-12-03T13:09:53.229+0300][gc,heap     ] GC(0) Eden regions: 51->0(44)
[2024-12-03T13:09:53.229+0300][gc,heap     ] GC(0) Survivor regions: 0->7(7)
[2024-12-03T13:09:53.229+0300][gc,heap     ] GC(0) Old regions: 0->1
[2024-12-03T13:09:53.229+0300][gc,heap     ] GC(0) Archive regions: 2->2
[2024-12-03T13:09:53.229+0300][gc,heap     ] GC(0) Humongous regions: 0->0
[2024-12-03T13:09:53.230+0300][gc,metaspace] GC(0) Metaspace: 18659K(18880K)->18659K(18880K) NonClass: 16363K(16448K)->16363K(16448K) Class: 2296K(2432K)->2296K(2432K)
[2024-12-03T13:09:53.230+0300][gc          ] GC(0) Pause Young (Normal) (G1 Evacuation Pause) 51M->8M(1024M) 3,217ms
[2024-12-03T13:09:53.230+0300][gc,cpu      ] GC(0) User=0,02s Sys=0,00s Real=0,01s
[2024-12-03T13:09:53.342+0300][gc,start    ] GC(1) Pause Young (Concurrent Start) (Metadata GC Threshold)
[2024-12-03T13:09:53.342+0300][gc,task     ] GC(1) Using 8 workers of 8 for evacuation
[2024-12-03T13:09:53.345+0300][gc,phases   ] GC(1)   Pre Evacuate Collection Set: 0,1ms
[2024-12-03T13:09:53.345+0300][gc,phases   ] GC(1)   Merge Heap Roots: 0,0ms
[2024-12-03T13:09:53.345+0300][gc,phases   ] GC(1)   Evacuate Collection Set: 2,6ms
[2024-12-03T13:09:53.345+0300][gc,phases   ] GC(1)   Post Evacuate Collection Set: 0,2ms
[2024-12-03T13:09:53.345+0300][gc,phases   ] GC(1)   Other: 0,0ms
[2024-12-03T13:09:53.345+0300][gc,heap     ] GC(1) Eden regions: 9->0(50)
[2024-12-03T13:09:53.345+0300][gc,heap     ] GC(1) Survivor regions: 7->1(7)
[2024-12-03T13:09:53.345+0300][gc,heap     ] GC(1) Old regions: 1->8
[2024-12-03T13:09:53.345+0300][gc,heap     ] GC(1) Archive regions: 2->2
[2024-12-03T13:09:53.345+0300][gc,heap     ] GC(1) Humongous regions: 0->0
[2024-12-03T13:09:53.345+0300][gc,metaspace] GC(1) Metaspace: 21287K(21504K)->21287K(21504K) NonClass: 18581K(18688K)->18581K(18688K) Class: 2706K(2816K)->2706K(2816K)
[2024-12-03T13:09:53.345+0300][gc          ] GC(1) Pause Young (Concurrent Start) (Metadata GC Threshold) 17M->9M(1024M) 3,157ms
[2024-12-03T13:09:53.345+0300][gc          ] GC(2) Concurrent Mark Cycle
[2024-12-03T13:09:53.345+0300][gc,cpu      ] GC(1) User=0,01s Sys=0,00s Real=0,00s
[2024-12-03T13:09:53.345+0300][gc,marking  ] GC(2) Concurrent Clear Claimed Marks
[2024-12-03T13:09:53.345+0300][gc,marking  ] GC(2) Concurrent Clear Claimed Marks 0,021ms
[2024-12-03T13:09:53.345+0300][gc,marking  ] GC(2) Concurrent Scan Root Regions
[2024-12-03T13:09:53.347+0300][gc,marking  ] GC(2) Concurrent Scan Root Regions 1,703ms
[2024-12-03T13:09:53.347+0300][gc,marking  ] GC(2) Concurrent Mark
[2024-12-03T13:09:53.347+0300][gc,marking  ] GC(2) Concurrent Mark From Roots
[2024-12-03T13:09:53.347+0300][gc,task     ] GC(2) Using 2 workers of 2 for marking
[2024-12-03T13:09:53.349+0300][gc,marking  ] GC(2) Concurrent Mark From Roots 1,790ms
[2024-12-03T13:09:53.349+0300][gc,marking  ] GC(2) Concurrent Preclean
[2024-12-03T13:09:53.349+0300][gc,marking  ] GC(2) Concurrent Preclean 0,008ms
[2024-12-03T13:09:53.349+0300][gc,start    ] GC(2) Pause Remark
[2024-12-03T13:09:53.350+0300][gc          ] GC(2) Pause Remark 10M->10M(1024M) 1,239ms
[2024-12-03T13:09:53.350+0300][gc,cpu      ] GC(2) User=0,00s Sys=0,00s Real=0,01s
[2024-12-03T13:09:53.350+0300][gc,marking  ] GC(2) Concurrent Mark 3,186ms
[2024-12-03T13:09:53.350+0300][gc,marking  ] GC(2) Concurrent Rebuild Remembered Sets
[2024-12-03T13:09:53.352+0300][gc,marking  ] GC(2) Concurrent Rebuild Remembered Sets 2,215ms
[2024-12-03T13:09:53.352+0300][gc,start    ] GC(2) Pause Cleanup
[2024-12-03T13:09:53.352+0300][gc          ] GC(2) Pause Cleanup 10M->10M(1024M) 0,081ms
[2024-12-03T13:09:53.352+0300][gc,cpu      ] GC(2) User=0,00s Sys=0,00s Real=0,00s
[2024-12-03T13:09:53.352+0300][gc,marking  ] GC(2) Concurrent Cleanup for Next Mark
[2024-12-03T13:09:53.354+0300][gc,marking  ] GC(2) Concurrent Cleanup for Next Mark 1,260ms
[2024-12-03T13:09:53.354+0300][gc          ] GC(2) Concurrent Mark Cycle 8,674ms
[2024-12-03T13:09:54.015+0300][gc,start    ] GC(3) Pause Young (Normal) (G1 Evacuation Pause)
[2024-12-03T13:09:54.015+0300][gc,task     ] GC(3) Using 8 workers of 8 for evacuation
[2024-12-03T13:09:54.017+0300][gc,phases   ] GC(3)   Pre Evacuate Collection Set: 0,1ms
[2024-12-03T13:09:54.017+0300][gc,phases   ] GC(3)   Merge Heap Roots: 0,0ms
[2024-12-03T13:09:54.017+0300][gc,phases   ] GC(3)   Evacuate Collection Set: 1,8ms
[2024-12-03T13:09:54.017+0300][gc,phases   ] GC(3)   Post Evacuate Collection Set: 0,2ms
[2024-12-03T13:09:54.017+0300][gc,phases   ] GC(3)   Other: 0,0ms
[2024-12-03T13:09:54.017+0300][gc,heap     ] GC(3) Eden regions: 50->0(45)
[2024-12-03T13:09:54.017+0300][gc,heap     ] GC(3) Survivor regions: 1->6(7)
[2024-12-03T13:09:54.017+0300][gc,heap     ] GC(3) Old regions: 8->8
[2024-12-03T13:09:54.017+0300][gc,heap     ] GC(3) Archive regions: 2->2
[2024-12-03T13:09:54.017+0300][gc,heap     ] GC(3) Humongous regions: 129->129
[2024-12-03T13:09:54.017+0300][gc,metaspace] GC(3) Metaspace: 31156K(31424K)->31156K(31424K) NonClass: 27439K(27584K)->27439K(27584K) Class: 3716K(3840K)->3716K(3840K)
[2024-12-03T13:09:54.017+0300][gc          ] GC(3) Pause Young (Normal) (G1 Evacuation Pause) 188M->142M(1024M) 2,287ms
[2024-12-03T13:09:54.017+0300][gc,cpu      ] GC(3) User=0,02s Sys=0,00s Real=0,00s
[2024-12-03T13:09:54.150+0300][gc,start    ] GC(4) Pause Young (Concurrent Start) (Metadata GC Threshold)
[2024-12-03T13:09:54.150+0300][gc,task     ] GC(4) Using 8 workers of 8 for evacuation
[2024-12-03T13:09:54.153+0300][gc,phases   ] GC(4)   Pre Evacuate Collection Set: 0,2ms
[2024-12-03T13:09:54.153+0300][gc,phases   ] GC(4)   Merge Heap Roots: 0,0ms
[2024-12-03T13:09:54.153+0300][gc,phases   ] GC(4)   Evacuate Collection Set: 2,7ms
[2024-12-03T13:09:54.153+0300][gc,phases   ] GC(4)   Post Evacuate Collection Set: 0,2ms
[2024-12-03T13:09:54.153+0300][gc,phases   ] GC(4)   Other: 0,0ms
[2024-12-03T13:09:54.153+0300][gc,heap     ] GC(4) Eden regions: 17->0(49)
[2024-12-03T13:09:54.153+0300][gc,heap     ] GC(4) Survivor regions: 6->2(7)
[2024-12-03T13:09:54.153+0300][gc,heap     ] GC(4) Old regions: 8->13
[2024-12-03T13:09:54.153+0300][gc,heap     ] GC(4) Archive regions: 2->2
[2024-12-03T13:09:54.153+0300][gc,heap     ] GC(4) Humongous regions: 129->129
[2024-12-03T13:09:54.153+0300][gc,metaspace] GC(4) Metaspace: 35680K(35968K)->35680K(35968K) NonClass: 31538K(31680K)->31538K(31680K) Class: 4141K(4288K)->4141K(4288K)
[2024-12-03T13:09:54.153+0300][gc          ] GC(4) Pause Young (Concurrent Start) (Metadata GC Threshold) 159M->144M(1024M) 3,248ms
[2024-12-03T13:09:54.153+0300][gc          ] GC(5) Concurrent Mark Cycle
[2024-12-03T13:09:54.153+0300][gc,cpu      ] GC(4) User=0,02s Sys=0,01s Real=0,00s
[2024-12-03T13:09:54.153+0300][gc,marking  ] GC(5) Concurrent Clear Claimed Marks
[2024-12-03T13:09:54.153+0300][gc,marking  ] GC(5) Concurrent Clear Claimed Marks 0,023ms
[2024-12-03T13:09:54.153+0300][gc,marking  ] GC(5) Concurrent Scan Root Regions
[2024-12-03T13:09:54.155+0300][gc,marking  ] GC(5) Concurrent Scan Root Regions 2,457ms
[2024-12-03T13:09:54.155+0300][gc,marking  ] GC(5) Concurrent Mark
[2024-12-03T13:09:54.155+0300][gc,marking  ] GC(5) Concurrent Mark From Roots
[2024-12-03T13:09:54.155+0300][gc,task     ] GC(5) Using 2 workers of 2 for marking
[2024-12-03T13:09:54.159+0300][gc,marking  ] GC(5) Concurrent Mark From Roots 3,531ms
[2024-12-03T13:09:54.159+0300][gc,marking  ] GC(5) Concurrent Preclean
[2024-12-03T13:09:54.159+0300][gc,marking  ] GC(5) Concurrent Preclean 0,026ms
[2024-12-03T13:09:54.159+0300][gc,start    ] GC(5) Pause Remark
[2024-12-03T13:09:54.160+0300][gc          ] GC(5) Pause Remark 146M->146M(1024M) 1,053ms
[2024-12-03T13:09:54.160+0300][gc,cpu      ] GC(5) User=0,01s Sys=0,00s Real=0,01s
[2024-12-03T13:09:54.160+0300][gc,marking  ] GC(5) Concurrent Mark 4,778ms
[2024-12-03T13:09:54.160+0300][gc,marking  ] GC(5) Concurrent Rebuild Remembered Sets
[2024-12-03T13:09:54.160+0300][gc,marking  ] GC(5) Concurrent Rebuild Remembered Sets 0,011ms
[2024-12-03T13:09:54.160+0300][gc,start    ] GC(5) Pause Cleanup
[2024-12-03T13:09:54.160+0300][gc          ] GC(5) Pause Cleanup 146M->146M(1024M) 0,013ms
[2024-12-03T13:09:54.160+0300][gc,cpu      ] GC(5) User=0,00s Sys=0,00s Real=0,00s
[2024-12-03T13:09:54.160+0300][gc,marking  ] GC(5) Concurrent Cleanup for Next Mark
[2024-12-03T13:09:54.162+0300][gc,marking  ] GC(5) Concurrent Cleanup for Next Mark 2,043ms
[2024-12-03T13:09:54.162+0300][gc          ] GC(5) Concurrent Mark Cycle 9,546ms
[2024-12-03T13:44:16.354+0300][gc,start    ] GC(6) Pause Young (Normal) (G1 Evacuation Pause)
[2024-12-03T13:44:16.357+0300][gc,task     ] GC(6) Using 8 workers of 8 for evacuation
[2024-12-03T13:44:16.384+0300][gc,mmu      ] GC(6) MMU target violated: 21,0ms (20,0ms/21,0ms)
[2024-12-03T13:44:16.384+0300][gc,phases   ] GC(6)   Pre Evacuate Collection Set: 0,6ms
[2024-12-03T13:44:16.384+0300][gc,phases   ] GC(6)   Merge Heap Roots: 0,7ms
[2024-12-03T13:44:16.384+0300][gc,phases   ] GC(6)   Evacuate Collection Set: 24,3ms
[2024-12-03T13:44:16.384+0300][gc,phases   ] GC(6)   Post Evacuate Collection Set: 1,1ms
[2024-12-03T13:44:16.384+0300][gc,phases   ] GC(6)   Other: 0,9ms
[2024-12-03T13:44:16.384+0300][gc,heap     ] GC(6) Eden regions: 49->0(46)
[2024-12-03T13:44:16.384+0300][gc,heap     ] GC(6) Survivor regions: 2->5(7)
[2024-12-03T13:44:16.384+0300][gc,heap     ] GC(6) Old regions: 13->13
[2024-12-03T13:44:16.384+0300][gc,heap     ] GC(6) Archive regions: 2->2
[2024-12-03T13:44:16.384+0300][gc,heap     ] GC(6) Humongous regions: 135->129
[2024-12-03T13:44:16.384+0300][gc,metaspace] GC(6) Metaspace: 41716K(42368K)->41716K(42368K) NonClass: 36579K(36928K)->36579K(36928K) Class: 5136K(5440K)->5136K(5440K)
[2024-12-03T13:44:16.384+0300][gc          ] GC(6) Pause Young (Normal) (G1 Evacuation Pause) 199M->146M(1024M) 29,768ms
[2024-12-03T13:44:16.384+0300][gc,cpu      ] GC(6) User=0,02s Sys=0,06s Real=0,03s
[2024-12-03T14:10:32.254+0300][gc,heap,exit] Heap
[2024-12-03T14:10:32.255+0300][gc,heap,exit]  garbage-first heap   total 1048576K, used 175397K [0x00000007c0000000, 0x0000000800000000)
[2024-12-03T14:10:32.255+0300][gc,heap,exit]   region size 1024K, 30 young (30720K), 5 survivors (5120K)
[2024-12-03T14:10:32.255+0300][gc,heap,exit]  Metaspace       used 42447K, committed 43072K, reserved 1114112K
[2024-12-03T14:10:32.255+0300][gc,heap,exit]   class space    used 5280K, committed 5568K, reserved 1048576K
