[2024-12-19T17:57:54.519+0300][gc,init] CardTable entry size: 512
[2024-12-19T17:57:54.519+0300][gc     ] Using G1
[2024-12-19T17:57:54.520+0300][gc,init] Version: 19.0.2+7-44 (release)
[2024-12-19T17:57:54.520+0300][gc,init] CPUs: 8 total, 8 available
[2024-12-19T17:57:54.520+0300][gc,init] Memory: 8192M
[2024-12-19T17:57:54.520+0300][gc,init] Large Page Support: Disabled
[2024-12-19T17:57:54.520+0300][gc,init] NUMA Support: Disabled
[2024-12-19T17:57:54.520+0300][gc,init] Compressed Oops: Enabled (Zero based)
[2024-12-19T17:57:54.520+0300][gc,init] Heap Region Size: 1M
[2024-12-19T17:57:54.520+0300][gc,init] Heap Min Capacity: 512M
[2024-12-19T17:57:54.520+0300][gc,init] Heap Initial Capacity: 512M
[2024-12-19T17:57:54.520+0300][gc,init] Heap Max Capacity: 512M
[2024-12-19T17:57:54.520+0300][gc,init] Pre-touch: Disabled
[2024-12-19T17:57:54.520+0300][gc,init] Parallel Workers: 8
[2024-12-19T17:57:54.520+0300][gc,init] Concurrent Workers: 2
[2024-12-19T17:57:54.520+0300][gc,init] Concurrent Refinement Workers: 8
[2024-12-19T17:57:54.520+0300][gc,init] Periodic GC: Disabled
[2024-12-19T17:57:54.521+0300][gc,metaspace] CDS archive(s) mapped at: [0x0000000800000000-0x0000000800c48000-0x0000000800c48000), size 12877824, SharedBaseAddress: 0x0000000800000000, ArchiveRelocationMode: 0.
[2024-12-19T17:57:54.521+0300][gc,metaspace] Compressed class space mapped at: 0x0000000801000000-0x0000000841000000, reserved size: 1073741824
[2024-12-19T17:57:54.521+0300][gc,metaspace] Narrow klass base: 0x0000000800000000, Narrow klass shift: 0, Narrow klass range: 0x100000000
[2024-12-19T17:57:55.140+0300][gc,start    ] GC(0) Pause Young (Normal) (G1 Evacuation Pause)
[2024-12-19T17:57:55.140+0300][gc,task     ] GC(0) Using 8 workers of 8 for evacuation
[2024-12-19T17:57:55.144+0300][gc,phases   ] GC(0)   Pre Evacuate Collection Set: 0.1ms
[2024-12-19T17:57:55.144+0300][gc,phases   ] GC(0)   Merge Heap Roots: 0.3ms
[2024-12-19T17:57:55.144+0300][gc,phases   ] GC(0)   Evacuate Collection Set: 2.4ms
[2024-12-19T17:57:55.144+0300][gc,phases   ] GC(0)   Post Evacuate Collection Set: 0.4ms
[2024-12-19T17:57:55.144+0300][gc,phases   ] GC(0)   Other: 0.4ms
[2024-12-19T17:57:55.144+0300][gc,heap     ] GC(0) Eden regions: 25->0(21)
[2024-12-19T17:57:55.144+0300][gc,heap     ] GC(0) Survivor regions: 0->4(4)
[2024-12-19T17:57:55.144+0300][gc,heap     ] GC(0) Old regions: 0->4
[2024-12-19T17:57:55.144+0300][gc,heap     ] GC(0) Archive regions: 2->2
[2024-12-19T17:57:55.144+0300][gc,heap     ] GC(0) Humongous regions: 0->0
[2024-12-19T17:57:55.144+0300][gc,metaspace] GC(0) Metaspace: 8386K(8576K)->8386K(8576K) NonClass: 7508K(7616K)->7508K(7616K) Class: 878K(960K)->878K(960K)
[2024-12-19T17:57:55.144+0300][gc          ] GC(0) Pause Young (Normal) (G1 Evacuation Pause) 25M->8M(512M) 4.303ms
[2024-12-19T17:57:55.144+0300][gc,cpu      ] GC(0) User=0.02s Sys=0.01s Real=0.00s
