[2024-12-03T10:48:11.831+0300][gc,init] CardTable entry size: 512
[2024-12-03T10:48:11.831+0300][gc     ] Using G1
[2024-12-03T10:48:11.833+0300][gc,init] Version: 19.0.2+7-44 (release)
[2024-12-03T10:48:11.833+0300][gc,init] CPUs: 8 total, 8 available
[2024-12-03T10:48:11.833+0300][gc,init] Memory: 8192M
[2024-12-03T10:48:11.833+0300][gc,init] Large Page Support: Disabled
[2024-12-03T10:48:11.833+0300][gc,init] NUMA Support: Disabled
[2024-12-03T10:48:11.833+0300][gc,init] Compressed Oops: Enabled (Zero based)
[2024-12-03T10:48:11.833+0300][gc,init] Heap Region Size: 1M
[2024-12-03T10:48:11.833+0300][gc,init] Heap Min Capacity: 1G
[2024-12-03T10:48:11.833+0300][gc,init] Heap Initial Capacity: 1G
[2024-12-03T10:48:11.833+0300][gc,init] Heap Max Capacity: 1G
[2024-12-03T10:48:11.833+0300][gc,init] Pre-touch: Disabled
[2024-12-03T10:48:11.833+0300][gc,init] Parallel Workers: 8
[2024-12-03T10:48:11.833+0300][gc,init] Concurrent Workers: 2
[2024-12-03T10:48:11.833+0300][gc,init] Concurrent Refinement Workers: 8
[2024-12-03T10:48:11.833+0300][gc,init] Periodic GC: Disabled
[2024-12-03T10:48:11.833+0300][gc,metaspace] CDS archive(s) mapped at: [0x0000000800000000-0x0000000800c48000-0x0000000800c48000), size 12877824, SharedBaseAddress: 0x0000000800000000, ArchiveRelocationMode: 0.
[2024-12-03T10:48:11.833+0300][gc,metaspace] Compressed class space mapped at: 0x0000000801000000-0x0000000841000000, reserved size: 1073741824
[2024-12-03T10:48:11.833+0300][gc,metaspace] Narrow klass base: 0x0000000800000000, Narrow klass shift: 0, Narrow klass range: 0x100000000
[2024-12-03T10:48:12.899+0300][gc,start    ] GC(0) Pause Young (Normal) (G1 Evacuation Pause)
[2024-12-03T10:48:12.899+0300][gc,task     ] GC(0) Using 8 workers of 8 for evacuation
[2024-12-03T10:48:12.902+0300][gc,phases   ] GC(0)   Pre Evacuate Collection Set: 0,1ms
[2024-12-03T10:48:12.902+0300][gc,phases   ] GC(0)   Merge Heap Roots: 0,0ms
[2024-12-03T10:48:12.902+0300][gc,phases   ] GC(0)   Evacuate Collection Set: 2,5ms
[2024-12-03T10:48:12.902+0300][gc,phases   ] GC(0)   Post Evacuate Collection Set: 0,3ms
[2024-12-03T10:48:12.902+0300][gc,phases   ] GC(0)   Other: 0,2ms
[2024-12-03T10:48:12.902+0300][gc,heap     ] GC(0) Eden regions: 51->0(44)
[2024-12-03T10:48:12.902+0300][gc,heap     ] GC(0) Survivor regions: 0->7(7)
[2024-12-03T10:48:12.902+0300][gc,heap     ] GC(0) Old regions: 0->1
[2024-12-03T10:48:12.902+0300][gc,heap     ] GC(0) Archive regions: 2->2
[2024-12-03T10:48:12.902+0300][gc,heap     ] GC(0) Humongous regions: 0->0
[2024-12-03T10:48:12.902+0300][gc,metaspace] GC(0) Metaspace: 18708K(18944K)->18708K(18944K) NonClass: 16408K(16512K)->16408K(16512K) Class: 2299K(2432K)->2299K(2432K)
[2024-12-03T10:48:12.902+0300][gc          ] GC(0) Pause Young (Normal) (G1 Evacuation Pause) 51M->8M(1024M) 3,421ms
[2024-12-03T10:48:12.902+0300][gc,cpu      ] GC(0) User=0,01s Sys=0,01s Real=0,01s
[2024-12-03T10:48:13.060+0300][gc,start    ] GC(1) Pause Young (Concurrent Start) (Metadata GC Threshold)
[2024-12-03T10:48:13.060+0300][gc,task     ] GC(1) Using 8 workers of 8 for evacuation
[2024-12-03T10:48:13.063+0300][gc,phases   ] GC(1)   Pre Evacuate Collection Set: 0,2ms
[2024-12-03T10:48:13.063+0300][gc,phases   ] GC(1)   Merge Heap Roots: 0,1ms
[2024-12-03T10:48:13.063+0300][gc,phases   ] GC(1)   Evacuate Collection Set: 2,2ms
[2024-12-03T10:48:13.063+0300][gc,phases   ] GC(1)   Post Evacuate Collection Set: 0,2ms
[2024-12-03T10:48:13.063+0300][gc,phases   ] GC(1)   Other: 0,0ms
[2024-12-03T10:48:13.063+0300][gc,heap     ] GC(1) Eden regions: 10->0(50)
[2024-12-03T10:48:13.063+0300][gc,heap     ] GC(1) Survivor regions: 7->1(7)
[2024-12-03T10:48:13.063+0300][gc,heap     ] GC(1) Old regions: 1->8
[2024-12-03T10:48:13.063+0300][gc,heap     ] GC(1) Archive regions: 2->2
[2024-12-03T10:48:13.063+0300][gc,heap     ] GC(1) Humongous regions: 0->0
[2024-12-03T10:48:13.063+0300][gc,metaspace] GC(1) Metaspace: 21287K(21504K)->21287K(21504K) NonClass: 18581K(18688K)->18581K(18688K) Class: 2706K(2816K)->2706K(2816K)
[2024-12-03T10:48:13.063+0300][gc          ] GC(1) Pause Young (Concurrent Start) (Metadata GC Threshold) 18M->9M(1024M) 2,859ms
[2024-12-03T10:48:13.063+0300][gc,cpu      ] GC(1) User=0,01s Sys=0,01s Real=0,00s
[2024-12-03T10:48:13.063+0300][gc          ] GC(2) Concurrent Mark Cycle
[2024-12-03T10:48:13.063+0300][gc,marking  ] GC(2) Concurrent Clear Claimed Marks
[2024-12-03T10:48:13.063+0300][gc,marking  ] GC(2) Concurrent Clear Claimed Marks 0,011ms
[2024-12-03T10:48:13.063+0300][gc,marking  ] GC(2) Concurrent Scan Root Regions
[2024-12-03T10:48:13.065+0300][gc,marking  ] GC(2) Concurrent Scan Root Regions 1,572ms
[2024-12-03T10:48:13.065+0300][gc,marking  ] GC(2) Concurrent Mark
[2024-12-03T10:48:13.065+0300][gc,marking  ] GC(2) Concurrent Mark From Roots
[2024-12-03T10:48:13.065+0300][gc,task     ] GC(2) Using 2 workers of 2 for marking
[2024-12-03T10:48:13.066+0300][gc,marking  ] GC(2) Concurrent Mark From Roots 1,407ms
[2024-12-03T10:48:13.066+0300][gc,marking  ] GC(2) Concurrent Preclean
[2024-12-03T10:48:13.066+0300][gc,marking  ] GC(2) Concurrent Preclean 0,010ms
[2024-12-03T10:48:13.066+0300][gc,start    ] GC(2) Pause Remark
[2024-12-03T10:48:13.067+0300][gc          ] GC(2) Pause Remark 10M->10M(1024M) 0,932ms
[2024-12-03T10:48:13.067+0300][gc,cpu      ] GC(2) User=0,00s Sys=0,00s Real=0,00s
[2024-12-03T10:48:13.067+0300][gc,marking  ] GC(2) Concurrent Mark 2,559ms
[2024-12-03T10:48:13.067+0300][gc,marking  ] GC(2) Concurrent Rebuild Remembered Sets
[2024-12-03T10:48:13.069+0300][gc,marking  ] GC(2) Concurrent Rebuild Remembered Sets 2,153ms
[2024-12-03T10:48:13.070+0300][gc,start    ] GC(2) Pause Cleanup
[2024-12-03T10:48:13.070+0300][gc          ] GC(2) Pause Cleanup 10M->10M(1024M) 0,080ms
[2024-12-03T10:48:13.070+0300][gc,cpu      ] GC(2) User=0,00s Sys=0,00s Real=0,00s
[2024-12-03T10:48:13.070+0300][gc,marking  ] GC(2) Concurrent Cleanup for Next Mark
[2024-12-03T10:48:13.071+0300][gc,marking  ] GC(2) Concurrent Cleanup for Next Mark 1,718ms
[2024-12-03T10:48:13.071+0300][gc          ] GC(2) Concurrent Mark Cycle 8,313ms
[2024-12-03T10:48:13.548+0300][gc,start    ] GC(3) Pause Young (Normal) (G1 Evacuation Pause)
[2024-12-03T10:48:13.548+0300][gc,task     ] GC(3) Using 8 workers of 8 for evacuation
[2024-12-03T10:48:13.551+0300][gc,phases   ] GC(3)   Pre Evacuate Collection Set: 0,1ms
[2024-12-03T10:48:13.551+0300][gc,phases   ] GC(3)   Merge Heap Roots: 0,0ms
[2024-12-03T10:48:13.551+0300][gc,phases   ] GC(3)   Evacuate Collection Set: 2,4ms
[2024-12-03T10:48:13.551+0300][gc,phases   ] GC(3)   Post Evacuate Collection Set: 0,3ms
[2024-12-03T10:48:13.551+0300][gc,phases   ] GC(3)   Other: 0,0ms
[2024-12-03T10:48:13.551+0300][gc,heap     ] GC(3) Eden regions: 50->0(45)
[2024-12-03T10:48:13.551+0300][gc,heap     ] GC(3) Survivor regions: 1->6(7)
[2024-12-03T10:48:13.551+0300][gc,heap     ] GC(3) Old regions: 8->8
[2024-12-03T10:48:13.551+0300][gc,heap     ] GC(3) Archive regions: 2->2
[2024-12-03T10:48:13.551+0300][gc,heap     ] GC(3) Humongous regions: 129->129
[2024-12-03T10:48:13.551+0300][gc,metaspace] GC(3) Metaspace: 33243K(33472K)->33243K(33472K) NonClass: 29381K(29504K)->29381K(29504K) Class: 3861K(3968K)->3861K(3968K)
[2024-12-03T10:48:13.551+0300][gc          ] GC(3) Pause Young (Normal) (G1 Evacuation Pause) 188M->143M(1024M) 2,946ms
[2024-12-03T10:48:13.551+0300][gc,cpu      ] GC(3) User=0,02s Sys=0,00s Real=0,01s
[2024-12-03T10:48:13.713+0300][gc,start    ] GC(4) Pause Young (Concurrent Start) (Metadata GC Threshold)
[2024-12-03T10:48:13.713+0300][gc,task     ] GC(4) Using 8 workers of 8 for evacuation
[2024-12-03T10:48:13.716+0300][gc,phases   ] GC(4)   Pre Evacuate Collection Set: 0,1ms
[2024-12-03T10:48:13.716+0300][gc,phases   ] GC(4)   Merge Heap Roots: 0,0ms
[2024-12-03T10:48:13.716+0300][gc,phases   ] GC(4)   Evacuate Collection Set: 2,5ms
[2024-12-03T10:48:13.716+0300][gc,phases   ] GC(4)   Post Evacuate Collection Set: 0,2ms
[2024-12-03T10:48:13.716+0300][gc,phases   ] GC(4)   Other: 0,0ms
[2024-12-03T10:48:13.716+0300][gc,heap     ] GC(4) Eden regions: 12->0(49)
[2024-12-03T10:48:13.716+0300][gc,heap     ] GC(4) Survivor regions: 6->2(7)
[2024-12-03T10:48:13.716+0300][gc,heap     ] GC(4) Old regions: 8->14
[2024-12-03T10:48:13.716+0300][gc,heap     ] GC(4) Archive regions: 2->2
[2024-12-03T10:48:13.716+0300][gc,heap     ] GC(4) Humongous regions: 129->129
[2024-12-03T10:48:13.716+0300][gc,metaspace] GC(4) Metaspace: 35682K(35968K)->35682K(35968K) NonClass: 31462K(31616K)->31462K(31616K) Class: 4220K(4352K)->4220K(4352K)
[2024-12-03T10:48:13.716+0300][gc          ] GC(4) Pause Young (Concurrent Start) (Metadata GC Threshold) 154M->144M(1024M) 3,096ms
[2024-12-03T10:48:13.716+0300][gc          ] GC(5) Concurrent Mark Cycle
[2024-12-03T10:48:13.716+0300][gc,cpu      ] GC(4) User=0,02s Sys=0,01s Real=0,00s
[2024-12-03T10:48:13.716+0300][gc,marking  ] GC(5) Concurrent Clear Claimed Marks
[2024-12-03T10:48:13.716+0300][gc,marking  ] GC(5) Concurrent Clear Claimed Marks 0,030ms
[2024-12-03T10:48:13.716+0300][gc,marking  ] GC(5) Concurrent Scan Root Regions
[2024-12-03T10:48:13.718+0300][gc,marking  ] GC(5) Concurrent Scan Root Regions 2,322ms
[2024-12-03T10:48:13.718+0300][gc,marking  ] GC(5) Concurrent Mark
[2024-12-03T10:48:13.718+0300][gc,marking  ] GC(5) Concurrent Mark From Roots
[2024-12-03T10:48:13.718+0300][gc,task     ] GC(5) Using 2 workers of 2 for marking
[2024-12-03T10:48:13.722+0300][gc,marking  ] GC(5) Concurrent Mark From Roots 3,366ms
[2024-12-03T10:48:13.722+0300][gc,marking  ] GC(5) Concurrent Preclean
[2024-12-03T10:48:13.722+0300][gc,marking  ] GC(5) Concurrent Preclean 0,029ms
[2024-12-03T10:48:13.722+0300][gc,start    ] GC(5) Pause Remark
[2024-12-03T10:48:13.723+0300][gc          ] GC(5) Pause Remark 145M->145M(1024M) 0,799ms
[2024-12-03T10:48:13.723+0300][gc,cpu      ] GC(5) User=0,00s Sys=0,00s Real=0,00s
[2024-12-03T10:48:13.723+0300][gc,marking  ] GC(5) Concurrent Mark 4,356ms
[2024-12-03T10:48:13.723+0300][gc,marking  ] GC(5) Concurrent Rebuild Remembered Sets
[2024-12-03T10:48:13.727+0300][gc,marking  ] GC(5) Concurrent Rebuild Remembered Sets 3,999ms
[2024-12-03T10:48:13.727+0300][gc,start    ] GC(5) Pause Cleanup
[2024-12-03T10:48:13.727+0300][gc          ] GC(5) Pause Cleanup 146M->146M(1024M) 0,060ms
[2024-12-03T10:48:13.727+0300][gc,cpu      ] GC(5) User=0,00s Sys=0,00s Real=0,00s
[2024-12-03T10:48:13.727+0300][gc,marking  ] GC(5) Concurrent Cleanup for Next Mark
[2024-12-03T10:48:13.728+0300][gc,marking  ] GC(5) Concurrent Cleanup for Next Mark 1,245ms
[2024-12-03T10:48:13.728+0300][gc          ] GC(5) Concurrent Mark Cycle 12,189ms
[2024-12-03T11:05:37.561+0300][gc,start    ] GC(6) Pause Young (Normal) (G1 Evacuation Pause)
[2024-12-03T11:05:37.562+0300][gc,task     ] GC(6) Using 8 workers of 8 for evacuation
[2024-12-03T11:05:37.568+0300][gc,phases   ] GC(6)   Pre Evacuate Collection Set: 0,3ms
[2024-12-03T11:05:37.568+0300][gc,phases   ] GC(6)   Merge Heap Roots: 0,1ms
[2024-12-03T11:05:37.568+0300][gc,phases   ] GC(6)   Evacuate Collection Set: 5,7ms
[2024-12-03T11:05:37.568+0300][gc,phases   ] GC(6)   Post Evacuate Collection Set: 0,3ms
[2024-12-03T11:05:37.568+0300][gc,phases   ] GC(6)   Other: 0,1ms
[2024-12-03T11:05:37.568+0300][gc,heap     ] GC(6) Eden regions: 49->0(48)
[2024-12-03T11:05:37.568+0300][gc,heap     ] GC(6) Survivor regions: 2->3(7)
[2024-12-03T11:05:37.568+0300][gc,heap     ] GC(6) Old regions: 14->14
[2024-12-03T11:05:37.568+0300][gc,heap     ] GC(6) Archive regions: 2->2
[2024-12-03T11:05:37.568+0300][gc,heap     ] GC(6) Humongous regions: 133->129
[2024-12-03T11:05:37.568+0300][gc,metaspace] GC(6) Metaspace: 40362K(40896K)->40362K(40896K) NonClass: 35414K(35712K)->35414K(35712K) Class: 4948K(5184K)->4948K(5184K)
[2024-12-03T11:05:37.568+0300][gc          ] GC(6) Pause Young (Normal) (G1 Evacuation Pause) 197M->145M(1024M) 6,849ms
[2024-12-03T11:05:37.568+0300][gc,cpu      ] GC(6) User=0,01s Sys=0,03s Real=0,00s
[2024-12-03T11:05:40.926+0300][gc,start    ] GC(7) Pause Young (Normal) (G1 Evacuation Pause)
[2024-12-03T11:05:40.927+0300][gc,task     ] GC(7) Using 8 workers of 8 for evacuation
[2024-12-03T11:05:40.935+0300][gc,phases   ] GC(7)   Pre Evacuate Collection Set: 0,2ms
[2024-12-03T11:05:40.935+0300][gc,phases   ] GC(7)   Merge Heap Roots: 0,1ms
[2024-12-03T11:05:40.935+0300][gc,phases   ] GC(7)   Evacuate Collection Set: 6,4ms
[2024-12-03T11:05:40.935+0300][gc,phases   ] GC(7)   Post Evacuate Collection Set: 0,9ms
[2024-12-03T11:05:40.935+0300][gc,phases   ] GC(7)   Other: 0,1ms
[2024-12-03T11:05:40.935+0300][gc,heap     ] GC(7) Eden regions: 48->0(48)
[2024-12-03T11:05:40.935+0300][gc,heap     ] GC(7) Survivor regions: 3->3(7)
[2024-12-03T11:05:40.935+0300][gc,heap     ] GC(7) Old regions: 14->14
[2024-12-03T11:05:40.935+0300][gc,heap     ] GC(7) Archive regions: 2->2
[2024-12-03T11:05:40.935+0300][gc,heap     ] GC(7) Humongous regions: 129->129
[2024-12-03T11:05:40.935+0300][gc,metaspace] GC(7) Metaspace: 40916K(41408K)->40916K(41408K) NonClass: 35967K(36224K)->35967K(36224K) Class: 4949K(5184K)->4949K(5184K)
[2024-12-03T11:05:40.935+0300][gc          ] GC(7) Pause Young (Normal) (G1 Evacuation Pause) 193M->145M(1024M) 8,417ms
[2024-12-03T11:05:40.935+0300][gc,cpu      ] GC(7) User=0,02s Sys=0,00s Real=0,01s
[2024-12-03T11:05:44.368+0300][gc,start    ] GC(8) Pause Young (Normal) (G1 Evacuation Pause)
[2024-12-03T11:05:44.368+0300][gc,task     ] GC(8) Using 8 workers of 8 for evacuation
[2024-12-03T11:05:44.373+0300][gc,phases   ] GC(8)   Pre Evacuate Collection Set: 0,2ms
[2024-12-03T11:05:44.373+0300][gc,phases   ] GC(8)   Merge Heap Roots: 0,1ms
[2024-12-03T11:05:44.373+0300][gc,phases   ] GC(8)   Evacuate Collection Set: 4,0ms
[2024-12-03T11:05:44.373+0300][gc,phases   ] GC(8)   Post Evacuate Collection Set: 0,4ms
[2024-12-03T11:05:44.373+0300][gc,phases   ] GC(8)   Other: 0,1ms
[2024-12-03T11:05:44.373+0300][gc,heap     ] GC(8) Eden regions: 48->0(55)
[2024-12-03T11:05:44.373+0300][gc,heap     ] GC(8) Survivor regions: 3->3(7)
[2024-12-03T11:05:44.373+0300][gc,heap     ] GC(8) Old regions: 14->14
[2024-12-03T11:05:44.373+0300][gc,heap     ] GC(8) Archive regions: 2->2
[2024-12-03T11:05:44.373+0300][gc,heap     ] GC(8) Humongous regions: 129->129
[2024-12-03T11:05:44.373+0300][gc,metaspace] GC(8) Metaspace: 40952K(41408K)->40952K(41408K) NonClass: 36003K(36224K)->36003K(36224K) Class: 4949K(5184K)->4949K(5184K)
[2024-12-03T11:05:44.373+0300][gc          ] GC(8) Pause Young (Normal) (G1 Evacuation Pause) 193M->145M(1024M) 5,311ms
[2024-12-03T11:05:44.373+0300][gc,cpu      ] GC(8) User=0,01s Sys=0,00s Real=0,01s
[2024-12-03T11:05:48.380+0300][gc,start    ] GC(9) Pause Young (Normal) (G1 Evacuation Pause)
[2024-12-03T11:05:48.380+0300][gc,task     ] GC(9) Using 8 workers of 8 for evacuation
[2024-12-03T11:05:48.389+0300][gc,phases   ] GC(9)   Pre Evacuate Collection Set: 0,2ms
[2024-12-03T11:05:48.389+0300][gc,phases   ] GC(9)   Merge Heap Roots: 0,1ms
[2024-12-03T11:05:48.389+0300][gc,phases   ] GC(9)   Evacuate Collection Set: 7,2ms
[2024-12-03T11:05:48.389+0300][gc,phases   ] GC(9)   Post Evacuate Collection Set: 0,6ms
[2024-12-03T11:05:48.389+0300][gc,phases   ] GC(9)   Other: 0,1ms
[2024-12-03T11:05:48.389+0300][gc,heap     ] GC(9) Eden regions: 55->0(196)
[2024-12-03T11:05:48.389+0300][gc,heap     ] GC(9) Survivor regions: 3->3(8)
[2024-12-03T11:05:48.389+0300][gc,heap     ] GC(9) Old regions: 14->14
[2024-12-03T11:05:48.389+0300][gc,heap     ] GC(9) Archive regions: 2->2
[2024-12-03T11:05:48.389+0300][gc,heap     ] GC(9) Humongous regions: 129->129
[2024-12-03T11:05:48.389+0300][gc,metaspace] GC(9) Metaspace: 40954K(41408K)->40954K(41408K) NonClass: 36005K(36224K)->36005K(36224K) Class: 4949K(5184K)->4949K(5184K)
[2024-12-03T11:05:48.389+0300][gc          ] GC(9) Pause Young (Normal) (G1 Evacuation Pause) 200M->145M(1024M) 8,601ms
[2024-12-03T11:05:48.389+0300][gc,cpu      ] GC(9) User=0,02s Sys=0,00s Real=0,00s
[2024-12-03T11:17:25.964+0300][gc,start    ] GC(10) Pause Young (Normal) (G1 Evacuation Pause)
[2024-12-03T11:17:25.965+0300][gc,task     ] GC(10) Using 8 workers of 8 for evacuation
[2024-12-03T11:17:26.002+0300][gc,mmu      ] GC(10) MMU target violated: 21,0ms (20,0ms/21,0ms)
[2024-12-03T11:17:26.002+0300][gc,phases   ] GC(10)   Pre Evacuate Collection Set: 0,6ms
[2024-12-03T11:17:26.002+0300][gc,phases   ] GC(10)   Merge Heap Roots: 0,3ms
[2024-12-03T11:17:26.002+0300][gc,phases   ] GC(10)   Evacuate Collection Set: 35,1ms
[2024-12-03T11:17:26.002+0300][gc,phases   ] GC(10)   Post Evacuate Collection Set: 0,6ms
[2024-12-03T11:17:26.002+0300][gc,phases   ] GC(10)   Other: 0,3ms
[2024-12-03T11:17:26.002+0300][gc,heap     ] GC(10) Eden regions: 196->0(42)
[2024-12-03T11:17:26.002+0300][gc,heap     ] GC(10) Survivor regions: 3->9(25)
[2024-12-03T11:17:26.002+0300][gc,heap     ] GC(10) Old regions: 14->14
[2024-12-03T11:17:26.002+0300][gc,heap     ] GC(10) Archive regions: 2->2
[2024-12-03T11:17:26.002+0300][gc,heap     ] GC(10) Humongous regions: 129->129
[2024-12-03T11:17:26.002+0300][gc,metaspace] GC(10) Metaspace: 43693K(44288K)->43693K(44288K) NonClass: 38406K(38720K)->38406K(38720K) Class: 5287K(5568K)->5287K(5568K)
[2024-12-03T11:17:26.002+0300][gc          ] GC(10) Pause Young (Normal) (G1 Evacuation Pause) 341M->151M(1024M) 37,412ms
[2024-12-03T11:17:26.002+0300][gc,cpu      ] GC(10) User=0,04s Sys=0,07s Real=0,04s
[2024-12-03T11:17:48.933+0300][gc,start    ] GC(11) Pause Young (Normal) (G1 Evacuation Pause)
[2024-12-03T11:17:48.934+0300][gc,task     ] GC(11) Using 8 workers of 8 for evacuation
[2024-12-03T11:17:48.946+0300][gc,phases   ] GC(11)   Pre Evacuate Collection Set: 0,3ms
[2024-12-03T11:17:48.947+0300][gc,phases   ] GC(11)   Merge Heap Roots: 0,2ms
[2024-12-03T11:17:48.947+0300][gc,phases   ] GC(11)   Evacuate Collection Set: 11,8ms
[2024-12-03T11:17:48.947+0300][gc,phases   ] GC(11)   Post Evacuate Collection Set: 0,4ms
[2024-12-03T11:17:48.947+0300][gc,phases   ] GC(11)   Other: 0,1ms
[2024-12-03T11:17:48.947+0300][gc,heap     ] GC(11) Eden regions: 42->0(80)
[2024-12-03T11:17:48.947+0300][gc,heap     ] GC(11) Survivor regions: 9->2(7)
[2024-12-03T11:17:48.947+0300][gc,heap     ] GC(11) Old regions: 14->21
[2024-12-03T11:17:48.947+0300][gc,heap     ] GC(11) Archive regions: 2->2
[2024-12-03T11:17:48.947+0300][gc,heap     ] GC(11) Humongous regions: 129->129
[2024-12-03T11:17:48.947+0300][gc,metaspace] GC(11) Metaspace: 43697K(44352K)->43697K(44352K) NonClass: 38410K(38784K)->38410K(38784K) Class: 5287K(5568K)->5287K(5568K)
[2024-12-03T11:17:48.947+0300][gc          ] GC(11) Pause Young (Normal) (G1 Evacuation Pause) 193M->152M(1024M) 13,286ms
[2024-12-03T11:17:48.947+0300][gc,cpu      ] GC(11) User=0,03s Sys=0,01s Real=0,01s
[2024-12-03T11:18:38.228+0300][gc,start    ] GC(12) Pause Young (Normal) (G1 Evacuation Pause)
[2024-12-03T11:18:38.229+0300][gc,task     ] GC(12) Using 8 workers of 8 for evacuation
[2024-12-03T11:18:38.238+0300][gc,phases   ] GC(12)   Pre Evacuate Collection Set: 0,5ms
[2024-12-03T11:18:38.238+0300][gc,phases   ] GC(12)   Merge Heap Roots: 0,2ms
[2024-12-03T11:18:38.238+0300][gc,phases   ] GC(12)   Evacuate Collection Set: 7,5ms
[2024-12-03T11:18:38.238+0300][gc,phases   ] GC(12)   Post Evacuate Collection Set: 0,5ms
[2024-12-03T11:18:38.238+0300][gc,phases   ] GC(12)   Other: 0,2ms
[2024-12-03T11:18:38.238+0300][gc,heap     ] GC(12) Eden regions: 80->0(86)
[2024-12-03T11:18:38.238+0300][gc,heap     ] GC(12) Survivor regions: 2->3(11)
[2024-12-03T11:18:38.238+0300][gc,heap     ] GC(12) Old regions: 21->21
[2024-12-03T11:18:38.238+0300][gc,heap     ] GC(12) Archive regions: 2->2
[2024-12-03T11:18:38.238+0300][gc,heap     ] GC(12) Humongous regions: 129->129
[2024-12-03T11:18:38.238+0300][gc,metaspace] GC(12) Metaspace: 43768K(44352K)->43768K(44352K) NonClass: 38465K(38784K)->38465K(38784K) Class: 5303K(5568K)->5303K(5568K)
[2024-12-03T11:18:38.238+0300][gc          ] GC(12) Pause Young (Normal) (G1 Evacuation Pause) 232M->153M(1024M) 9,835ms
[2024-12-03T11:18:38.238+0300][gc,cpu      ] GC(12) User=0,02s Sys=0,01s Real=0,01s
[2024-12-03T11:19:31.695+0300][gc,start    ] GC(13) Pause Young (Normal) (G1 Evacuation Pause)
[2024-12-03T11:19:31.696+0300][gc,task     ] GC(13) Using 8 workers of 8 for evacuation
[2024-12-03T11:19:31.709+0300][gc,phases   ] GC(13)   Pre Evacuate Collection Set: 0,9ms
[2024-12-03T11:19:31.709+0300][gc,phases   ] GC(13)   Merge Heap Roots: 0,3ms
[2024-12-03T11:19:31.709+0300][gc,phases   ] GC(13)   Evacuate Collection Set: 10,9ms
[2024-12-03T11:19:31.709+0300][gc,phases   ] GC(13)   Post Evacuate Collection Set: 0,7ms
[2024-12-03T11:19:31.709+0300][gc,phases   ] GC(13)   Other: 0,3ms
[2024-12-03T11:19:31.709+0300][gc,heap     ] GC(13) Eden regions: 86->0(79)
[2024-12-03T11:19:31.709+0300][gc,heap     ] GC(13) Survivor regions: 3->5(12)
[2024-12-03T11:19:31.709+0300][gc,heap     ] GC(13) Old regions: 21->21
[2024-12-03T11:19:31.709+0300][gc,heap     ] GC(13) Archive regions: 2->2
[2024-12-03T11:19:31.709+0300][gc,heap     ] GC(13) Humongous regions: 129->129
[2024-12-03T11:19:31.709+0300][gc,metaspace] GC(13) Metaspace: 43779K(44416K)->43779K(44416K) NonClass: 38476K(38848K)->38476K(38848K) Class: 5303K(5568K)->5303K(5568K)
[2024-12-03T11:19:31.709+0300][gc          ] GC(13) Pause Young (Normal) (G1 Evacuation Pause) 239M->155M(1024M) 14,043ms
[2024-12-03T11:19:31.709+0300][gc,cpu      ] GC(13) User=0,03s Sys=0,02s Real=0,01s
[2024-12-03T11:20:20.050+0300][gc,start    ] GC(14) Pause Young (Normal) (G1 Evacuation Pause)
[2024-12-03T11:20:20.050+0300][gc,task     ] GC(14) Using 8 workers of 8 for evacuation
[2024-12-03T11:20:20.074+0300][gc,mmu      ] GC(14) MMU target violated: 21,0ms (20,0ms/21,0ms)
[2024-12-03T11:20:20.074+0300][gc,phases   ] GC(14)   Pre Evacuate Collection Set: 3,3ms
[2024-12-03T11:20:20.074+0300][gc,phases   ] GC(14)   Merge Heap Roots: 1,2ms
[2024-12-03T11:20:20.074+0300][gc,phases   ] GC(14)   Evacuate Collection Set: 18,7ms
[2024-12-03T11:20:20.074+0300][gc,phases   ] GC(14)   Post Evacuate Collection Set: 0,5ms
[2024-12-03T11:20:20.074+0300][gc,phases   ] GC(14)   Other: 0,5ms
[2024-12-03T11:20:20.074+0300][gc,heap     ] GC(14) Eden regions: 79->0(47)
[2024-12-03T11:20:20.074+0300][gc,heap     ] GC(14) Survivor regions: 5->6(11)
[2024-12-03T11:20:20.074+0300][gc,heap     ] GC(14) Old regions: 21->21
[2024-12-03T11:20:20.074+0300][gc,heap     ] GC(14) Archive regions: 2->2
[2024-12-03T11:20:20.074+0300][gc,heap     ] GC(14) Humongous regions: 129->129
[2024-12-03T11:20:20.074+0300][gc,metaspace] GC(14) Metaspace: 43782K(44416K)->43782K(44416K) NonClass: 38478K(38848K)->38478K(38848K) Class: 5303K(5568K)->5303K(5568K)
[2024-12-03T11:20:20.074+0300][gc          ] GC(14) Pause Young (Normal) (G1 Evacuation Pause) 234M->156M(1024M) 24,670ms
[2024-12-03T11:20:20.074+0300][gc,cpu      ] GC(14) User=0,03s Sys=0,03s Real=0,02s
[2024-12-03T11:20:49.768+0300][gc,start    ] GC(15) Pause Young (Normal) (G1 Evacuation Pause)
[2024-12-03T11:20:49.768+0300][gc,task     ] GC(15) Using 8 workers of 8 for evacuation
[2024-12-03T11:20:49.783+0300][gc,phases   ] GC(15)   Pre Evacuate Collection Set: 0,6ms
[2024-12-03T11:20:49.783+0300][gc,phases   ] GC(15)   Merge Heap Roots: 0,3ms
[2024-12-03T11:20:49.783+0300][gc,phases   ] GC(15)   Evacuate Collection Set: 12,3ms
[2024-12-03T11:20:49.783+0300][gc,phases   ] GC(15)   Post Evacuate Collection Set: 0,6ms
[2024-12-03T11:20:49.783+0300][gc,phases   ] GC(15)   Other: 0,3ms
[2024-12-03T11:20:49.783+0300][gc,heap     ] GC(15) Eden regions: 47->0(89)
[2024-12-03T11:20:49.783+0300][gc,heap     ] GC(15) Survivor regions: 6->5(7)
[2024-12-03T11:20:49.783+0300][gc,heap     ] GC(15) Old regions: 21->24
[2024-12-03T11:20:49.783+0300][gc,heap     ] GC(15) Archive regions: 2->2
[2024-12-03T11:20:49.783+0300][gc,heap     ] GC(15) Humongous regions: 129->129
[2024-12-03T11:20:49.783+0300][gc,metaspace] GC(15) Metaspace: 43784K(44416K)->43784K(44416K) NonClass: 38480K(38848K)->38480K(38848K) Class: 5303K(5568K)->5303K(5568K)
[2024-12-03T11:20:49.783+0300][gc          ] GC(15) Pause Young (Normal) (G1 Evacuation Pause) 203M->157M(1024M) 15,014ms
[2024-12-03T11:20:49.783+0300][gc,cpu      ] GC(15) User=0,04s Sys=0,01s Real=0,02s
[2024-12-03T11:21:39.959+0300][gc,start    ] GC(16) Pause Young (Normal) (G1 Evacuation Pause)
[2024-12-03T11:21:39.959+0300][gc,task     ] GC(16) Using 8 workers of 8 for evacuation
[2024-12-03T11:21:39.973+0300][gc,phases   ] GC(16)   Pre Evacuate Collection Set: 0,4ms
[2024-12-03T11:21:39.973+0300][gc,phases   ] GC(16)   Merge Heap Roots: 0,2ms
[2024-12-03T11:21:39.973+0300][gc,phases   ] GC(16)   Evacuate Collection Set: 12,5ms
[2024-12-03T11:21:39.973+0300][gc,phases   ] GC(16)   Post Evacuate Collection Set: 0,6ms
[2024-12-03T11:21:39.973+0300][gc,phases   ] GC(16)   Other: 0,2ms
[2024-12-03T11:21:39.974+0300][gc,heap     ] GC(16) Eden regions: 80->0(94)
[2024-12-03T11:21:39.974+0300][gc,heap     ] GC(16) Survivor regions: 5->6(11)
[2024-12-03T11:21:39.974+0300][gc,heap     ] GC(16) Old regions: 24->24
[2024-12-03T11:21:39.974+0300][gc,heap     ] GC(16) Archive regions: 2->2
[2024-12-03T11:21:39.974+0300][gc,heap     ] GC(16) Humongous regions: 129->129
[2024-12-03T11:21:39.974+0300][gc,metaspace] GC(16) Metaspace: 43786K(44416K)->43786K(44416K) NonClass: 38482K(38848K)->38482K(38848K) Class: 5303K(5568K)->5303K(5568K)
[2024-12-03T11:21:39.974+0300][gc          ] GC(16) Pause Young (Normal) (G1 Evacuation Pause) 237M->158M(1024M) 14,778ms
[2024-12-03T11:21:39.974+0300][gc,cpu      ] GC(16) User=0,04s Sys=0,01s Real=0,02s
[2024-12-03T11:22:35.687+0300][gc,start    ] GC(17) Pause Young (Normal) (G1 Evacuation Pause)
[2024-12-03T11:22:35.688+0300][gc,task     ] GC(17) Using 8 workers of 8 for evacuation
[2024-12-03T11:22:35.710+0300][gc,mmu      ] GC(17) MMU target violated: 21,0ms (20,0ms/21,0ms)
[2024-12-03T11:22:35.710+0300][gc,phases   ] GC(17)   Pre Evacuate Collection Set: 0,7ms
[2024-12-03T11:22:35.710+0300][gc,phases   ] GC(17)   Merge Heap Roots: 0,3ms
[2024-12-03T11:22:35.710+0300][gc,phases   ] GC(17)   Evacuate Collection Set: 20,0ms
[2024-12-03T11:22:35.710+0300][gc,phases   ] GC(17)   Post Evacuate Collection Set: 0,6ms
[2024-12-03T11:22:35.710+0300][gc,phases   ] GC(17)   Other: 0,4ms
[2024-12-03T11:22:35.710+0300][gc,heap     ] GC(17) Eden regions: 90->0(58)
[2024-12-03T11:22:35.710+0300][gc,heap     ] GC(17) Survivor regions: 6->7(12)
[2024-12-03T11:22:35.710+0300][gc,heap     ] GC(17) Old regions: 24->24
[2024-12-03T11:22:35.710+0300][gc,heap     ] GC(17) Archive regions: 2->2
[2024-12-03T11:22:35.710+0300][gc,heap     ] GC(17) Humongous regions: 129->129
[2024-12-03T11:22:35.710+0300][gc,metaspace] GC(17) Metaspace: 43809K(44416K)->43809K(44416K) NonClass: 38505K(38848K)->38505K(38848K) Class: 5303K(5568K)->5303K(5568K)
[2024-12-03T11:22:35.710+0300][gc          ] GC(17) Pause Young (Normal) (G1 Evacuation Pause) 248M->160M(1024M) 22,705ms
[2024-12-03T11:22:35.710+0300][gc,cpu      ] GC(17) User=0,04s Sys=0,03s Real=0,03s
[2024-12-03T11:23:11.349+0300][gc,start    ] GC(18) Pause Young (Normal) (G1 Evacuation Pause)
[2024-12-03T11:23:11.350+0300][gc,task     ] GC(18) Using 8 workers of 8 for evacuation
[2024-12-03T11:23:11.366+0300][gc,phases   ] GC(18)   Pre Evacuate Collection Set: 0,5ms
[2024-12-03T11:23:11.366+0300][gc,phases   ] GC(18)   Merge Heap Roots: 0,3ms
[2024-12-03T11:23:11.366+0300][gc,phases   ] GC(18)   Evacuate Collection Set: 14,9ms
[2024-12-03T11:23:11.366+0300][gc,phases   ] GC(18)   Post Evacuate Collection Set: 0,6ms
[2024-12-03T11:23:11.366+0300][gc,phases   ] GC(18)   Other: 0,3ms
[2024-12-03T11:23:11.366+0300][gc,heap     ] GC(18) Eden regions: 58->0(133)
[2024-12-03T11:23:11.366+0300][gc,heap     ] GC(18) Survivor regions: 7->6(9)
[2024-12-03T11:23:11.366+0300][gc,heap     ] GC(18) Old regions: 24->27
[2024-12-03T11:23:11.366+0300][gc,heap     ] GC(18) Archive regions: 2->2
[2024-12-03T11:23:11.366+0300][gc,heap     ] GC(18) Humongous regions: 129->129
[2024-12-03T11:23:11.366+0300][gc,metaspace] GC(18) Metaspace: 43809K(44416K)->43809K(44416K) NonClass: 38505K(38848K)->38505K(38848K) Class: 5303K(5568K)->5303K(5568K)
[2024-12-03T11:23:11.366+0300][gc          ] GC(18) Pause Young (Normal) (G1 Evacuation Pause) 218M->161M(1024M) 17,218ms
[2024-12-03T11:23:11.366+0300][gc,cpu      ] GC(18) User=0,04s Sys=0,02s Real=0,02s
[2024-12-03T11:24:22.803+0300][gc,start    ] GC(19) Pause Young (Normal) (G1 Evacuation Pause)
[2024-12-03T11:24:22.804+0300][gc,task     ] GC(19) Using 8 workers of 8 for evacuation
[2024-12-03T11:24:22.825+0300][gc,mmu      ] GC(19) MMU target violated: 20,3ms (20,0ms/21,0ms)
[2024-12-03T11:24:22.825+0300][gc,phases   ] GC(19)   Pre Evacuate Collection Set: 1,0ms
[2024-12-03T11:24:22.825+0300][gc,phases   ] GC(19)   Merge Heap Roots: 0,5ms
[2024-12-03T11:24:22.825+0300][gc,phases   ] GC(19)   Evacuate Collection Set: 17,7ms
[2024-12-03T11:24:22.825+0300][gc,phases   ] GC(19)   Post Evacuate Collection Set: 0,7ms
[2024-12-03T11:24:22.825+0300][gc,phases   ] GC(19)   Other: 0,7ms
[2024-12-03T11:24:22.825+0300][gc,heap     ] GC(19) Eden regions: 115->0(72)
[2024-12-03T11:24:22.825+0300][gc,heap     ] GC(19) Survivor regions: 6->7(16)
[2024-12-03T11:24:22.825+0300][gc,heap     ] GC(19) Old regions: 27->27
[2024-12-03T11:24:22.825+0300][gc,heap     ] GC(19) Archive regions: 2->2
[2024-12-03T11:24:22.825+0300][gc,heap     ] GC(19) Humongous regions: 129->129
[2024-12-03T11:24:22.825+0300][gc,metaspace] GC(19) Metaspace: 43812K(44416K)->43812K(44416K) NonClass: 38509K(38848K)->38509K(38848K) Class: 5303K(5568K)->5303K(5568K)
[2024-12-03T11:24:22.825+0300][gc          ] GC(19) Pause Young (Normal) (G1 Evacuation Pause) 276M->163M(1024M) 21,685ms
[2024-12-03T11:24:22.825+0300][gc,cpu      ] GC(19) User=0,04s Sys=0,03s Real=0,02s
[2024-12-03T11:25:07.072+0300][gc,start    ] GC(20) Pause Young (Normal) (G1 Evacuation Pause)
[2024-12-03T11:25:07.074+0300][gc,task     ] GC(20) Using 8 workers of 8 for evacuation
[2024-12-03T11:25:07.093+0300][gc,phases   ] GC(20)   Pre Evacuate Collection Set: 0,7ms
[2024-12-03T11:25:07.093+0300][gc,phases   ] GC(20)   Merge Heap Roots: 0,4ms
[2024-12-03T11:25:07.093+0300][gc,phases   ] GC(20)   Evacuate Collection Set: 15,6ms
[2024-12-03T11:25:07.093+0300][gc,phases   ] GC(20)   Post Evacuate Collection Set: 1,8ms
[2024-12-03T11:25:07.093+0300][gc,phases   ] GC(20)   Other: 0,4ms
[2024-12-03T11:25:07.093+0300][gc,heap     ] GC(20) Eden regions: 72->0(139)
[2024-12-03T11:25:07.093+0300][gc,heap     ] GC(20) Survivor regions: 7->6(10)
[2024-12-03T11:25:07.093+0300][gc,heap     ] GC(20) Old regions: 27->29
[2024-12-03T11:25:07.093+0300][gc,heap     ] GC(20) Archive regions: 2->2
[2024-12-03T11:25:07.093+0300][gc,heap     ] GC(20) Humongous regions: 129->129
[2024-12-03T11:25:07.093+0300][gc,metaspace] GC(20) Metaspace: 43813K(44416K)->43813K(44416K) NonClass: 38509K(38848K)->38509K(38848K) Class: 5303K(5568K)->5303K(5568K)
[2024-12-03T11:25:07.093+0300][gc          ] GC(20) Pause Young (Normal) (G1 Evacuation Pause) 235M->164M(1024M) 20,952ms
[2024-12-03T11:25:07.093+0300][gc,cpu      ] GC(20) User=0,04s Sys=0,02s Real=0,02s
[2024-12-03T11:50:46.871+0300][gc,start    ] GC(21) Pause Young (Normal) (G1 Evacuation Pause)
[2024-12-03T11:50:46.873+0300][gc,task     ] GC(21) Using 8 workers of 8 for evacuation
[2024-12-03T11:50:46.908+0300][gc,mmu      ] GC(21) MMU target violated: 21,0ms (20,0ms/21,0ms)
[2024-12-03T11:50:46.908+0300][gc,phases   ] GC(21)   Pre Evacuate Collection Set: 0,8ms
[2024-12-03T11:50:46.908+0300][gc,phases   ] GC(21)   Merge Heap Roots: 0,8ms
[2024-12-03T11:50:46.908+0300][gc,phases   ] GC(21)   Evacuate Collection Set: 32,7ms
[2024-12-03T11:50:46.908+0300][gc,phases   ] GC(21)   Post Evacuate Collection Set: 0,5ms
[2024-12-03T11:50:46.908+0300][gc,phases   ] GC(21)   Other: 0,2ms
[2024-12-03T11:50:46.908+0300][gc,heap     ] GC(21) Eden regions: 127->0(39)
[2024-12-03T11:50:46.908+0300][gc,heap     ] GC(21) Survivor regions: 6->12(17)
[2024-12-03T11:50:46.908+0300][gc,heap     ] GC(21) Old regions: 29->29
[2024-12-03T11:50:46.908+0300][gc,heap     ] GC(21) Archive regions: 2->2
[2024-12-03T11:50:46.908+0300][gc,heap     ] GC(21) Humongous regions: 129->129
[2024-12-03T11:50:46.908+0300][gc,metaspace] GC(21) Metaspace: 43852K(44480K)->43852K(44480K) NonClass: 38537K(38848K)->38537K(38848K) Class: 5314K(5632K)->5314K(5632K)
[2024-12-03T11:50:46.908+0300][gc          ] GC(21) Pause Young (Normal) (G1 Evacuation Pause) 291M->169M(1024M) 36,805ms
[2024-12-03T11:50:46.908+0300][gc,cpu      ] GC(21) User=0,06s Sys=0,08s Real=0,03s
[2024-12-03T11:51:10.306+0300][gc,start    ] GC(22) Pause Young (Normal) (G1 Evacuation Pause)
[2024-12-03T11:51:10.307+0300][gc,task     ] GC(22) Using 8 workers of 8 for evacuation
[2024-12-03T11:51:10.324+0300][gc,phases   ] GC(22)   Pre Evacuate Collection Set: 0,4ms
[2024-12-03T11:51:10.324+0300][gc,phases   ] GC(22)   Merge Heap Roots: 0,2ms
[2024-12-03T11:51:10.324+0300][gc,phases   ] GC(22)   Evacuate Collection Set: 15,2ms
[2024-12-03T11:51:10.324+0300][gc,phases   ] GC(22)   Post Evacuate Collection Set: 0,3ms
[2024-12-03T11:51:10.324+0300][gc,phases   ] GC(22)   Other: 0,3ms
[2024-12-03T11:51:10.324+0300][gc,heap     ] GC(22) Eden regions: 39->0(117)
[2024-12-03T11:51:10.324+0300][gc,heap     ] GC(22) Survivor regions: 12->3(7)
[2024-12-03T11:51:10.324+0300][gc,heap     ] GC(22) Old regions: 29->40
[2024-12-03T11:51:10.324+0300][gc,heap     ] GC(22) Archive regions: 2->2
[2024-12-03T11:51:10.324+0300][gc,heap     ] GC(22) Humongous regions: 129->129
[2024-12-03T11:51:10.324+0300][gc,metaspace] GC(22) Metaspace: 43852K(44480K)->43852K(44480K) NonClass: 38537K(38848K)->38537K(38848K) Class: 5314K(5632K)->5314K(5632K)
[2024-12-03T11:51:10.324+0300][gc          ] GC(22) Pause Young (Normal) (G1 Evacuation Pause) 208M->171M(1024M) 17,827ms
[2024-12-03T11:51:10.324+0300][gc,cpu      ] GC(22) User=0,05s Sys=0,01s Real=0,02s
[2024-12-03T11:52:21.828+0300][gc,start    ] GC(23) Pause Young (Normal) (G1 Evacuation Pause)
[2024-12-03T11:52:21.829+0300][gc,task     ] GC(23) Using 8 workers of 8 for evacuation
[2024-12-03T11:52:21.842+0300][gc,phases   ] GC(23)   Pre Evacuate Collection Set: 0,8ms
[2024-12-03T11:52:21.842+0300][gc,phases   ] GC(23)   Merge Heap Roots: 0,2ms
[2024-12-03T11:52:21.842+0300][gc,phases   ] GC(23)   Evacuate Collection Set: 11,5ms
[2024-12-03T11:52:21.842+0300][gc,phases   ] GC(23)   Post Evacuate Collection Set: 0,6ms
[2024-12-03T11:52:21.842+0300][gc,phases   ] GC(23)   Other: 0,5ms
[2024-12-03T11:52:21.842+0300][gc,heap     ] GC(23) Eden regions: 117->0(100)
[2024-12-03T11:52:21.842+0300][gc,heap     ] GC(23) Survivor regions: 3->5(15)
[2024-12-03T11:52:21.842+0300][gc,heap     ] GC(23) Old regions: 40->40
[2024-12-03T11:52:21.842+0300][gc,heap     ] GC(23) Archive regions: 2->2
[2024-12-03T11:52:21.842+0300][gc,heap     ] GC(23) Humongous regions: 129->129
[2024-12-03T11:52:21.842+0300][gc,metaspace] GC(23) Metaspace: 43852K(44480K)->43852K(44480K) NonClass: 38537K(38848K)->38537K(38848K) Class: 5314K(5632K)->5314K(5632K)
[2024-12-03T11:52:21.843+0300][gc          ] GC(23) Pause Young (Normal) (G1 Evacuation Pause) 288M->174M(1024M) 14,806ms
[2024-12-03T11:52:21.843+0300][gc,cpu      ] GC(23) User=0,04s Sys=0,02s Real=0,02s
[2024-12-03T11:53:23.760+0300][gc,start    ] GC(24) Pause Young (Normal) (G1 Evacuation Pause)
[2024-12-03T11:53:23.761+0300][gc,task     ] GC(24) Using 8 workers of 8 for evacuation
[2024-12-03T11:53:23.779+0300][gc,phases   ] GC(24)   Pre Evacuate Collection Set: 0,9ms
[2024-12-03T11:53:23.779+0300][gc,phases   ] GC(24)   Merge Heap Roots: 0,3ms
[2024-12-03T11:53:23.779+0300][gc,phases   ] GC(24)   Evacuate Collection Set: 16,1ms
[2024-12-03T11:53:23.779+0300][gc,phases   ] GC(24)   Post Evacuate Collection Set: 0,6ms
[2024-12-03T11:53:23.779+0300][gc,phases   ] GC(24)   Other: 0,4ms
[2024-12-03T11:53:23.779+0300][gc,heap     ] GC(24) Eden regions: 100->0(65)
[2024-12-03T11:53:23.779+0300][gc,heap     ] GC(24) Survivor regions: 5->7(14)
[2024-12-03T11:53:23.779+0300][gc,heap     ] GC(24) Old regions: 40->40
[2024-12-03T11:53:23.779+0300][gc,heap     ] GC(24) Archive regions: 2->2
[2024-12-03T11:53:23.779+0300][gc,heap     ] GC(24) Humongous regions: 129->129
[2024-12-03T11:53:23.779+0300][gc,metaspace] GC(24) Metaspace: 43866K(44544K)->43866K(44544K) NonClass: 38551K(38912K)->38551K(38912K) Class: 5314K(5632K)->5314K(5632K)
[2024-12-03T11:53:23.779+0300][gc          ] GC(24) Pause Young (Normal) (G1 Evacuation Pause) 274M->176M(1024M) 19,380ms
[2024-12-03T11:53:23.779+0300][gc,cpu      ] GC(24) User=0,04s Sys=0,03s Real=0,01s
[2024-12-03T11:54:03.953+0300][gc,start    ] GC(25) Pause Young (Normal) (G1 Evacuation Pause)
[2024-12-03T11:54:03.954+0300][gc,task     ] GC(25) Using 8 workers of 8 for evacuation
[2024-12-03T11:54:03.971+0300][gc,phases   ] GC(25)   Pre Evacuate Collection Set: 0,7ms
[2024-12-03T11:54:03.971+0300][gc,phases   ] GC(25)   Merge Heap Roots: 0,4ms
[2024-12-03T11:54:03.971+0300][gc,phases   ] GC(25)   Evacuate Collection Set: 14,7ms
[2024-12-03T11:54:03.971+0300][gc,phases   ] GC(25)   Post Evacuate Collection Set: 0,7ms
[2024-12-03T11:54:03.971+0300][gc,phases   ] GC(25)   Other: 0,4ms
[2024-12-03T11:54:03.971+0300][gc,heap     ] GC(25) Eden regions: 65->0(170)
[2024-12-03T11:54:03.971+0300][gc,heap     ] GC(25) Survivor regions: 7->4(9)
[2024-12-03T11:54:03.971+0300][gc,heap     ] GC(25) Old regions: 40->44
[2024-12-03T11:54:03.971+0300][gc,heap     ] GC(25) Archive regions: 2->2
[2024-12-03T11:54:03.971+0300][gc,heap     ] GC(25) Humongous regions: 129->129
[2024-12-03T11:54:03.971+0300][gc,metaspace] GC(25) Metaspace: 43879K(44544K)->43879K(44544K) NonClass: 38564K(38912K)->38564K(38912K) Class: 5314K(5632K)->5314K(5632K)
[2024-12-03T11:54:03.971+0300][gc          ] GC(25) Pause Young (Normal) (G1 Evacuation Pause) 241M->177M(1024M) 18,232ms
[2024-12-03T11:54:03.971+0300][gc,cpu      ] GC(25) User=0,04s Sys=0,02s Real=0,02s
[2024-12-03T11:55:50.598+0300][gc,start    ] GC(26) Pause Young (Normal) (G1 Evacuation Pause)
[2024-12-03T11:55:50.599+0300][gc,task     ] GC(26) Using 8 workers of 8 for evacuation
[2024-12-03T11:55:50.637+0300][gc,mmu      ] GC(26) MMU target violated: 21,0ms (20,0ms/21,0ms)
[2024-12-03T11:55:50.637+0300][gc,phases   ] GC(26)   Pre Evacuate Collection Set: 1,0ms
[2024-12-03T11:55:50.637+0300][gc,phases   ] GC(26)   Merge Heap Roots: 0,5ms
[2024-12-03T11:55:50.637+0300][gc,phases   ] GC(26)   Evacuate Collection Set: 34,9ms
[2024-12-03T11:55:50.637+0300][gc,phases   ] GC(26)   Post Evacuate Collection Set: 1,0ms
[2024-12-03T11:55:50.637+0300][gc,phases   ] GC(26)   Other: 0,5ms
[2024-12-03T11:55:50.637+0300][gc,heap     ] GC(26) Eden regions: 170->0(44)
[2024-12-03T11:55:50.637+0300][gc,heap     ] GC(26) Survivor regions: 4->7(22)
[2024-12-03T11:55:50.637+0300][gc,heap     ] GC(26) Old regions: 44->44
[2024-12-03T11:55:50.637+0300][gc,heap     ] GC(26) Archive regions: 2->2
[2024-12-03T11:55:50.637+0300][gc,heap     ] GC(26) Humongous regions: 129->129
[2024-12-03T11:55:50.637+0300][gc,metaspace] GC(26) Metaspace: 43884K(44544K)->43884K(44544K) NonClass: 38569K(38912K)->38569K(38912K) Class: 5314K(5632K)->5314K(5632K)
[2024-12-03T11:55:50.637+0300][gc          ] GC(26) Pause Young (Normal) (G1 Evacuation Pause) 347M->180M(1024M) 39,452ms
[2024-12-03T11:55:50.637+0300][gc,cpu      ] GC(26) User=0,04s Sys=0,06s Real=0,04s
[2024-12-03T11:56:17.223+0300][gc,start    ] GC(27) Pause Young (Normal) (G1 Evacuation Pause)
[2024-12-03T11:56:17.223+0300][gc,task     ] GC(27) Using 8 workers of 8 for evacuation
[2024-12-03T11:56:17.234+0300][gc,phases   ] GC(27)   Pre Evacuate Collection Set: 0,5ms
[2024-12-03T11:56:17.234+0300][gc,phases   ] GC(27)   Merge Heap Roots: 0,3ms
[2024-12-03T11:56:17.234+0300][gc,phases   ] GC(27)   Evacuate Collection Set: 9,1ms
[2024-12-03T11:56:17.234+0300][gc,phases   ] GC(27)   Post Evacuate Collection Set: 0,6ms
[2024-12-03T11:56:17.234+0300][gc,phases   ] GC(27)   Other: 0,3ms
[2024-12-03T11:56:17.234+0300][gc,heap     ] GC(27) Eden regions: 44->0(106)
[2024-12-03T11:56:17.234+0300][gc,heap     ] GC(27) Survivor regions: 7->4(7)
[2024-12-03T11:56:17.234+0300][gc,heap     ] GC(27) Old regions: 44->47
[2024-12-03T11:56:17.234+0300][gc,heap     ] GC(27) Archive regions: 2->2
[2024-12-03T11:56:17.234+0300][gc,heap     ] GC(27) Humongous regions: 129->129
[2024-12-03T11:56:17.234+0300][gc,metaspace] GC(27) Metaspace: 43903K(44544K)->43903K(44544K) NonClass: 38588K(38912K)->38588K(38912K) Class: 5314K(5632K)->5314K(5632K)
[2024-12-03T11:56:17.234+0300][gc          ] GC(27) Pause Young (Normal) (G1 Evacuation Pause) 224M->180M(1024M) 11,261ms
[2024-12-03T11:56:17.234+0300][gc,cpu      ] GC(27) User=0,02s Sys=0,02s Real=0,01s
[2024-12-03T11:57:19.620+0300][gc,start    ] GC(28) Pause Young (Normal) (G1 Evacuation Pause)
[2024-12-03T11:57:19.620+0300][gc,task     ] GC(28) Using 8 workers of 8 for evacuation
[2024-12-03T11:57:19.638+0300][gc,phases   ] GC(28)   Pre Evacuate Collection Set: 0,9ms
[2024-12-03T11:57:19.638+0300][gc,phases   ] GC(28)   Merge Heap Roots: 0,4ms
[2024-12-03T11:57:19.638+0300][gc,phases   ] GC(28)   Evacuate Collection Set: 16,0ms
[2024-12-03T11:57:19.638+0300][gc,phases   ] GC(28)   Post Evacuate Collection Set: 0,6ms
[2024-12-03T11:57:19.639+0300][gc,phases   ] GC(28)   Other: 0,4ms
[2024-12-03T11:57:19.639+0300][gc,heap     ] GC(28) Eden regions: 102->0(54)
[2024-12-03T11:57:19.639+0300][gc,heap     ] GC(28) Survivor regions: 4->6(14)
[2024-12-03T11:57:19.639+0300][gc,heap     ] GC(28) Old regions: 47->47
[2024-12-03T11:57:19.639+0300][gc,heap     ] GC(28) Archive regions: 2->2
[2024-12-03T11:57:19.639+0300][gc,heap     ] GC(28) Humongous regions: 129->129
[2024-12-03T11:57:19.639+0300][gc,metaspace] GC(28) Metaspace: 43905K(44544K)->43905K(44544K) NonClass: 38590K(38912K)->38590K(38912K) Class: 5314K(5632K)->5314K(5632K)
[2024-12-03T11:57:19.639+0300][gc          ] GC(28) Pause Young (Normal) (G1 Evacuation Pause) 282M->182M(1024M) 18,981ms
[2024-12-03T11:57:19.639+0300][gc,cpu      ] GC(28) User=0,04s Sys=0,03s Real=0,01s
[2024-12-03T11:57:51.328+0300][gc,start    ] GC(29) Pause Young (Normal) (G1 Evacuation Pause)
[2024-12-03T11:57:51.329+0300][gc,task     ] GC(29) Using 8 workers of 8 for evacuation
[2024-12-03T11:57:51.343+0300][gc,phases   ] GC(29)   Pre Evacuate Collection Set: 0,5ms
[2024-12-03T11:57:51.343+0300][gc,phases   ] GC(29)   Merge Heap Roots: 0,2ms
[2024-12-03T11:57:51.343+0300][gc,phases   ] GC(29)   Evacuate Collection Set: 12,8ms
[2024-12-03T11:57:51.343+0300][gc,phases   ] GC(29)   Post Evacuate Collection Set: 0,3ms
[2024-12-03T11:57:51.343+0300][gc,phases   ] GC(29)   Other: 0,2ms
[2024-12-03T11:57:51.343+0300][gc,heap     ] GC(29) Eden regions: 52->0(175)
[2024-12-03T11:57:51.343+0300][gc,heap     ] GC(29) Survivor regions: 6->4(8)
[2024-12-03T11:57:51.343+0300][gc,heap     ] GC(29) Old regions: 47->50
[2024-12-03T11:57:51.343+0300][gc,heap     ] GC(29) Archive regions: 2->2
[2024-12-03T11:57:51.343+0300][gc,heap     ] GC(29) Humongous regions: 129->129
[2024-12-03T11:57:51.343+0300][gc,metaspace] GC(29) Metaspace: 43918K(44544K)->43918K(44544K) NonClass: 38603K(38912K)->38603K(38912K) Class: 5314K(5632K)->5314K(5632K)
[2024-12-03T11:57:51.343+0300][gc          ] GC(29) Pause Young (Normal) (G1 Evacuation Pause) 234M->183M(1024M) 14,593ms
[2024-12-03T11:57:51.343+0300][gc,cpu      ] GC(29) User=0,05s Sys=0,00s Real=0,02s
[2024-12-03T12:21:57.793+0300][gc,start    ] GC(30) Pause Young (Normal) (G1 Evacuation Pause)
[2024-12-03T12:21:57.794+0300][gc,task     ] GC(30) Using 8 workers of 8 for evacuation
[2024-12-03T12:21:57.846+0300][gc,mmu      ] GC(30) MMU target violated: 21,0ms (20,0ms/21,0ms)
[2024-12-03T12:21:57.846+0300][gc,phases   ] GC(30)   Pre Evacuate Collection Set: 0,8ms
[2024-12-03T12:21:57.846+0300][gc,phases   ] GC(30)   Merge Heap Roots: 0,3ms
[2024-12-03T12:21:57.846+0300][gc,phases   ] GC(30)   Evacuate Collection Set: 49,6ms
[2024-12-03T12:21:57.846+0300][gc,phases   ] GC(30)   Post Evacuate Collection Set: 0,5ms
[2024-12-03T12:21:57.846+0300][gc,phases   ] GC(30)   Other: 0,6ms
[2024-12-03T12:21:57.846+0300][gc,heap     ] GC(30) Eden regions: 168->0(43)
[2024-12-03T12:21:57.846+0300][gc,heap     ] GC(30) Survivor regions: 4->8(22)
[2024-12-03T12:21:57.846+0300][gc,heap     ] GC(30) Old regions: 50->50
[2024-12-03T12:21:57.846+0300][gc,heap     ] GC(30) Archive regions: 2->2
[2024-12-03T12:21:57.846+0300][gc,heap     ] GC(30) Humongous regions: 129->129
[2024-12-03T12:21:57.846+0300][gc,metaspace] GC(30) Metaspace: 43929K(44544K)->43929K(44544K) NonClass: 38614K(38912K)->38614K(38912K) Class: 5314K(5632K)->5314K(5632K)
[2024-12-03T12:21:57.846+0300][gc          ] GC(30) Pause Young (Normal) (G1 Evacuation Pause) 351M->187M(1024M) 53,422ms
[2024-12-03T12:21:57.846+0300][gc,cpu      ] GC(30) User=0,04s Sys=0,10s Real=0,05s
[2024-12-03T12:22:23.982+0300][gc,start    ] GC(31) Pause Young (Normal) (G1 Evacuation Pause)
[2024-12-03T12:22:23.983+0300][gc,task     ] GC(31) Using 8 workers of 8 for evacuation
[2024-12-03T12:22:24.005+0300][gc,mmu      ] GC(31) MMU target violated: 21,0ms (20,0ms/21,0ms)
[2024-12-03T12:22:24.005+0300][gc,phases   ] GC(31)   Pre Evacuate Collection Set: 0,5ms
[2024-12-03T12:22:24.005+0300][gc,phases   ] GC(31)   Merge Heap Roots: 0,4ms
[2024-12-03T12:22:24.005+0300][gc,phases   ] GC(31)   Evacuate Collection Set: 20,0ms
[2024-12-03T12:22:24.005+0300][gc,phases   ] GC(31)   Post Evacuate Collection Set: 0,7ms
[2024-12-03T12:22:24.005+0300][gc,phases   ] GC(31)   Other: 0,4ms
[2024-12-03T12:22:24.005+0300][gc,heap     ] GC(31) Eden regions: 43->0(66)
[2024-12-03T12:22:24.005+0300][gc,heap     ] GC(31) Survivor regions: 8->3(7)
[2024-12-03T12:22:24.005+0300][gc,heap     ] GC(31) Old regions: 50->58
[2024-12-03T12:22:24.005+0300][gc,heap     ] GC(31) Archive regions: 2->2
[2024-12-03T12:22:24.005+0300][gc,heap     ] GC(31) Humongous regions: 129->129
[2024-12-03T12:22:24.005+0300][gc,metaspace] GC(31) Metaspace: 43933K(44544K)->43933K(44544K) NonClass: 38618K(38912K)->38618K(38912K) Class: 5314K(5632K)->5314K(5632K)
[2024-12-03T12:22:24.006+0300][gc          ] GC(31) Pause Young (Normal) (G1 Evacuation Pause) 230M->189M(1024M) 23,497ms
[2024-12-03T12:22:24.006+0300][gc,cpu      ] GC(31) User=0,04s Sys=0,04s Real=0,02s
[2024-12-03T12:23:04.341+0300][gc,start    ] GC(32) Pause Young (Normal) (G1 Evacuation Pause)
[2024-12-03T12:23:04.342+0300][gc,task     ] GC(32) Using 8 workers of 8 for evacuation
[2024-12-03T12:23:04.352+0300][gc,phases   ] GC(32)   Pre Evacuate Collection Set: 0,5ms
[2024-12-03T12:23:04.353+0300][gc,phases   ] GC(32)   Merge Heap Roots: 0,2ms
[2024-12-03T12:23:04.353+0300][gc,phases   ] GC(32)   Evacuate Collection Set: 8,5ms
[2024-12-03T12:23:04.353+0300][gc,phases   ] GC(32)   Post Evacuate Collection Set: 0,6ms
[2024-12-03T12:23:04.353+0300][gc,phases   ] GC(32)   Other: 0,4ms
[2024-12-03T12:23:04.353+0300][gc,heap     ] GC(32) Eden regions: 66->0(71)
[2024-12-03T12:23:04.353+0300][gc,heap     ] GC(32) Survivor regions: 3->4(9)
[2024-12-03T12:23:04.353+0300][gc,heap     ] GC(32) Old regions: 58->58
[2024-12-03T12:23:04.353+0300][gc,heap     ] GC(32) Archive regions: 2->2
[2024-12-03T12:23:04.353+0300][gc,heap     ] GC(32) Humongous regions: 129->129
[2024-12-03T12:23:04.353+0300][gc,metaspace] GC(32) Metaspace: 43949K(44608K)->43949K(44608K) NonClass: 38634K(38976K)->38634K(38976K) Class: 5314K(5632K)->5314K(5632K)
[2024-12-03T12:23:04.353+0300][gc          ] GC(32) Pause Young (Normal) (G1 Evacuation Pause) 255M->190M(1024M) 11,928ms
[2024-12-03T12:23:04.353+0300][gc,cpu      ] GC(32) User=0,02s Sys=0,01s Real=0,01s
[2024-12-03T12:23:47.662+0300][gc,start    ] GC(33) Pause Young (Normal) (G1 Evacuation Pause)
[2024-12-03T12:23:47.663+0300][gc,task     ] GC(33) Using 8 workers of 8 for evacuation
[2024-12-03T12:23:47.670+0300][gc,phases   ] GC(33)   Pre Evacuate Collection Set: 0,3ms
[2024-12-03T12:23:47.670+0300][gc,phases   ] GC(33)   Merge Heap Roots: 0,1ms
[2024-12-03T12:23:47.670+0300][gc,phases   ] GC(33)   Evacuate Collection Set: 6,1ms
[2024-12-03T12:23:47.670+0300][gc,phases   ] GC(33)   Post Evacuate Collection Set: 0,5ms
[2024-12-03T12:23:47.670+0300][gc,phases   ] GC(33)   Other: 0,2ms
[2024-12-03T12:23:47.670+0300][gc,heap     ] GC(33) Eden regions: 71->0(84)
[2024-12-03T12:23:47.670+0300][gc,heap     ] GC(33) Survivor regions: 4->5(10)
[2024-12-03T12:23:47.670+0300][gc,heap     ] GC(33) Old regions: 58->58
[2024-12-03T12:23:47.670+0300][gc,heap     ] GC(33) Archive regions: 2->2
[2024-12-03T12:23:47.670+0300][gc,heap     ] GC(33) Humongous regions: 129->129
[2024-12-03T12:23:47.670+0300][gc,metaspace] GC(33) Metaspace: 43953K(44608K)->43953K(44608K) NonClass: 38638K(38976K)->38638K(38976K) Class: 5314K(5632K)->5314K(5632K)
[2024-12-03T12:23:47.670+0300][gc          ] GC(33) Pause Young (Normal) (G1 Evacuation Pause) 261M->192M(1024M) 8,432ms
[2024-12-03T12:23:47.671+0300][gc,cpu      ] GC(33) User=0,02s Sys=0,01s Real=0,01s
[2024-12-03T12:24:40.068+0300][gc,start    ] GC(34) Pause Young (Normal) (G1 Evacuation Pause)
[2024-12-03T12:24:40.068+0300][gc,task     ] GC(34) Using 8 workers of 8 for evacuation
[2024-12-03T12:24:40.084+0300][gc,phases   ] GC(34)   Pre Evacuate Collection Set: 0,7ms
[2024-12-03T12:24:40.084+0300][gc,phases   ] GC(34)   Merge Heap Roots: 0,3ms
[2024-12-03T12:24:40.084+0300][gc,phases   ] GC(34)   Evacuate Collection Set: 14,2ms
[2024-12-03T12:24:40.084+0300][gc,phases   ] GC(34)   Post Evacuate Collection Set: 0,4ms
[2024-12-03T12:24:40.085+0300][gc,phases   ] GC(34)   Other: 0,7ms
[2024-12-03T12:24:40.085+0300][gc,heap     ] GC(34) Eden regions: 84->0(46)
[2024-12-03T12:24:40.085+0300][gc,heap     ] GC(34) Survivor regions: 5->7(12)
[2024-12-03T12:24:40.085+0300][gc,heap     ] GC(34) Old regions: 58->58
[2024-12-03T12:24:40.085+0300][gc,heap     ] GC(34) Archive regions: 2->2
[2024-12-03T12:24:40.085+0300][gc,heap     ] GC(34) Humongous regions: 129->129
[2024-12-03T12:24:40.085+0300][gc,metaspace] GC(34) Metaspace: 43964K(44672K)->43964K(44672K) NonClass: 38649K(39040K)->38649K(39040K) Class: 5314K(5632K)->5314K(5632K)
[2024-12-03T12:24:40.085+0300][gc          ] GC(34) Pause Young (Normal) (G1 Evacuation Pause) 276M->193M(1024M) 17,092ms
[2024-12-03T12:24:40.085+0300][gc,cpu      ] GC(34) User=0,02s Sys=0,02s Real=0,02s
[2024-12-03T12:25:08.345+0300][gc,start    ] GC(35) Pause Young (Normal) (G1 Evacuation Pause)
[2024-12-03T12:25:08.347+0300][gc,task     ] GC(35) Using 8 workers of 8 for evacuation
[2024-12-03T12:25:08.366+0300][gc,phases   ] GC(35)   Pre Evacuate Collection Set: 0,6ms
[2024-12-03T12:25:08.366+0300][gc,phases   ] GC(35)   Merge Heap Roots: 0,3ms
[2024-12-03T12:25:08.366+0300][gc,phases   ] GC(35)   Evacuate Collection Set: 16,9ms
[2024-12-03T12:25:08.366+0300][gc,phases   ] GC(35)   Post Evacuate Collection Set: 0,6ms
[2024-12-03T12:25:08.366+0300][gc,phases   ] GC(35)   Other: 0,3ms
[2024-12-03T12:25:08.366+0300][gc,heap     ] GC(35) Eden regions: 46->0(125)
[2024-12-03T12:25:08.366+0300][gc,heap     ] GC(35) Survivor regions: 7->5(7)
[2024-12-03T12:25:08.366+0300][gc,heap     ] GC(35) Old regions: 58->61
[2024-12-03T12:25:08.366+0300][gc,heap     ] GC(35) Archive regions: 2->2
[2024-12-03T12:25:08.366+0300][gc,heap     ] GC(35) Humongous regions: 129->129
[2024-12-03T12:25:08.366+0300][gc,metaspace] GC(35) Metaspace: 43973K(44672K)->43973K(44672K) NonClass: 38658K(39040K)->38658K(39040K) Class: 5314K(5632K)->5314K(5632K)
[2024-12-03T12:25:08.366+0300][gc          ] GC(35) Pause Young (Normal) (G1 Evacuation Pause) 239M->194M(1024M) 20,685ms
[2024-12-03T12:25:08.366+0300][gc,cpu      ] GC(35) User=0,04s Sys=0,03s Real=0,02s
[2024-12-03T12:26:21.766+0300][gc,start    ] GC(36) Pause Young (Normal) (G1 Evacuation Pause)
[2024-12-03T12:26:21.768+0300][gc,task     ] GC(36) Using 8 workers of 8 for evacuation
[2024-12-03T12:26:21.782+0300][gc,phases   ] GC(36)   Pre Evacuate Collection Set: 0,3ms
[2024-12-03T12:26:21.782+0300][gc,phases   ] GC(36)   Merge Heap Roots: 0,2ms
[2024-12-03T12:26:21.782+0300][gc,phases   ] GC(36)   Evacuate Collection Set: 13,4ms
[2024-12-03T12:26:21.782+0300][gc,phases   ] GC(36)   Post Evacuate Collection Set: 0,5ms
[2024-12-03T12:26:21.782+0300][gc,phases   ] GC(36)   Other: 0,2ms
[2024-12-03T12:26:21.782+0300][gc,heap     ] GC(36) Eden regions: 119->0(113)
[2024-12-03T12:26:21.782+0300][gc,heap     ] GC(36) Survivor regions: 5->6(16)
[2024-12-03T12:26:21.782+0300][gc,heap     ] GC(36) Old regions: 61->61
[2024-12-03T12:26:21.782+0300][gc,heap     ] GC(36) Archive regions: 2->2
[2024-12-03T12:26:21.782+0300][gc,heap     ] GC(36) Humongous regions: 129->129
[2024-12-03T12:26:21.782+0300][gc,metaspace] GC(36) Metaspace: 43974K(44672K)->43974K(44672K) NonClass: 38659K(39040K)->38659K(39040K) Class: 5314K(5632K)->5314K(5632K)
[2024-12-03T12:26:21.782+0300][gc          ] GC(36) Pause Young (Normal) (G1 Evacuation Pause) 313M->196M(1024M) 16,100ms
[2024-12-03T12:26:21.782+0300][gc,cpu      ] GC(36) User=0,03s Sys=0,01s Real=0,02s
[2024-12-03T12:27:32.215+0300][gc,start    ] GC(37) Pause Young (Normal) (G1 Evacuation Pause)
[2024-12-03T12:27:32.216+0300][gc,task     ] GC(37) Using 8 workers of 8 for evacuation
[2024-12-03T12:27:32.235+0300][gc,phases   ] GC(37)   Pre Evacuate Collection Set: 0,8ms
[2024-12-03T12:27:32.235+0300][gc,phases   ] GC(37)   Merge Heap Roots: 0,4ms
[2024-12-03T12:27:32.235+0300][gc,phases   ] GC(37)   Evacuate Collection Set: 16,3ms
[2024-12-03T12:27:32.235+0300][gc,phases   ] GC(37)   Post Evacuate Collection Set: 0,8ms
[2024-12-03T12:27:32.235+0300][gc,phases   ] GC(37)   Other: 0,6ms
[2024-12-03T12:27:32.235+0300][gc,heap     ] GC(37) Eden regions: 113->0(50)
[2024-12-03T12:27:32.235+0300][gc,heap     ] GC(37) Survivor regions: 6->8(15)
[2024-12-03T12:27:32.235+0300][gc,heap     ] GC(37) Old regions: 61->61
[2024-12-03T12:27:32.235+0300][gc,heap     ] GC(37) Archive regions: 2->2
[2024-12-03T12:27:32.235+0300][gc,heap     ] GC(37) Humongous regions: 129->129
[2024-12-03T12:27:32.235+0300][gc,metaspace] GC(37) Metaspace: 43976K(44672K)->43976K(44672K) NonClass: 38662K(39040K)->38662K(39040K) Class: 5314K(5632K)->5314K(5632K)
[2024-12-03T12:27:32.235+0300][gc          ] GC(37) Pause Young (Normal) (G1 Evacuation Pause) 309M->198M(1024M) 20,762ms
[2024-12-03T12:27:32.235+0300][gc,cpu      ] GC(37) User=0,04s Sys=0,02s Real=0,02s
[2024-12-03T12:28:02.772+0300][gc,start    ] GC(38) Pause Young (Normal) (G1 Evacuation Pause)
[2024-12-03T12:28:02.774+0300][gc,task     ] GC(38) Using 8 workers of 8 for evacuation
[2024-12-03T12:28:02.788+0300][gc,phases   ] GC(38)   Pre Evacuate Collection Set: 0,4ms
[2024-12-03T12:28:02.788+0300][gc,phases   ] GC(38)   Merge Heap Roots: 0,2ms
[2024-12-03T12:28:02.788+0300][gc,phases   ] GC(38)   Evacuate Collection Set: 13,3ms
[2024-12-03T12:28:02.788+0300][gc,phases   ] GC(38)   Post Evacuate Collection Set: 0,5ms
[2024-12-03T12:28:02.789+0300][gc,phases   ] GC(38)   Other: 0,3ms
[2024-12-03T12:28:02.789+0300][gc,heap     ] GC(38) Eden regions: 50->0(180)
[2024-12-03T12:28:02.789+0300][gc,heap     ] GC(38) Survivor regions: 8->6(8)
[2024-12-03T12:28:02.789+0300][gc,heap     ] GC(38) Old regions: 61->65
[2024-12-03T12:28:02.789+0300][gc,heap     ] GC(38) Archive regions: 2->2
[2024-12-03T12:28:02.789+0300][gc,heap     ] GC(38) Humongous regions: 129->129
[2024-12-03T12:28:02.789+0300][gc,metaspace] GC(38) Metaspace: 43976K(44672K)->43976K(44672K) NonClass: 38662K(39040K)->38662K(39040K) Class: 5314K(5632K)->5314K(5632K)
[2024-12-03T12:28:02.789+0300][gc          ] GC(38) Pause Young (Normal) (G1 Evacuation Pause) 248M->199M(1024M) 16,197ms
[2024-12-03T12:28:02.789+0300][gc,cpu      ] GC(38) User=0,05s Sys=0,01s Real=0,01s
[2024-12-03T12:38:11.950+0300][gc,start    ] GC(39) Pause Young (Normal) (G1 Evacuation Pause)
[2024-12-03T12:38:11.951+0300][gc,task     ] GC(39) Using 8 workers of 8 for evacuation
[2024-12-03T12:38:11.979+0300][gc,mmu      ] GC(39) MMU target violated: 21,0ms (20,0ms/21,0ms)
[2024-12-03T12:38:11.979+0300][gc,phases   ] GC(39)   Pre Evacuate Collection Set: 0,8ms
[2024-12-03T12:38:11.979+0300][gc,phases   ] GC(39)   Merge Heap Roots: 0,4ms
[2024-12-03T12:38:11.979+0300][gc,phases   ] GC(39)   Evacuate Collection Set: 26,2ms
[2024-12-03T12:38:11.980+0300][gc,phases   ] GC(39)   Post Evacuate Collection Set: 0,5ms
[2024-12-03T12:38:11.980+0300][gc,phases   ] GC(39)   Other: 0,5ms
[2024-12-03T12:38:11.980+0300][gc,heap     ] GC(39) Eden regions: 171->0(39)
[2024-12-03T12:38:11.980+0300][gc,heap     ] GC(39) Survivor regions: 6->12(23)
[2024-12-03T12:38:11.980+0300][gc,heap     ] GC(39) Old regions: 65->65
[2024-12-03T12:38:11.980+0300][gc,heap     ] GC(39) Archive regions: 2->2
[2024-12-03T12:38:11.980+0300][gc,heap     ] GC(39) Humongous regions: 129->129
[2024-12-03T12:38:11.980+0300][gc,metaspace] GC(39) Metaspace: 43981K(44672K)->43981K(44672K) NonClass: 38666K(39040K)->38666K(39040K) Class: 5314K(5632K)->5314K(5632K)
[2024-12-03T12:38:11.980+0300][gc          ] GC(39) Pause Young (Normal) (G1 Evacuation Pause) 370M->205M(1024M) 29,258ms
[2024-12-03T12:38:11.980+0300][gc,cpu      ] GC(39) User=0,06s Sys=0,04s Real=0,03s
[2024-12-03T12:38:35.761+0300][gc,start    ] GC(40) Pause Young (Normal) (G1 Evacuation Pause)
[2024-12-03T12:38:35.762+0300][gc,task     ] GC(40) Using 8 workers of 8 for evacuation
[2024-12-03T12:38:35.783+0300][gc,mmu      ] GC(40) MMU target violated: 21,0ms (20,0ms/21,0ms)
[2024-12-03T12:38:35.783+0300][gc,phases   ] GC(40)   Pre Evacuate Collection Set: 0,3ms
[2024-12-03T12:38:35.784+0300][gc,phases   ] GC(40)   Merge Heap Roots: 0,2ms
[2024-12-03T12:38:35.784+0300][gc,phases   ] GC(40)   Evacuate Collection Set: 20,3ms
[2024-12-03T12:38:35.784+0300][gc,phases   ] GC(40)   Post Evacuate Collection Set: 0,5ms
[2024-12-03T12:38:35.784+0300][gc,phases   ] GC(40)   Other: 0,2ms
[2024-12-03T12:38:35.784+0300][gc,heap     ] GC(40) Eden regions: 39->0(305)
[2024-12-03T12:38:35.784+0300][gc,heap     ] GC(40) Survivor regions: 12->2(7)
[2024-12-03T12:38:35.784+0300][gc,heap     ] GC(40) Old regions: 65->75
[2024-12-03T12:38:35.784+0300][gc,heap     ] GC(40) Archive regions: 2->2
[2024-12-03T12:38:35.784+0300][gc,heap     ] GC(40) Humongous regions: 129->129
[2024-12-03T12:38:35.784+0300][gc,metaspace] GC(40) Metaspace: 43981K(44672K)->43981K(44672K) NonClass: 38666K(39040K)->38666K(39040K) Class: 5314K(5632K)->5314K(5632K)
[2024-12-03T12:38:35.784+0300][gc          ] GC(40) Pause Young (Normal) (G1 Evacuation Pause) 244M->206M(1024M) 22,656ms
[2024-12-03T12:38:35.784+0300][gc,cpu      ] GC(40) User=0,05s Sys=0,01s Real=0,02s
[2024-12-03T12:41:45.097+0300][gc,start    ] GC(41) Pause Young (Normal) (G1 Evacuation Pause)
[2024-12-03T12:41:45.098+0300][gc,task     ] GC(41) Using 8 workers of 8 for evacuation
[2024-12-03T12:41:45.117+0300][gc,phases   ] GC(41)   Pre Evacuate Collection Set: 1,1ms
[2024-12-03T12:41:45.117+0300][gc,phases   ] GC(41)   Merge Heap Roots: 0,2ms
[2024-12-03T12:41:45.117+0300][gc,phases   ] GC(41)   Evacuate Collection Set: 16,0ms
[2024-12-03T12:41:45.117+0300][gc,phases   ] GC(41)   Post Evacuate Collection Set: 0,8ms
[2024-12-03T12:41:45.117+0300][gc,phases   ] GC(41)   Other: 0,5ms
[2024-12-03T12:41:45.117+0300][gc,heap     ] GC(41) Eden regions: 305->0(130)
[2024-12-03T12:41:45.117+0300][gc,heap     ] GC(41) Survivor regions: 2->6(39)
[2024-12-03T12:41:45.117+0300][gc,heap     ] GC(41) Old regions: 75->75
[2024-12-03T12:41:45.117+0300][gc,heap     ] GC(41) Archive regions: 2->2
[2024-12-03T12:41:45.117+0300][gc,heap     ] GC(41) Humongous regions: 129->129
[2024-12-03T12:41:45.117+0300][gc,metaspace] GC(41) Metaspace: 43984K(44672K)->43984K(44672K) NonClass: 38669K(39040K)->38669K(39040K) Class: 5314K(5632K)->5314K(5632K)
[2024-12-03T12:41:45.117+0300][gc          ] GC(41) Pause Young (Normal) (G1 Evacuation Pause) 511M->210M(1024M) 20,538ms
[2024-12-03T12:41:45.117+0300][gc,cpu      ] GC(41) User=0,03s Sys=0,05s Real=0,02s
[2024-12-03T12:43:05.407+0300][gc,start    ] GC(42) Pause Young (Normal) (G1 Evacuation Pause)
[2024-12-03T12:43:05.408+0300][gc,task     ] GC(42) Using 8 workers of 8 for evacuation
[2024-12-03T12:43:05.427+0300][gc,phases   ] GC(42)   Pre Evacuate Collection Set: 0,6ms
[2024-12-03T12:43:05.427+0300][gc,phases   ] GC(42)   Merge Heap Roots: 0,3ms
[2024-12-03T12:43:05.427+0300][gc,phases   ] GC(42)   Evacuate Collection Set: 16,4ms
[2024-12-03T12:43:05.427+0300][gc,phases   ] GC(42)   Post Evacuate Collection Set: 2,2ms
[2024-12-03T12:43:05.427+0300][gc,phases   ] GC(42)   Other: 0,3ms
[2024-12-03T12:43:05.427+0300][gc,heap     ] GC(42) Eden regions: 130->0(42)
[2024-12-03T12:43:05.427+0300][gc,heap     ] GC(42) Survivor regions: 6->9(17)
[2024-12-03T12:43:05.427+0300][gc,heap     ] GC(42) Old regions: 75->75
[2024-12-03T12:43:05.427+0300][gc,heap     ] GC(42) Archive regions: 2->2
[2024-12-03T12:43:05.427+0300][gc,heap     ] GC(42) Humongous regions: 129->129
[2024-12-03T12:43:05.428+0300][gc,metaspace] GC(42) Metaspace: 43985K(44672K)->43985K(44672K) NonClass: 38670K(39040K)->38670K(39040K) Class: 5314K(5632K)->5314K(5632K)
[2024-12-03T12:43:05.428+0300][gc          ] GC(42) Pause Young (Normal) (G1 Evacuation Pause) 340M->213M(1024M) 20,472ms
[2024-12-03T12:43:05.428+0300][gc,cpu      ] GC(42) User=0,05s Sys=0,03s Real=0,02s
[2024-12-03T12:43:27.977+0300][gc,start    ] GC(43) Pause Young (Normal) (G1 Evacuation Pause)
[2024-12-03T12:43:27.978+0300][gc,task     ] GC(43) Using 8 workers of 8 for evacuation
[2024-12-03T12:43:27.993+0300][gc,phases   ] GC(43)   Pre Evacuate Collection Set: 0,4ms
[2024-12-03T12:43:27.993+0300][gc,phases   ] GC(43)   Merge Heap Roots: 0,2ms
[2024-12-03T12:43:27.993+0300][gc,phases   ] GC(43)   Evacuate Collection Set: 13,7ms
[2024-12-03T12:43:27.993+0300][gc,phases   ] GC(43)   Post Evacuate Collection Set: 0,3ms
[2024-12-03T12:43:27.993+0300][gc,phases   ] GC(43)   Other: 0,2ms
[2024-12-03T12:43:27.993+0300][gc,heap     ] GC(43) Eden regions: 42->0(45)
[2024-12-03T12:43:27.993+0300][gc,heap     ] GC(43) Survivor regions: 9->7(7)
[2024-12-03T12:43:27.993+0300][gc,heap     ] GC(43) Old regions: 75->81
[2024-12-03T12:43:27.993+0300][gc,heap     ] GC(43) Archive regions: 2->2
[2024-12-03T12:43:27.993+0300][gc,heap     ] GC(43) Humongous regions: 129->129
[2024-12-03T12:43:27.993+0300][gc,metaspace] GC(43) Metaspace: 44003K(44672K)->44003K(44672K) NonClass: 38685K(39040K)->38685K(39040K) Class: 5318K(5632K)->5318K(5632K)
[2024-12-03T12:43:27.993+0300][gc          ] GC(43) Pause Young (Normal) (G1 Evacuation Pause) 255M->216M(1024M) 16,206ms
[2024-12-03T12:43:27.993+0300][gc,cpu      ] GC(43) User=0,06s Sys=0,00s Real=0,02s
[2024-12-03T12:43:55.082+0300][gc,start    ] GC(44) Pause Young (Normal) (G1 Evacuation Pause)
[2024-12-03T12:43:55.084+0300][gc,task     ] GC(44) Using 8 workers of 8 for evacuation
[2024-12-03T12:43:55.098+0300][gc,phases   ] GC(44)   Pre Evacuate Collection Set: 0,6ms
[2024-12-03T12:43:55.098+0300][gc,phases   ] GC(44)   Merge Heap Roots: 0,4ms
[2024-12-03T12:43:55.098+0300][gc,phases   ] GC(44)   Evacuate Collection Set: 12,2ms
[2024-12-03T12:43:55.098+0300][gc,phases   ] GC(44)   Post Evacuate Collection Set: 0,8ms
[2024-12-03T12:43:55.098+0300][gc,phases   ] GC(44)   Other: 0,4ms
[2024-12-03T12:43:55.098+0300][gc,heap     ] GC(44) Eden regions: 44->0(58)
[2024-12-03T12:43:55.098+0300][gc,heap     ] GC(44) Survivor regions: 7->5(7)
[2024-12-03T12:43:55.098+0300][gc,heap     ] GC(44) Old regions: 81->83
[2024-12-03T12:43:55.098+0300][gc,heap     ] GC(44) Archive regions: 2->2
[2024-12-03T12:43:55.098+0300][gc,heap     ] GC(44) Humongous regions: 129->129
[2024-12-03T12:43:55.098+0300][gc,metaspace] GC(44) Metaspace: 44009K(44672K)->44009K(44672K) NonClass: 38691K(39040K)->38691K(39040K) Class: 5318K(5632K)->5318K(5632K)
[2024-12-03T12:43:55.098+0300][gc          ] GC(44) Pause Young (Normal) (G1 Evacuation Pause) 260M->217M(1024M) 15,872ms
[2024-12-03T12:43:55.098+0300][gc,cpu      ] GC(44) User=0,03s Sys=0,03s Real=0,01s
[2024-12-03T12:44:29.246+0300][gc,start    ] GC(45) Pause Young (Normal) (G1 Evacuation Pause)
[2024-12-03T12:44:29.247+0300][gc,task     ] GC(45) Using 8 workers of 8 for evacuation
[2024-12-03T12:44:29.256+0300][gc,phases   ] GC(45)   Pre Evacuate Collection Set: 0,4ms
[2024-12-03T12:44:29.256+0300][gc,phases   ] GC(45)   Merge Heap Roots: 0,2ms
[2024-12-03T12:44:29.256+0300][gc,phases   ] GC(45)   Evacuate Collection Set: 7,8ms
[2024-12-03T12:44:29.256+0300][gc,phases   ] GC(45)   Post Evacuate Collection Set: 0,4ms
[2024-12-03T12:44:29.256+0300][gc,phases   ] GC(45)   Other: 0,2ms
[2024-12-03T12:44:29.256+0300][gc,heap     ] GC(45) Eden regions: 56->0(73)
[2024-12-03T12:44:29.256+0300][gc,heap     ] GC(45) Survivor regions: 5->4(8)
[2024-12-03T12:44:29.256+0300][gc,heap     ] GC(45) Old regions: 83->83
[2024-12-03T12:44:29.256+0300][gc,heap     ] GC(45) Archive regions: 2->2
[2024-12-03T12:44:29.256+0300][gc,heap     ] GC(45) Humongous regions: 129->129
[2024-12-03T12:44:29.256+0300][gc,metaspace] GC(45) Metaspace: 44012K(44672K)->44012K(44672K) NonClass: 38693K(39040K)->38693K(39040K) Class: 5318K(5632K)->5318K(5632K)
[2024-12-03T12:44:29.256+0300][gc          ] GC(45) Pause Young (Normal) (G1 Evacuation Pause) 273M->216M(1024M) 10,809ms
[2024-12-03T12:44:29.256+0300][gc,cpu      ] GC(45) User=0,02s Sys=0,00s Real=0,01s
[2024-12-03T12:45:14.133+0300][gc,start    ] GC(46) Pause Young (Normal) (G1 Evacuation Pause)
[2024-12-03T12:45:14.135+0300][gc,task     ] GC(46) Using 8 workers of 8 for evacuation
[2024-12-03T12:45:14.149+0300][gc,phases   ] GC(46)   Pre Evacuate Collection Set: 0,9ms
[2024-12-03T12:45:14.149+0300][gc,phases   ] GC(46)   Merge Heap Roots: 0,4ms
[2024-12-03T12:45:14.149+0300][gc,phases   ] GC(46)   Evacuate Collection Set: 11,8ms
[2024-12-03T12:45:14.149+0300][gc,phases   ] GC(46)   Post Evacuate Collection Set: 0,8ms
[2024-12-03T12:45:14.149+0300][gc,phases   ] GC(46)   Other: 0,5ms
[2024-12-03T12:45:14.149+0300][gc,heap     ] GC(46) Eden regions: 73->0(75)
[2024-12-03T12:45:14.149+0300][gc,heap     ] GC(46) Survivor regions: 4->5(10)
[2024-12-03T12:45:14.149+0300][gc,heap     ] GC(46) Old regions: 83->83
[2024-12-03T12:45:14.149+0300][gc,heap     ] GC(46) Archive regions: 2->2
[2024-12-03T12:45:14.149+0300][gc,heap     ] GC(46) Humongous regions: 129->129
[2024-12-03T12:45:14.149+0300][gc,metaspace] GC(46) Metaspace: 44015K(44672K)->44015K(44672K) NonClass: 38696K(39040K)->38696K(39040K) Class: 5318K(5632K)->5318K(5632K)
[2024-12-03T12:45:14.150+0300][gc          ] GC(46) Pause Young (Normal) (G1 Evacuation Pause) 289M->217M(1024M) 16,046ms
[2024-12-03T12:45:14.150+0300][gc,cpu      ] GC(46) User=0,02s Sys=0,03s Real=0,02s
[2024-12-03T12:45:59.882+0300][gc,start    ] GC(47) Pause Young (Normal) (G1 Evacuation Pause)
[2024-12-03T12:45:59.883+0300][gc,task     ] GC(47) Using 8 workers of 8 for evacuation
[2024-12-03T12:45:59.894+0300][gc,phases   ] GC(47)   Pre Evacuate Collection Set: 0,4ms
[2024-12-03T12:45:59.894+0300][gc,phases   ] GC(47)   Merge Heap Roots: 0,2ms
[2024-12-03T12:45:59.894+0300][gc,phases   ] GC(47)   Evacuate Collection Set: 9,1ms
[2024-12-03T12:45:59.894+0300][gc,phases   ] GC(47)   Post Evacuate Collection Set: 0,4ms
[2024-12-03T12:45:59.894+0300][gc,phases   ] GC(47)   Other: 0,2ms
[2024-12-03T12:45:59.894+0300][gc,heap     ] GC(47) Eden regions: 75->0(93)
[2024-12-03T12:45:59.894+0300][gc,heap     ] GC(47) Survivor regions: 5->5(10)
[2024-12-03T12:45:59.894+0300][gc,heap     ] GC(47) Old regions: 83->83
[2024-12-03T12:45:59.894+0300][gc,heap     ] GC(47) Archive regions: 2->2
[2024-12-03T12:45:59.894+0300][gc,heap     ] GC(47) Humongous regions: 129->129
[2024-12-03T12:45:59.894+0300][gc,metaspace] GC(47) Metaspace: 44016K(44672K)->44016K(44672K) NonClass: 38698K(39040K)->38698K(39040K) Class: 5318K(5632K)->5318K(5632K)
[2024-12-03T12:45:59.894+0300][gc          ] GC(47) Pause Young (Normal) (G1 Evacuation Pause) 292M->217M(1024M) 11,850ms
[2024-12-03T12:45:59.894+0300][gc,cpu      ] GC(47) User=0,04s Sys=0,01s Real=0,01s
[2024-12-03T12:46:58.027+0300][gc,start    ] GC(48) Pause Young (Normal) (G1 Evacuation Pause)
[2024-12-03T12:46:58.029+0300][gc,task     ] GC(48) Using 8 workers of 8 for evacuation
[2024-12-03T12:46:58.043+0300][gc,phases   ] GC(48)   Pre Evacuate Collection Set: 0,6ms
[2024-12-03T12:46:58.043+0300][gc,phases   ] GC(48)   Merge Heap Roots: 0,3ms
[2024-12-03T12:46:58.043+0300][gc,phases   ] GC(48)   Evacuate Collection Set: 13,0ms
[2024-12-03T12:46:58.044+0300][gc,phases   ] GC(48)   Post Evacuate Collection Set: 0,6ms
[2024-12-03T12:46:58.044+0300][gc,phases   ] GC(48)   Other: 0,3ms
[2024-12-03T12:46:58.044+0300][gc,heap     ] GC(48) Eden regions: 93->0(100)
[2024-12-03T12:46:58.044+0300][gc,heap     ] GC(48) Survivor regions: 5->5(13)
[2024-12-03T12:46:58.044+0300][gc,heap     ] GC(48) Old regions: 83->83
[2024-12-03T12:46:58.044+0300][gc,heap     ] GC(48) Archive regions: 2->2
[2024-12-03T12:46:58.044+0300][gc,heap     ] GC(48) Humongous regions: 129->129
[2024-12-03T12:46:58.044+0300][gc,metaspace] GC(48) Metaspace: 44031K(44672K)->44031K(44672K) NonClass: 38712K(39040K)->38712K(39040K) Class: 5318K(5632K)->5318K(5632K)
[2024-12-03T12:46:58.044+0300][gc          ] GC(48) Pause Young (Normal) (G1 Evacuation Pause) 310M->217M(1024M) 16,570ms
[2024-12-03T12:46:58.044+0300][gc,cpu      ] GC(48) User=0,03s Sys=0,02s Real=0,02s
[2024-12-03T12:47:59.629+0300][gc,start    ] GC(49) Pause Young (Normal) (G1 Evacuation Pause)
[2024-12-03T12:47:59.630+0300][gc,task     ] GC(49) Using 8 workers of 8 for evacuation
[2024-12-03T12:47:59.643+0300][gc,phases   ] GC(49)   Pre Evacuate Collection Set: 0,5ms
[2024-12-03T12:47:59.643+0300][gc,phases   ] GC(49)   Merge Heap Roots: 0,3ms
[2024-12-03T12:47:59.643+0300][gc,phases   ] GC(49)   Evacuate Collection Set: 10,9ms
[2024-12-03T12:47:59.643+0300][gc,phases   ] GC(49)   Post Evacuate Collection Set: 0,6ms
[2024-12-03T12:47:59.643+0300][gc,phases   ] GC(49)   Other: 0,3ms
[2024-12-03T12:47:59.643+0300][gc,heap     ] GC(49) Eden regions: 100->0(116)
[2024-12-03T12:47:59.643+0300][gc,heap     ] GC(49) Survivor regions: 5->5(14)
[2024-12-03T12:47:59.643+0300][gc,heap     ] GC(49) Old regions: 83->83
[2024-12-03T12:47:59.643+0300][gc,heap     ] GC(49) Archive regions: 2->2
[2024-12-03T12:47:59.643+0300][gc,heap     ] GC(49) Humongous regions: 129->129
[2024-12-03T12:47:59.643+0300][gc,metaspace] GC(49) Metaspace: 44033K(44672K)->44033K(44672K) NonClass: 38715K(39040K)->38715K(39040K) Class: 5318K(5632K)->5318K(5632K)
[2024-12-03T12:47:59.643+0300][gc          ] GC(49) Pause Young (Normal) (G1 Evacuation Pause) 317M->217M(1024M) 14,566ms
[2024-12-03T12:47:59.643+0300][gc,cpu      ] GC(49) User=0,03s Sys=0,01s Real=0,02s
[2024-12-03T12:49:10.722+0300][gc,start    ] GC(50) Pause Young (Normal) (G1 Evacuation Pause)
[2024-12-03T12:49:10.723+0300][gc,task     ] GC(50) Using 8 workers of 8 for evacuation
[2024-12-03T12:49:10.736+0300][gc,phases   ] GC(50)   Pre Evacuate Collection Set: 0,5ms
[2024-12-03T12:49:10.736+0300][gc,phases   ] GC(50)   Merge Heap Roots: 0,3ms
[2024-12-03T12:49:10.736+0300][gc,phases   ] GC(50)   Evacuate Collection Set: 11,5ms
[2024-12-03T12:49:10.736+0300][gc,phases   ] GC(50)   Post Evacuate Collection Set: 0,8ms
[2024-12-03T12:49:10.737+0300][gc,phases   ] GC(50)   Other: 0,3ms
[2024-12-03T12:49:10.737+0300][gc,heap     ] GC(50) Eden regions: 116->0(127)
[2024-12-03T12:49:10.737+0300][gc,heap     ] GC(50) Survivor regions: 5->4(16)
[2024-12-03T12:49:10.737+0300][gc,heap     ] GC(50) Old regions: 83->83
[2024-12-03T12:49:10.737+0300][gc,heap     ] GC(50) Archive regions: 2->2
[2024-12-03T12:49:10.737+0300][gc,heap     ] GC(50) Humongous regions: 129->129
[2024-12-03T12:49:10.737+0300][gc,metaspace] GC(50) Metaspace: 44033K(44672K)->44033K(44672K) NonClass: 38715K(39040K)->38715K(39040K) Class: 5318K(5632K)->5318K(5632K)
[2024-12-03T12:49:10.737+0300][gc          ] GC(50) Pause Young (Normal) (G1 Evacuation Pause) 333M->216M(1024M) 15,064ms
[2024-12-03T12:49:10.737+0300][gc,cpu      ] GC(50) User=0,03s Sys=0,01s Real=0,01s
[2024-12-03T12:55:49.194+0300][gc,start    ] GC(51) Pause Young (Normal) (G1 Evacuation Pause)
[2024-12-03T12:55:49.195+0300][gc,task     ] GC(51) Using 8 workers of 8 for evacuation
[2024-12-03T12:55:49.214+0300][gc,phases   ] GC(51)   Pre Evacuate Collection Set: 0,9ms
[2024-12-03T12:55:49.214+0300][gc,phases   ] GC(51)   Merge Heap Roots: 0,5ms
[2024-12-03T12:55:49.214+0300][gc,phases   ] GC(51)   Evacuate Collection Set: 16,5ms
[2024-12-03T12:55:49.214+0300][gc,phases   ] GC(51)   Post Evacuate Collection Set: 0,7ms
[2024-12-03T12:55:49.214+0300][gc,phases   ] GC(51)   Other: 0,7ms
[2024-12-03T12:55:49.214+0300][gc,heap     ] GC(51) Eden regions: 127->0(97)
[2024-12-03T12:55:49.214+0300][gc,heap     ] GC(51) Survivor regions: 4->5(17)
[2024-12-03T12:55:49.214+0300][gc,heap     ] GC(51) Old regions: 83->83
[2024-12-03T12:55:49.214+0300][gc,heap     ] GC(51) Archive regions: 2->2
[2024-12-03T12:55:49.214+0300][gc,heap     ] GC(51) Humongous regions: 129->129
[2024-12-03T12:55:49.214+0300][gc,metaspace] GC(51) Metaspace: 44033K(44672K)->44033K(44672K) NonClass: 38715K(39040K)->38715K(39040K) Class: 5318K(5632K)->5318K(5632K)
[2024-12-03T12:55:49.215+0300][gc          ] GC(51) Pause Young (Normal) (G1 Evacuation Pause) 343M->217M(1024M) 20,418ms
[2024-12-03T12:55:49.215+0300][gc,cpu      ] GC(51) User=0,03s Sys=0,03s Real=0,02s
[2024-12-03T12:56:53.676+0300][gc,start    ] GC(52) Pause Young (Normal) (G1 Evacuation Pause)
[2024-12-03T12:56:53.677+0300][gc,task     ] GC(52) Using 8 workers of 8 for evacuation
[2024-12-03T12:56:53.692+0300][gc,phases   ] GC(52)   Pre Evacuate Collection Set: 0,4ms
[2024-12-03T12:56:53.692+0300][gc,phases   ] GC(52)   Merge Heap Roots: 0,2ms
[2024-12-03T12:56:53.692+0300][gc,phases   ] GC(52)   Evacuate Collection Set: 12,8ms
[2024-12-03T12:56:53.692+0300][gc,phases   ] GC(52)   Post Evacuate Collection Set: 0,8ms
[2024-12-03T12:56:53.692+0300][gc,phases   ] GC(52)   Other: 0,2ms
[2024-12-03T12:56:53.692+0300][gc,heap     ] GC(52) Eden regions: 97->0(120)
[2024-12-03T12:56:53.692+0300][gc,heap     ] GC(52) Survivor regions: 5->5(13)
[2024-12-03T12:56:53.692+0300][gc,heap     ] GC(52) Old regions: 83->83
[2024-12-03T12:56:53.692+0300][gc,heap     ] GC(52) Archive regions: 2->2
[2024-12-03T12:56:53.692+0300][gc,heap     ] GC(52) Humongous regions: 129->129
[2024-12-03T12:56:53.692+0300][gc,metaspace] GC(52) Metaspace: 44035K(44672K)->44035K(44672K) NonClass: 38716K(39040K)->38716K(39040K) Class: 5318K(5632K)->5318K(5632K)
[2024-12-03T12:56:53.692+0300][gc          ] GC(52) Pause Young (Normal) (G1 Evacuation Pause) 314M->217M(1024M) 15,336ms
[2024-12-03T12:56:53.692+0300][gc,cpu      ] GC(52) User=0,02s Sys=0,02s Real=0,02s
[2024-12-03T13:06:19.720+0300][gc,start    ] GC(53) Pause Young (Normal) (G1 Evacuation Pause)
[2024-12-03T13:06:19.722+0300][gc,task     ] GC(53) Using 8 workers of 8 for evacuation
[2024-12-03T13:06:19.740+0300][gc,phases   ] GC(53)   Pre Evacuate Collection Set: 0,8ms
[2024-12-03T13:06:19.740+0300][gc,phases   ] GC(53)   Merge Heap Roots: 0,5ms
[2024-12-03T13:06:19.740+0300][gc,phases   ] GC(53)   Evacuate Collection Set: 15,0ms
[2024-12-03T13:06:19.740+0300][gc,phases   ] GC(53)   Post Evacuate Collection Set: 0,8ms
[2024-12-03T13:06:19.740+0300][gc,phases   ] GC(53)   Other: 0,5ms
[2024-12-03T13:06:19.740+0300][gc,heap     ] GC(53) Eden regions: 117->0(129)
[2024-12-03T13:06:19.740+0300][gc,heap     ] GC(53) Survivor regions: 5->5(16)
[2024-12-03T13:06:19.740+0300][gc,heap     ] GC(53) Old regions: 83->83
[2024-12-03T13:06:19.740+0300][gc,heap     ] GC(53) Archive regions: 2->2
[2024-12-03T13:06:19.740+0300][gc,heap     ] GC(53) Humongous regions: 129->129
[2024-12-03T13:06:19.740+0300][gc,metaspace] GC(53) Metaspace: 44046K(44672K)->44046K(44672K) NonClass: 38727K(39040K)->38727K(39040K) Class: 5318K(5632K)->5318K(5632K)
[2024-12-03T13:06:19.740+0300][gc          ] GC(53) Pause Young (Normal) (G1 Evacuation Pause) 334M->217M(1024M) 19,683ms
[2024-12-03T13:06:19.740+0300][gc,cpu      ] GC(53) User=0,03s Sys=0,04s Real=0,02s
[2024-12-03T13:08:43.967+0300][gc,heap,exit] Heap
[2024-12-03T13:08:43.968+0300][gc,heap,exit]  garbage-first heap   total 1048576K, used 343642K [0x00000007c0000000, 0x0000000800000000)
[2024-12-03T13:08:43.968+0300][gc,heap,exit]   region size 1024K, 124 young (126976K), 5 survivors (5120K)
[2024-12-03T13:08:43.968+0300][gc,heap,exit]  Metaspace       used 44670K, committed 45312K, reserved 1114112K
[2024-12-03T13:08:43.968+0300][gc,heap,exit]   class space    used 5468K, committed 5760K, reserved 1048576K
