[2024-12-19T00:16:19.757+0300][gc,init] CardTable entry size: 512
[2024-12-19T00:16:19.757+0300][gc     ] Using G1
[2024-12-19T00:16:19.759+0300][gc,init] Version: 19.0.2+7-44 (release)
[2024-12-19T00:16:19.759+0300][gc,init] CPUs: 8 total, 8 available
[2024-12-19T00:16:19.759+0300][gc,init] Memory: 8192M
[2024-12-19T00:16:19.759+0300][gc,init] Large Page Support: Disabled
[2024-12-19T00:16:19.759+0300][gc,init] NUMA Support: Disabled
[2024-12-19T00:16:19.759+0300][gc,init] Compressed Oops: Enabled (Zero based)
[2024-12-19T00:16:19.759+0300][gc,init] Heap Region Size: 1M
[2024-12-19T00:16:19.759+0300][gc,init] Heap Min Capacity: 1G
[2024-12-19T00:16:19.759+0300][gc,init] Heap Initial Capacity: 1G
[2024-12-19T00:16:19.759+0300][gc,init] Heap Max Capacity: 1G
[2024-12-19T00:16:19.759+0300][gc,init] Pre-touch: Disabled
[2024-12-19T00:16:19.759+0300][gc,init] Parallel Workers: 8
[2024-12-19T00:16:19.759+0300][gc,init] Concurrent Workers: 2
[2024-12-19T00:16:19.759+0300][gc,init] Concurrent Refinement Workers: 8
[2024-12-19T00:16:19.759+0300][gc,init] Periodic GC: Disabled
[2024-12-19T00:16:19.759+0300][gc,metaspace] CDS archive(s) mapped at: [0x0000000800000000-0x0000000800c48000-0x0000000800c48000), size 12877824, SharedBaseAddress: 0x0000000800000000, ArchiveRelocationMode: 0.
[2024-12-19T00:16:19.759+0300][gc,metaspace] Compressed class space mapped at: 0x0000000801000000-0x0000000841000000, reserved size: 1073741824
[2024-12-19T00:16:19.759+0300][gc,metaspace] Narrow klass base: 0x0000000800000000, Narrow klass shift: 0, Narrow klass range: 0x100000000
[2024-12-19T00:16:20.735+0300][gc,start    ] GC(0) Pause Young (Normal) (G1 Evacuation Pause)
[2024-12-19T00:16:20.736+0300][gc,task     ] GC(0) Using 8 workers of 8 for evacuation
[2024-12-19T00:16:20.740+0300][gc,phases   ] GC(0)   Pre Evacuate Collection Set: 0.2ms
[2024-12-19T00:16:20.740+0300][gc,phases   ] GC(0)   Merge Heap Roots: 0.1ms
[2024-12-19T00:16:20.740+0300][gc,phases   ] GC(0)   Evacuate Collection Set: 3.2ms
[2024-12-19T00:16:20.740+0300][gc,phases   ] GC(0)   Post Evacuate Collection Set: 0.4ms
[2024-12-19T00:16:20.740+0300][gc,phases   ] GC(0)   Other: 0.3ms
[2024-12-19T00:16:20.740+0300][gc,heap     ] GC(0) Eden regions: 51->0(44)
[2024-12-19T00:16:20.740+0300][gc,heap     ] GC(0) Survivor regions: 0->7(7)
[2024-12-19T00:16:20.740+0300][gc,heap     ] GC(0) Old regions: 0->1
[2024-12-19T00:16:20.740+0300][gc,heap     ] GC(0) Archive regions: 2->2
[2024-12-19T00:16:20.740+0300][gc,heap     ] GC(0) Humongous regions: 0->0
[2024-12-19T00:16:20.740+0300][gc,metaspace] GC(0) Metaspace: 18593K(18880K)->18593K(18880K) NonClass: 16308K(16448K)->16308K(16448K) Class: 2285K(2432K)->2285K(2432K)
[2024-12-19T00:16:20.740+0300][gc          ] GC(0) Pause Young (Normal) (G1 Evacuation Pause) 51M->8M(1024M) 4.383ms
[2024-12-19T00:16:20.740+0300][gc,cpu      ] GC(0) User=0.02s Sys=0.01s Real=0.01s
[2024-12-19T00:16:20.875+0300][gc,start    ] GC(1) Pause Young (Concurrent Start) (Metadata GC Threshold)
[2024-12-19T00:16:20.875+0300][gc,task     ] GC(1) Using 8 workers of 8 for evacuation
[2024-12-19T00:16:20.878+0300][gc,phases   ] GC(1)   Pre Evacuate Collection Set: 0.3ms
[2024-12-19T00:16:20.879+0300][gc,phases   ] GC(1)   Merge Heap Roots: 0.1ms
[2024-12-19T00:16:20.879+0300][gc,phases   ] GC(1)   Evacuate Collection Set: 2.6ms
[2024-12-19T00:16:20.879+0300][gc,phases   ] GC(1)   Post Evacuate Collection Set: 0.3ms
[2024-12-19T00:16:20.879+0300][gc,phases   ] GC(1)   Other: 0.0ms
[2024-12-19T00:16:20.879+0300][gc,heap     ] GC(1) Eden regions: 10->0(50)
[2024-12-19T00:16:20.879+0300][gc,heap     ] GC(1) Survivor regions: 7->1(7)
[2024-12-19T00:16:20.879+0300][gc,heap     ] GC(1) Old regions: 1->8
[2024-12-19T00:16:20.879+0300][gc,heap     ] GC(1) Archive regions: 2->2
[2024-12-19T00:16:20.879+0300][gc,heap     ] GC(1) Humongous regions: 0->0
[2024-12-19T00:16:20.879+0300][gc,metaspace] GC(1) Metaspace: 21282K(21504K)->21282K(21504K) NonClass: 18573K(18688K)->18573K(18688K) Class: 2708K(2816K)->2708K(2816K)
[2024-12-19T00:16:20.879+0300][gc          ] GC(1) Pause Young (Concurrent Start) (Metadata GC Threshold) 18M->9M(1024M) 4.068ms
[2024-12-19T00:16:20.879+0300][gc,cpu      ] GC(1) User=0.01s Sys=0.00s Real=0.00s
[2024-12-19T00:16:20.879+0300][gc          ] GC(2) Concurrent Mark Cycle
[2024-12-19T00:16:20.879+0300][gc,marking  ] GC(2) Concurrent Clear Claimed Marks
[2024-12-19T00:16:20.879+0300][gc,marking  ] GC(2) Concurrent Clear Claimed Marks 0.019ms
[2024-12-19T00:16:20.879+0300][gc,marking  ] GC(2) Concurrent Scan Root Regions
[2024-12-19T00:16:20.882+0300][gc,marking  ] GC(2) Concurrent Scan Root Regions 2.437ms
[2024-12-19T00:16:20.882+0300][gc,marking  ] GC(2) Concurrent Mark
[2024-12-19T00:16:20.882+0300][gc,marking  ] GC(2) Concurrent Mark From Roots
[2024-12-19T00:16:20.882+0300][gc,task     ] GC(2) Using 2 workers of 2 for marking
[2024-12-19T00:16:20.883+0300][gc,marking  ] GC(2) Concurrent Mark From Roots 1.584ms
[2024-12-19T00:16:20.883+0300][gc,marking  ] GC(2) Concurrent Preclean
[2024-12-19T00:16:20.883+0300][gc,marking  ] GC(2) Concurrent Preclean 0.010ms
[2024-12-19T00:16:20.884+0300][gc,start    ] GC(2) Pause Remark
[2024-12-19T00:16:20.885+0300][gc          ] GC(2) Pause Remark 10M->10M(1024M) 1.100ms
[2024-12-19T00:16:20.885+0300][gc,cpu      ] GC(2) User=0.01s Sys=0.00s Real=0.00s
[2024-12-19T00:16:20.885+0300][gc,marking  ] GC(2) Concurrent Mark 3.400ms
[2024-12-19T00:16:20.885+0300][gc,marking  ] GC(2) Concurrent Rebuild Remembered Sets
[2024-12-19T00:16:20.887+0300][gc,marking  ] GC(2) Concurrent Rebuild Remembered Sets 2.446ms
[2024-12-19T00:16:20.888+0300][gc,start    ] GC(2) Pause Cleanup
[2024-12-19T00:16:20.888+0300][gc          ] GC(2) Pause Cleanup 10M->10M(1024M) 0.118ms
[2024-12-19T00:16:20.888+0300][gc,cpu      ] GC(2) User=0.00s Sys=0.00s Real=0.00s
[2024-12-19T00:16:20.888+0300][gc,marking  ] GC(2) Concurrent Cleanup for Next Mark
[2024-12-19T00:16:20.889+0300][gc,marking  ] GC(2) Concurrent Cleanup for Next Mark 1.664ms
[2024-12-19T00:16:20.889+0300][gc          ] GC(2) Concurrent Mark Cycle 10.428ms
[2024-12-19T00:16:21.545+0300][gc,start    ] GC(3) Pause Young (Normal) (G1 Evacuation Pause)
[2024-12-19T00:16:21.545+0300][gc,task     ] GC(3) Using 8 workers of 8 for evacuation
[2024-12-19T00:16:21.548+0300][gc,phases   ] GC(3)   Pre Evacuate Collection Set: 0.1ms
[2024-12-19T00:16:21.548+0300][gc,phases   ] GC(3)   Merge Heap Roots: 0.0ms
[2024-12-19T00:16:21.548+0300][gc,phases   ] GC(3)   Evacuate Collection Set: 2.7ms
[2024-12-19T00:16:21.548+0300][gc,phases   ] GC(3)   Post Evacuate Collection Set: 0.4ms
[2024-12-19T00:16:21.548+0300][gc,phases   ] GC(3)   Other: 0.0ms
[2024-12-19T00:16:21.548+0300][gc,heap     ] GC(3) Eden regions: 50->0(45)
[2024-12-19T00:16:21.548+0300][gc,heap     ] GC(3) Survivor regions: 1->6(7)
[2024-12-19T00:16:21.548+0300][gc,heap     ] GC(3) Old regions: 8->8
[2024-12-19T00:16:21.548+0300][gc,heap     ] GC(3) Archive regions: 2->2
[2024-12-19T00:16:21.548+0300][gc,heap     ] GC(3) Humongous regions: 129->129
[2024-12-19T00:16:21.548+0300][gc,metaspace] GC(3) Metaspace: 31272K(31616K)->31272K(31616K) NonClass: 27523K(27712K)->27523K(27712K) Class: 3748K(3904K)->3748K(3904K)
[2024-12-19T00:16:21.548+0300][gc          ] GC(3) Pause Young (Normal) (G1 Evacuation Pause) 188M->142M(1024M) 3.526ms
[2024-12-19T00:16:21.548+0300][gc,cpu      ] GC(3) User=0.02s Sys=0.00s Real=0.00s
[2024-12-19T00:16:21.707+0300][gc,start    ] GC(4) Pause Young (Concurrent Start) (Metadata GC Threshold)
[2024-12-19T00:16:21.707+0300][gc,task     ] GC(4) Using 8 workers of 8 for evacuation
[2024-12-19T00:16:21.713+0300][gc,phases   ] GC(4)   Pre Evacuate Collection Set: 0.2ms
[2024-12-19T00:16:21.713+0300][gc,phases   ] GC(4)   Merge Heap Roots: 0.1ms
[2024-12-19T00:16:21.713+0300][gc,phases   ] GC(4)   Evacuate Collection Set: 4.8ms
[2024-12-19T00:16:21.713+0300][gc,phases   ] GC(4)   Post Evacuate Collection Set: 0.6ms
[2024-12-19T00:16:21.713+0300][gc,phases   ] GC(4)   Other: 0.1ms
[2024-12-19T00:16:21.713+0300][gc,heap     ] GC(4) Eden regions: 16->0(49)
[2024-12-19T00:16:21.713+0300][gc,heap     ] GC(4) Survivor regions: 6->2(7)
[2024-12-19T00:16:21.713+0300][gc,heap     ] GC(4) Old regions: 8->13
[2024-12-19T00:16:21.713+0300][gc,heap     ] GC(4) Archive regions: 2->2
[2024-12-19T00:16:21.713+0300][gc,heap     ] GC(4) Humongous regions: 129->129
[2024-12-19T00:16:21.713+0300][gc,metaspace] GC(4) Metaspace: 35655K(35968K)->35655K(35968K) NonClass: 31511K(31680K)->31511K(31680K) Class: 4144K(4288K)->4144K(4288K)
[2024-12-19T00:16:21.713+0300][gc          ] GC(4) Pause Young (Concurrent Start) (Metadata GC Threshold) 158M->144M(1024M) 6.015ms
[2024-12-19T00:16:21.713+0300][gc          ] GC(5) Concurrent Mark Cycle
[2024-12-19T00:16:21.713+0300][gc,cpu      ] GC(4) User=0.03s Sys=0.01s Real=0.01s
[2024-12-19T00:16:21.713+0300][gc,marking  ] GC(5) Concurrent Clear Claimed Marks
[2024-12-19T00:16:21.713+0300][gc,marking  ] GC(5) Concurrent Clear Claimed Marks 0.046ms
[2024-12-19T00:16:21.713+0300][gc,marking  ] GC(5) Concurrent Scan Root Regions
[2024-12-19T00:16:21.717+0300][gc,marking  ] GC(5) Concurrent Scan Root Regions 4.249ms
[2024-12-19T00:16:21.717+0300][gc,marking  ] GC(5) Concurrent Mark
[2024-12-19T00:16:21.717+0300][gc,marking  ] GC(5) Concurrent Mark From Roots
[2024-12-19T00:16:21.717+0300][gc,task     ] GC(5) Using 2 workers of 2 for marking
[2024-12-19T00:16:21.724+0300][gc,marking  ] GC(5) Concurrent Mark From Roots 6.472ms
[2024-12-19T00:16:21.724+0300][gc,marking  ] GC(5) Concurrent Preclean
[2024-12-19T00:16:21.724+0300][gc,marking  ] GC(5) Concurrent Preclean 0.087ms
[2024-12-19T00:16:21.725+0300][gc,start    ] GC(5) Pause Remark
[2024-12-19T00:16:21.727+0300][gc          ] GC(5) Pause Remark 146M->146M(1024M) 1.948ms
[2024-12-19T00:16:21.727+0300][gc,cpu      ] GC(5) User=0.01s Sys=0.00s Real=0.00s
[2024-12-19T00:16:21.728+0300][gc,marking  ] GC(5) Concurrent Mark 10.027ms
[2024-12-19T00:16:21.728+0300][gc,marking  ] GC(5) Concurrent Rebuild Remembered Sets
[2024-12-19T00:16:21.734+0300][gc,marking  ] GC(5) Concurrent Rebuild Remembered Sets 6.641ms
[2024-12-19T00:16:21.735+0300][gc,start    ] GC(5) Pause Cleanup
[2024-12-19T00:16:21.735+0300][gc          ] GC(5) Pause Cleanup 147M->147M(1024M) 0.175ms
[2024-12-19T00:16:21.735+0300][gc,cpu      ] GC(5) User=0.00s Sys=0.00s Real=0.00s
[2024-12-19T00:16:21.735+0300][gc,marking  ] GC(5) Concurrent Cleanup for Next Mark
[2024-12-19T00:16:21.741+0300][gc,marking  ] GC(5) Concurrent Cleanup for Next Mark 5.812ms
[2024-12-19T00:16:21.742+0300][gc          ] GC(5) Concurrent Mark Cycle 28.674ms
[2024-12-19T00:20:45.793+0300][gc,start    ] GC(6) Pause Young (Prepare Mixed) (G1 Evacuation Pause)
[2024-12-19T00:20:45.794+0300][gc,task     ] GC(6) Using 8 workers of 8 for evacuation
[2024-12-19T00:20:45.813+0300][gc,phases   ] GC(6)   Pre Evacuate Collection Set: 0.7ms
[2024-12-19T00:20:45.813+0300][gc,phases   ] GC(6)   Merge Heap Roots: 0.1ms
[2024-12-19T00:20:45.813+0300][gc,phases   ] GC(6)   Evacuate Collection Set: 17.8ms
[2024-12-19T00:20:45.813+0300][gc,phases   ] GC(6)   Post Evacuate Collection Set: 0.5ms
[2024-12-19T00:20:45.813+0300][gc,phases   ] GC(6)   Other: 0.1ms
[2024-12-19T00:20:45.813+0300][gc,heap     ] GC(6) Eden regions: 49->0(46)
[2024-12-19T00:20:45.813+0300][gc,heap     ] GC(6) Survivor regions: 2->5(7)
[2024-12-19T00:20:45.813+0300][gc,heap     ] GC(6) Old regions: 13->13
[2024-12-19T00:20:45.813+0300][gc,heap     ] GC(6) Archive regions: 2->2
[2024-12-19T00:20:45.813+0300][gc,heap     ] GC(6) Humongous regions: 138->129
[2024-12-19T00:20:45.813+0300][gc,metaspace] GC(6) Metaspace: 42125K(42688K)->42125K(42688K) NonClass: 36866K(37184K)->36866K(37184K) Class: 5259K(5504K)->5259K(5504K)
[2024-12-19T00:20:45.813+0300][gc          ] GC(6) Pause Young (Prepare Mixed) (G1 Evacuation Pause) 202M->146M(1024M) 20.153ms
[2024-12-19T00:20:45.813+0300][gc,cpu      ] GC(6) User=0.02s Sys=0.06s Real=0.02s
[2024-12-19T00:20:49.721+0300][gc,start    ] GC(7) Pause Young (Mixed) (G1 Evacuation Pause)
[2024-12-19T00:20:49.721+0300][gc,task     ] GC(7) Using 8 workers of 8 for evacuation
[2024-12-19T00:20:49.725+0300][gc,phases   ] GC(7)   Pre Evacuate Collection Set: 0.1ms
[2024-12-19T00:20:49.725+0300][gc,phases   ] GC(7)   Merge Heap Roots: 0.1ms
[2024-12-19T00:20:49.725+0300][gc,phases   ] GC(7)   Evacuate Collection Set: 2.8ms
[2024-12-19T00:20:49.725+0300][gc,phases   ] GC(7)   Post Evacuate Collection Set: 0.5ms
[2024-12-19T00:20:49.725+0300][gc,phases   ] GC(7)   Other: 0.1ms
[2024-12-19T00:20:49.725+0300][gc,heap     ] GC(7) Eden regions: 46->0(47)
[2024-12-19T00:20:49.725+0300][gc,heap     ] GC(7) Survivor regions: 5->4(7)
[2024-12-19T00:20:49.725+0300][gc,heap     ] GC(7) Old regions: 13->15
[2024-12-19T00:20:49.725+0300][gc,heap     ] GC(7) Archive regions: 2->2
[2024-12-19T00:20:49.725+0300][gc,heap     ] GC(7) Humongous regions: 129->129
[2024-12-19T00:20:49.725+0300][gc,metaspace] GC(7) Metaspace: 42884K(43456K)->42884K(43456K) NonClass: 37623K(37952K)->37623K(37952K) Class: 5260K(5504K)->5260K(5504K)
[2024-12-19T00:20:49.725+0300][gc          ] GC(7) Pause Young (Mixed) (G1 Evacuation Pause) 192M->147M(1024M) 3.741ms
[2024-12-19T00:20:49.725+0300][gc,cpu      ] GC(7) User=0.02s Sys=0.00s Real=0.00s
[2024-12-19T00:20:53.475+0300][gc,start    ] GC(8) Pause Young (Normal) (G1 Evacuation Pause)
[2024-12-19T00:20:53.475+0300][gc,task     ] GC(8) Using 8 workers of 8 for evacuation
[2024-12-19T00:20:53.478+0300][gc,phases   ] GC(8)   Pre Evacuate Collection Set: 0.2ms
[2024-12-19T00:20:53.478+0300][gc,phases   ] GC(8)   Merge Heap Roots: 0.1ms
[2024-12-19T00:20:53.478+0300][gc,phases   ] GC(8)   Evacuate Collection Set: 1.7ms
[2024-12-19T00:20:53.478+0300][gc,phases   ] GC(8)   Post Evacuate Collection Set: 0.4ms
[2024-12-19T00:20:53.478+0300][gc,phases   ] GC(8)   Other: 0.1ms
[2024-12-19T00:20:53.478+0300][gc,heap     ] GC(8) Eden regions: 47->0(47)
[2024-12-19T00:20:53.478+0300][gc,heap     ] GC(8) Survivor regions: 4->4(7)
[2024-12-19T00:20:53.478+0300][gc,heap     ] GC(8) Old regions: 15->15
[2024-12-19T00:20:53.478+0300][gc,heap     ] GC(8) Archive regions: 2->2
[2024-12-19T00:20:53.478+0300][gc,heap     ] GC(8) Humongous regions: 129->129
[2024-12-19T00:20:53.478+0300][gc,metaspace] GC(8) Metaspace: 42909K(43456K)->42909K(43456K) NonClass: 37649K(37952K)->37649K(37952K) Class: 5260K(5504K)->5260K(5504K)
[2024-12-19T00:20:53.478+0300][gc          ] GC(8) Pause Young (Normal) (G1 Evacuation Pause) 194M->147M(1024M) 3.348ms
[2024-12-19T00:20:53.478+0300][gc,cpu      ] GC(8) User=0.02s Sys=0.00s Real=0.00s
[2024-12-19T00:20:57.455+0300][gc,start    ] GC(9) Pause Young (Normal) (G1 Evacuation Pause)
[2024-12-19T00:20:57.455+0300][gc,task     ] GC(9) Using 8 workers of 8 for evacuation
[2024-12-19T00:20:57.458+0300][gc,phases   ] GC(9)   Pre Evacuate Collection Set: 0.1ms
[2024-12-19T00:20:57.458+0300][gc,phases   ] GC(9)   Merge Heap Roots: 0.1ms
[2024-12-19T00:20:57.458+0300][gc,phases   ] GC(9)   Evacuate Collection Set: 2.2ms
[2024-12-19T00:20:57.458+0300][gc,phases   ] GC(9)   Post Evacuate Collection Set: 0.5ms
[2024-12-19T00:20:57.458+0300][gc,phases   ] GC(9)   Other: 0.1ms
[2024-12-19T00:20:57.458+0300][gc,heap     ] GC(9) Eden regions: 47->0(61)
[2024-12-19T00:20:57.458+0300][gc,heap     ] GC(9) Survivor regions: 4->4(7)
[2024-12-19T00:20:57.458+0300][gc,heap     ] GC(9) Old regions: 15->15
[2024-12-19T00:20:57.458+0300][gc,heap     ] GC(9) Archive regions: 2->2
[2024-12-19T00:20:57.458+0300][gc,heap     ] GC(9) Humongous regions: 129->129
[2024-12-19T00:20:57.458+0300][gc,metaspace] GC(9) Metaspace: 42909K(43456K)->42909K(43456K) NonClass: 37649K(37952K)->37649K(37952K) Class: 5260K(5504K)->5260K(5504K)
[2024-12-19T00:20:57.458+0300][gc          ] GC(9) Pause Young (Normal) (G1 Evacuation Pause) 194M->147M(1024M) 3.152ms
[2024-12-19T00:20:57.458+0300][gc,cpu      ] GC(9) User=0.01s Sys=0.00s Real=0.00s
[2024-12-19T00:21:03.081+0300][gc,start    ] GC(10) Pause Young (Normal) (G1 Evacuation Pause)
[2024-12-19T00:21:03.081+0300][gc,task     ] GC(10) Using 8 workers of 8 for evacuation
[2024-12-19T00:21:03.084+0300][gc,phases   ] GC(10)   Pre Evacuate Collection Set: 0.1ms
[2024-12-19T00:21:03.084+0300][gc,phases   ] GC(10)   Merge Heap Roots: 0.0ms
[2024-12-19T00:21:03.084+0300][gc,phases   ] GC(10)   Evacuate Collection Set: 2.2ms
[2024-12-19T00:21:03.084+0300][gc,phases   ] GC(10)   Post Evacuate Collection Set: 0.3ms
[2024-12-19T00:21:03.084+0300][gc,phases   ] GC(10)   Other: 0.1ms
[2024-12-19T00:21:03.084+0300][gc,heap     ] GC(10) Eden regions: 61->0(308)
[2024-12-19T00:21:03.084+0300][gc,heap     ] GC(10) Survivor regions: 4->4(9)
[2024-12-19T00:21:03.084+0300][gc,heap     ] GC(10) Old regions: 15->15
[2024-12-19T00:21:03.084+0300][gc,heap     ] GC(10) Archive regions: 2->2
[2024-12-19T00:21:03.084+0300][gc,heap     ] GC(10) Humongous regions: 129->129
[2024-12-19T00:21:03.084+0300][gc,metaspace] GC(10) Metaspace: 42909K(43456K)->42909K(43456K) NonClass: 37649K(37952K)->37649K(37952K) Class: 5260K(5504K)->5260K(5504K)
[2024-12-19T00:21:03.084+0300][gc          ] GC(10) Pause Young (Normal) (G1 Evacuation Pause) 208M->147M(1024M) 3.135ms
[2024-12-19T00:21:03.084+0300][gc,cpu      ] GC(10) User=0.01s Sys=0.00s Real=0.00s
[2024-12-19T00:26:32.699+0300][gc,start    ] GC(11) Pause Young (Normal) (G1 Evacuation Pause)
[2024-12-19T00:26:32.700+0300][gc,task     ] GC(11) Using 8 workers of 8 for evacuation
[2024-12-19T00:26:32.712+0300][gc,phases   ] GC(11)   Pre Evacuate Collection Set: 0.7ms
[2024-12-19T00:26:32.712+0300][gc,phases   ] GC(11)   Merge Heap Roots: 0.9ms
[2024-12-19T00:26:32.712+0300][gc,phases   ] GC(11)   Evacuate Collection Set: 8.1ms
[2024-12-19T00:26:32.712+0300][gc,phases   ] GC(11)   Post Evacuate Collection Set: 1.3ms
[2024-12-19T00:26:32.712+0300][gc,phases   ] GC(11)   Other: 0.8ms
[2024-12-19T00:26:32.712+0300][gc,heap     ] GC(11) Eden regions: 308->0(313)
[2024-12-19T00:26:32.712+0300][gc,heap     ] GC(11) Survivor regions: 4->4(39)
[2024-12-19T00:26:32.712+0300][gc,heap     ] GC(11) Old regions: 15->15
[2024-12-19T00:26:32.712+0300][gc,heap     ] GC(11) Archive regions: 2->2
[2024-12-19T00:26:32.712+0300][gc,heap     ] GC(11) Humongous regions: 150->129
[2024-12-19T00:26:32.712+0300][gc,metaspace] GC(11) Metaspace: 44167K(44864K)->44167K(44864K) NonClass: 38646K(39040K)->38646K(39040K) Class: 5520K(5824K)->5520K(5824K)
[2024-12-19T00:26:32.712+0300][gc          ] GC(11) Pause Young (Normal) (G1 Evacuation Pause) 476M->148M(1024M) 13.508ms
[2024-12-19T00:26:32.712+0300][gc,cpu      ] GC(11) User=0.03s Sys=0.02s Real=0.02s
[2024-12-19T00:26:39.217+0300][gc,start    ] GC(12) Pause Young (Normal) (G1 Evacuation Pause)
[2024-12-19T00:26:39.218+0300][gc,task     ] GC(12) Using 8 workers of 8 for evacuation
[2024-12-19T00:26:39.225+0300][gc,phases   ] GC(12)   Pre Evacuate Collection Set: 0.3ms
[2024-12-19T00:26:39.226+0300][gc,phases   ] GC(12)   Merge Heap Roots: 0.2ms
[2024-12-19T00:26:39.226+0300][gc,phases   ] GC(12)   Evacuate Collection Set: 5.8ms
[2024-12-19T00:26:39.226+0300][gc,phases   ] GC(12)   Post Evacuate Collection Set: 0.9ms
[2024-12-19T00:26:39.226+0300][gc,phases   ] GC(12)   Other: 0.2ms
[2024-12-19T00:26:39.226+0300][gc,heap     ] GC(12) Eden regions: 313->0(610)
[2024-12-19T00:26:39.226+0300][gc,heap     ] GC(12) Survivor regions: 4->4(40)
[2024-12-19T00:26:39.226+0300][gc,heap     ] GC(12) Old regions: 15->15
[2024-12-19T00:26:39.226+0300][gc,heap     ] GC(12) Archive regions: 2->2
[2024-12-19T00:26:39.226+0300][gc,heap     ] GC(12) Humongous regions: 129->129
[2024-12-19T00:26:39.226+0300][gc,metaspace] GC(12) Metaspace: 44169K(44864K)->44169K(44864K) NonClass: 38649K(39040K)->38649K(39040K) Class: 5520K(5824K)->5520K(5824K)
[2024-12-19T00:26:39.226+0300][gc          ] GC(12) Pause Young (Normal) (G1 Evacuation Pause) 461M->148M(1024M) 8.341ms
[2024-12-19T00:26:39.226+0300][gc,cpu      ] GC(12) User=0.02s Sys=0.02s Real=0.01s
[2024-12-19T00:26:47.145+0300][gc,start    ] GC(13) Pause Young (Normal) (G1 Evacuation Pause)
[2024-12-19T00:26:47.146+0300][gc,task     ] GC(13) Using 8 workers of 8 for evacuation
[2024-12-19T00:26:47.155+0300][gc,phases   ] GC(13)   Pre Evacuate Collection Set: 0.3ms
[2024-12-19T00:26:47.155+0300][gc,phases   ] GC(13)   Merge Heap Roots: 0.1ms
[2024-12-19T00:26:47.155+0300][gc,phases   ] GC(13)   Evacuate Collection Set: 7.7ms
[2024-12-19T00:26:47.155+0300][gc,phases   ] GC(13)   Post Evacuate Collection Set: 0.6ms
[2024-12-19T00:26:47.155+0300][gc,phases   ] GC(13)   Other: 0.2ms
[2024-12-19T00:26:47.155+0300][gc,heap     ] GC(13) Eden regions: 610->0(610)
[2024-12-19T00:26:47.155+0300][gc,heap     ] GC(13) Survivor regions: 4->4(77)
[2024-12-19T00:26:47.155+0300][gc,heap     ] GC(13) Old regions: 15->15
[2024-12-19T00:26:47.155+0300][gc,heap     ] GC(13) Archive regions: 2->2
[2024-12-19T00:26:47.155+0300][gc,heap     ] GC(13) Humongous regions: 129->129
[2024-12-19T00:26:47.155+0300][gc,metaspace] GC(13) Metaspace: 44182K(44864K)->44182K(44864K) NonClass: 38662K(39040K)->38662K(39040K) Class: 5520K(5824K)->5520K(5824K)
[2024-12-19T00:26:47.155+0300][gc          ] GC(13) Pause Young (Normal) (G1 Evacuation Pause) 758M->148M(1024M) 9.859ms
[2024-12-19T00:26:47.155+0300][gc,cpu      ] GC(13) User=0.02s Sys=0.02s Real=0.01s
[2024-12-19T00:26:55.145+0300][gc,start    ] GC(14) Pause Young (Normal) (G1 Evacuation Pause)
[2024-12-19T00:26:55.145+0300][gc,task     ] GC(14) Using 8 workers of 8 for evacuation
[2024-12-19T00:26:55.153+0300][gc,phases   ] GC(14)   Pre Evacuate Collection Set: 0.2ms
[2024-12-19T00:26:55.154+0300][gc,phases   ] GC(14)   Merge Heap Roots: 0.2ms
[2024-12-19T00:26:55.154+0300][gc,phases   ] GC(14)   Evacuate Collection Set: 7.2ms
[2024-12-19T00:26:55.154+0300][gc,phases   ] GC(14)   Post Evacuate Collection Set: 1.0ms
[2024-12-19T00:26:55.154+0300][gc,phases   ] GC(14)   Other: 0.1ms
[2024-12-19T00:26:55.154+0300][gc,heap     ] GC(14) Eden regions: 610->0(610)
[2024-12-19T00:26:55.154+0300][gc,heap     ] GC(14) Survivor regions: 4->4(77)
[2024-12-19T00:26:55.154+0300][gc,heap     ] GC(14) Old regions: 15->15
[2024-12-19T00:26:55.154+0300][gc,heap     ] GC(14) Archive regions: 2->2
[2024-12-19T00:26:55.154+0300][gc,heap     ] GC(14) Humongous regions: 129->129
[2024-12-19T00:26:55.154+0300][gc,metaspace] GC(14) Metaspace: 44183K(44864K)->44183K(44864K) NonClass: 38663K(39040K)->38663K(39040K) Class: 5520K(5824K)->5520K(5824K)
[2024-12-19T00:26:55.154+0300][gc          ] GC(14) Pause Young (Normal) (G1 Evacuation Pause) 758M->148M(1024M) 9.002ms
[2024-12-19T00:26:55.154+0300][gc,cpu      ] GC(14) User=0.02s Sys=0.01s Real=0.01s
[2024-12-19T00:27:03.060+0300][gc,start    ] GC(15) Pause Young (Normal) (G1 Evacuation Pause)
[2024-12-19T00:27:03.061+0300][gc,task     ] GC(15) Using 8 workers of 8 for evacuation
[2024-12-19T00:27:03.066+0300][gc,phases   ] GC(15)   Pre Evacuate Collection Set: 0.4ms
[2024-12-19T00:27:03.066+0300][gc,phases   ] GC(15)   Merge Heap Roots: 0.2ms
[2024-12-19T00:27:03.066+0300][gc,phases   ] GC(15)   Evacuate Collection Set: 3.8ms
[2024-12-19T00:27:03.066+0300][gc,phases   ] GC(15)   Post Evacuate Collection Set: 0.7ms
[2024-12-19T00:27:03.066+0300][gc,phases   ] GC(15)   Other: 0.1ms
[2024-12-19T00:27:03.066+0300][gc,heap     ] GC(15) Eden regions: 610->0(610)
[2024-12-19T00:27:03.066+0300][gc,heap     ] GC(15) Survivor regions: 4->4(77)
[2024-12-19T00:27:03.066+0300][gc,heap     ] GC(15) Old regions: 15->15
[2024-12-19T00:27:03.066+0300][gc,heap     ] GC(15) Archive regions: 2->2
[2024-12-19T00:27:03.066+0300][gc,heap     ] GC(15) Humongous regions: 129->129
[2024-12-19T00:27:03.066+0300][gc,metaspace] GC(15) Metaspace: 44187K(44864K)->44187K(44864K) NonClass: 38666K(39040K)->38666K(39040K) Class: 5520K(5824K)->5520K(5824K)
[2024-12-19T00:27:03.066+0300][gc          ] GC(15) Pause Young (Normal) (G1 Evacuation Pause) 758M->148M(1024M) 6.293ms
[2024-12-19T00:27:03.066+0300][gc,cpu      ] GC(15) User=0.02s Sys=0.01s Real=0.00s
[2024-12-19T00:27:14.311+0300][gc,start    ] GC(16) Pause Young (Normal) (G1 Evacuation Pause)
[2024-12-19T00:27:14.312+0300][gc,task     ] GC(16) Using 8 workers of 8 for evacuation
[2024-12-19T00:27:14.326+0300][gc,phases   ] GC(16)   Pre Evacuate Collection Set: 0.7ms
[2024-12-19T00:27:14.326+0300][gc,phases   ] GC(16)   Merge Heap Roots: 0.2ms
[2024-12-19T00:27:14.326+0300][gc,phases   ] GC(16)   Evacuate Collection Set: 12.0ms
[2024-12-19T00:27:14.327+0300][gc,phases   ] GC(16)   Post Evacuate Collection Set: 1.1ms
[2024-12-19T00:27:14.327+0300][gc,phases   ] GC(16)   Other: 0.3ms
[2024-12-19T00:27:14.327+0300][gc,heap     ] GC(16) Eden regions: 610->0(609)
[2024-12-19T00:27:14.327+0300][gc,heap     ] GC(16) Survivor regions: 4->5(77)
[2024-12-19T00:27:14.327+0300][gc,heap     ] GC(16) Old regions: 15->15
[2024-12-19T00:27:14.327+0300][gc,heap     ] GC(16) Archive regions: 2->2
[2024-12-19T00:27:14.327+0300][gc,heap     ] GC(16) Humongous regions: 129->129
[2024-12-19T00:27:14.327+0300][gc,metaspace] GC(16) Metaspace: 44189K(44864K)->44189K(44864K) NonClass: 38669K(39040K)->38669K(39040K) Class: 5520K(5824K)->5520K(5824K)
[2024-12-19T00:27:14.327+0300][gc          ] GC(16) Pause Young (Normal) (G1 Evacuation Pause) 758M->148M(1024M) 15.290ms
[2024-12-19T00:27:14.327+0300][gc,cpu      ] GC(16) User=0.02s Sys=0.03s Real=0.01s
[2024-12-19T00:27:22.662+0300][gc,start    ] GC(17) Pause Young (Normal) (G1 Evacuation Pause)
[2024-12-19T00:27:22.663+0300][gc,task     ] GC(17) Using 8 workers of 8 for evacuation
[2024-12-19T00:27:22.667+0300][gc,phases   ] GC(17)   Pre Evacuate Collection Set: 0.2ms
[2024-12-19T00:27:22.667+0300][gc,phases   ] GC(17)   Merge Heap Roots: 0.2ms
[2024-12-19T00:27:22.667+0300][gc,phases   ] GC(17)   Evacuate Collection Set: 3.3ms
[2024-12-19T00:27:22.667+0300][gc,phases   ] GC(17)   Post Evacuate Collection Set: 0.6ms
[2024-12-19T00:27:22.667+0300][gc,phases   ] GC(17)   Other: 0.1ms
[2024-12-19T00:27:22.667+0300][gc,heap     ] GC(17) Eden regions: 609->0(609)
[2024-12-19T00:27:22.667+0300][gc,heap     ] GC(17) Survivor regions: 5->5(77)
[2024-12-19T00:27:22.667+0300][gc,heap     ] GC(17) Old regions: 15->15
[2024-12-19T00:27:22.667+0300][gc,heap     ] GC(17) Archive regions: 2->2
[2024-12-19T00:27:22.667+0300][gc,heap     ] GC(17) Humongous regions: 129->129
[2024-12-19T00:27:22.667+0300][gc,metaspace] GC(17) Metaspace: 44238K(44928K)->44238K(44928K) NonClass: 38709K(39104K)->38709K(39104K) Class: 5528K(5824K)->5528K(5824K)
[2024-12-19T00:27:22.667+0300][gc          ] GC(17) Pause Young (Normal) (G1 Evacuation Pause) 757M->148M(1024M) 5.493ms
[2024-12-19T00:27:22.667+0300][gc,cpu      ] GC(17) User=0.02s Sys=0.00s Real=0.00s
[2024-12-19T00:27:31.142+0300][gc,start    ] GC(18) Pause Young (Normal) (G1 Evacuation Pause)
[2024-12-19T00:27:31.142+0300][gc,task     ] GC(18) Using 8 workers of 8 for evacuation
[2024-12-19T00:27:31.153+0300][gc,phases   ] GC(18)   Pre Evacuate Collection Set: 0.5ms
[2024-12-19T00:27:31.153+0300][gc,phases   ] GC(18)   Merge Heap Roots: 0.2ms
[2024-12-19T00:27:31.153+0300][gc,phases   ] GC(18)   Evacuate Collection Set: 9.8ms
[2024-12-19T00:27:31.153+0300][gc,phases   ] GC(18)   Post Evacuate Collection Set: 0.8ms
[2024-12-19T00:27:31.153+0300][gc,phases   ] GC(18)   Other: 0.1ms
[2024-12-19T00:27:31.153+0300][gc,heap     ] GC(18) Eden regions: 609->0(609)
[2024-12-19T00:27:31.153+0300][gc,heap     ] GC(18) Survivor regions: 5->5(77)
[2024-12-19T00:27:31.153+0300][gc,heap     ] GC(18) Old regions: 15->15
[2024-12-19T00:27:31.153+0300][gc,heap     ] GC(18) Archive regions: 2->2
[2024-12-19T00:27:31.153+0300][gc,heap     ] GC(18) Humongous regions: 129->129
[2024-12-19T00:27:31.153+0300][gc,metaspace] GC(18) Metaspace: 44247K(44928K)->44247K(44928K) NonClass: 38718K(39104K)->38718K(39104K) Class: 5528K(5824K)->5528K(5824K)
[2024-12-19T00:27:31.153+0300][gc          ] GC(18) Pause Young (Normal) (G1 Evacuation Pause) 757M->148M(1024M) 11.827ms
[2024-12-19T00:27:31.153+0300][gc,cpu      ] GC(18) User=0.02s Sys=0.03s Real=0.01s
[2024-12-19T17:54:01.413+0300][gc,heap,exit] Heap
[2024-12-19T17:54:01.415+0300][gc,heap,exit]  garbage-first heap   total 1048576K, used 399137K [0x00000007c0000000, 0x0000000800000000)
[2024-12-19T17:54:01.415+0300][gc,heap,exit]   region size 1024K, 247 young (252928K), 5 survivors (5120K)
[2024-12-19T17:54:01.415+0300][gc,heap,exit]  Metaspace       used 45450K, committed 46144K, reserved 1114112K
[2024-12-19T17:54:01.415+0300][gc,heap,exit]   class space    used 5691K, committed 6016K, reserved 1048576K
