[2024-12-19T00:13:15.174+0300][gc,init] CardTable entry size: 512
[2024-12-19T00:13:15.175+0300][gc     ] Using G1
[2024-12-19T00:13:15.176+0300][gc,init] Version: 19.0.2+7-44 (release)
[2024-12-19T00:13:15.176+0300][gc,init] CPUs: 8 total, 8 available
[2024-12-19T00:13:15.176+0300][gc,init] Memory: 8192M
[2024-12-19T00:13:15.176+0300][gc,init] Large Page Support: Disabled
[2024-12-19T00:13:15.176+0300][gc,init] NUMA Support: Disabled
[2024-12-19T00:13:15.176+0300][gc,init] Compressed Oops: Enabled (Zero based)
[2024-12-19T00:13:15.176+0300][gc,init] Heap Region Size: 1M
[2024-12-19T00:13:15.176+0300][gc,init] Heap Min Capacity: 1G
[2024-12-19T00:13:15.176+0300][gc,init] Heap Initial Capacity: 1G
[2024-12-19T00:13:15.177+0300][gc,init] Heap Max Capacity: 1G
[2024-12-19T00:13:15.177+0300][gc,init] Pre-touch: Disabled
[2024-12-19T00:13:15.177+0300][gc,init] Parallel Workers: 8
[2024-12-19T00:13:15.177+0300][gc,init] Concurrent Workers: 2
[2024-12-19T00:13:15.177+0300][gc,init] Concurrent Refinement Workers: 8
[2024-12-19T00:13:15.177+0300][gc,init] Periodic GC: Disabled
[2024-12-19T00:13:15.177+0300][gc,metaspace] CDS archive(s) mapped at: [0x0000000800000000-0x0000000800c48000-0x0000000800c48000), size 12877824, SharedBaseAddress: 0x0000000800000000, ArchiveRelocationMode: 0.
[2024-12-19T00:13:15.177+0300][gc,metaspace] Compressed class space mapped at: 0x0000000801000000-0x0000000841000000, reserved size: 1073741824
[2024-12-19T00:13:15.177+0300][gc,metaspace] Narrow klass base: 0x0000000800000000, Narrow klass shift: 0, Narrow klass range: 0x100000000
[2024-12-19T00:13:16.063+0300][gc,start    ] GC(0) Pause Young (Normal) (G1 Evacuation Pause)
[2024-12-19T00:13:16.064+0300][gc,task     ] GC(0) Using 8 workers of 8 for evacuation
[2024-12-19T00:13:16.067+0300][gc,phases   ] GC(0)   Pre Evacuate Collection Set: 0.1ms
[2024-12-19T00:13:16.067+0300][gc,phases   ] GC(0)   Merge Heap Roots: 0.0ms
[2024-12-19T00:13:16.067+0300][gc,phases   ] GC(0)   Evacuate Collection Set: 2.8ms
[2024-12-19T00:13:16.067+0300][gc,phases   ] GC(0)   Post Evacuate Collection Set: 0.4ms
[2024-12-19T00:13:16.067+0300][gc,phases   ] GC(0)   Other: 0.3ms
[2024-12-19T00:13:16.067+0300][gc,heap     ] GC(0) Eden regions: 51->0(44)
[2024-12-19T00:13:16.067+0300][gc,heap     ] GC(0) Survivor regions: 0->7(7)
[2024-12-19T00:13:16.067+0300][gc,heap     ] GC(0) Old regions: 0->1
[2024-12-19T00:13:16.067+0300][gc,heap     ] GC(0) Archive regions: 2->2
[2024-12-19T00:13:16.067+0300][gc,heap     ] GC(0) Humongous regions: 0->0
[2024-12-19T00:13:16.067+0300][gc,metaspace] GC(0) Metaspace: 18594K(18816K)->18594K(18816K) NonClass: 16305K(16384K)->16305K(16384K) Class: 2289K(2432K)->2289K(2432K)
[2024-12-19T00:13:16.067+0300][gc          ] GC(0) Pause Young (Normal) (G1 Evacuation Pause) 51M->8M(1024M) 3.800ms
[2024-12-19T00:13:16.067+0300][gc,cpu      ] GC(0) User=0.02s Sys=0.00s Real=0.00s
[2024-12-19T00:13:16.192+0300][gc,start    ] GC(1) Pause Young (Concurrent Start) (Metadata GC Threshold)
[2024-12-19T00:13:16.192+0300][gc,task     ] GC(1) Using 8 workers of 8 for evacuation
[2024-12-19T00:13:16.195+0300][gc,phases   ] GC(1)   Pre Evacuate Collection Set: 0.1ms
[2024-12-19T00:13:16.195+0300][gc,phases   ] GC(1)   Merge Heap Roots: 0.0ms
[2024-12-19T00:13:16.195+0300][gc,phases   ] GC(1)   Evacuate Collection Set: 2.6ms
[2024-12-19T00:13:16.195+0300][gc,phases   ] GC(1)   Post Evacuate Collection Set: 0.3ms
[2024-12-19T00:13:16.195+0300][gc,phases   ] GC(1)   Other: 0.0ms
[2024-12-19T00:13:16.195+0300][gc,heap     ] GC(1) Eden regions: 10->0(50)
[2024-12-19T00:13:16.195+0300][gc,heap     ] GC(1) Survivor regions: 7->1(7)
[2024-12-19T00:13:16.195+0300][gc,heap     ] GC(1) Old regions: 1->8
[2024-12-19T00:13:16.195+0300][gc,heap     ] GC(1) Archive regions: 2->2
[2024-12-19T00:13:16.195+0300][gc,heap     ] GC(1) Humongous regions: 0->0
[2024-12-19T00:13:16.195+0300][gc,metaspace] GC(1) Metaspace: 21272K(21504K)->21272K(21504K) NonClass: 18565K(18688K)->18565K(18688K) Class: 2706K(2816K)->2706K(2816K)
[2024-12-19T00:13:16.195+0300][gc          ] GC(1) Pause Young (Concurrent Start) (Metadata GC Threshold) 17M->9M(1024M) 3.270ms
[2024-12-19T00:13:16.195+0300][gc,cpu      ] GC(1) User=0.01s Sys=0.00s Real=0.00s
[2024-12-19T00:13:16.195+0300][gc          ] GC(2) Concurrent Mark Cycle
[2024-12-19T00:13:16.195+0300][gc,marking  ] GC(2) Concurrent Clear Claimed Marks
[2024-12-19T00:13:16.195+0300][gc,marking  ] GC(2) Concurrent Clear Claimed Marks 0.013ms
[2024-12-19T00:13:16.195+0300][gc,marking  ] GC(2) Concurrent Scan Root Regions
[2024-12-19T00:13:16.197+0300][gc,marking  ] GC(2) Concurrent Scan Root Regions 1.563ms
[2024-12-19T00:13:16.197+0300][gc,marking  ] GC(2) Concurrent Mark
[2024-12-19T00:13:16.197+0300][gc,marking  ] GC(2) Concurrent Mark From Roots
[2024-12-19T00:13:16.197+0300][gc,task     ] GC(2) Using 2 workers of 2 for marking
[2024-12-19T00:13:16.198+0300][gc,marking  ] GC(2) Concurrent Mark From Roots 1.594ms
[2024-12-19T00:13:16.198+0300][gc,marking  ] GC(2) Concurrent Preclean
[2024-12-19T00:13:16.198+0300][gc,marking  ] GC(2) Concurrent Preclean 0.008ms
[2024-12-19T00:13:16.199+0300][gc,start    ] GC(2) Pause Remark
[2024-12-19T00:13:16.199+0300][gc          ] GC(2) Pause Remark 10M->10M(1024M) 0.974ms
[2024-12-19T00:13:16.200+0300][gc,cpu      ] GC(2) User=0.01s Sys=0.00s Real=0.01s
[2024-12-19T00:13:16.200+0300][gc,marking  ] GC(2) Concurrent Mark 2.742ms
[2024-12-19T00:13:16.200+0300][gc,marking  ] GC(2) Concurrent Rebuild Remembered Sets
[2024-12-19T00:13:16.202+0300][gc,marking  ] GC(2) Concurrent Rebuild Remembered Sets 2.455ms
[2024-12-19T00:13:16.202+0300][gc,start    ] GC(2) Pause Cleanup
[2024-12-19T00:13:16.202+0300][gc          ] GC(2) Pause Cleanup 10M->10M(1024M) 0.076ms
[2024-12-19T00:13:16.202+0300][gc,cpu      ] GC(2) User=0.00s Sys=0.00s Real=0.00s
[2024-12-19T00:13:16.202+0300][gc,marking  ] GC(2) Concurrent Cleanup for Next Mark
[2024-12-19T00:13:16.204+0300][gc,marking  ] GC(2) Concurrent Cleanup for Next Mark 1.515ms
[2024-12-19T00:13:16.204+0300][gc          ] GC(2) Concurrent Mark Cycle 8.559ms
[2024-12-19T00:13:16.914+0300][gc,start    ] GC(3) Pause Young (Normal) (G1 Evacuation Pause)
[2024-12-19T00:13:16.914+0300][gc,task     ] GC(3) Using 8 workers of 8 for evacuation
[2024-12-19T00:13:16.917+0300][gc,phases   ] GC(3)   Pre Evacuate Collection Set: 0.1ms
[2024-12-19T00:13:16.917+0300][gc,phases   ] GC(3)   Merge Heap Roots: 0.0ms
[2024-12-19T00:13:16.917+0300][gc,phases   ] GC(3)   Evacuate Collection Set: 2.6ms
[2024-12-19T00:13:16.917+0300][gc,phases   ] GC(3)   Post Evacuate Collection Set: 0.4ms
[2024-12-19T00:13:16.917+0300][gc,phases   ] GC(3)   Other: 0.0ms
[2024-12-19T00:13:16.917+0300][gc,heap     ] GC(3) Eden regions: 50->0(45)
[2024-12-19T00:13:16.917+0300][gc,heap     ] GC(3) Survivor regions: 1->6(7)
[2024-12-19T00:13:16.917+0300][gc,heap     ] GC(3) Old regions: 8->8
[2024-12-19T00:13:16.917+0300][gc,heap     ] GC(3) Archive regions: 2->2
[2024-12-19T00:13:16.917+0300][gc,heap     ] GC(3) Humongous regions: 129->129
[2024-12-19T00:13:16.917+0300][gc,metaspace] GC(3) Metaspace: 31126K(31424K)->31126K(31424K) NonClass: 27408K(27584K)->27408K(27584K) Class: 3717K(3840K)->3717K(3840K)
[2024-12-19T00:13:16.917+0300][gc          ] GC(3) Pause Young (Normal) (G1 Evacuation Pause) 188M->142M(1024M) 3.316ms
[2024-12-19T00:13:16.917+0300][gc,cpu      ] GC(3) User=0.01s Sys=0.00s Real=0.00s
[2024-12-19T00:13:17.306+0300][gc,heap,exit] Heap
[2024-12-19T00:13:17.306+0300][gc,heap,exit]  garbage-first heap   total 1048576K, used 158768K [0x00000007c0000000, 0x0000000800000000)
[2024-12-19T00:13:17.306+0300][gc,heap,exit]   region size 1024K, 19 young (19456K), 6 survivors (6144K)
[2024-12-19T00:13:17.306+0300][gc,heap,exit]  Metaspace       used 32868K, committed 33152K, reserved 1114112K
[2024-12-19T00:13:17.306+0300][gc,heap,exit]   class space    used 3999K, committed 4160K, reserved 1048576K
