[2024-12-17T11:17:48.985+0300][gc,init] CardTable entry size: 512
[2024-12-17T11:17:48.985+0300][gc     ] Using G1
[2024-12-17T11:17:48.987+0300][gc,init] Version: 19.0.2+7-44 (release)
[2024-12-17T11:17:48.987+0300][gc,init] CPUs: 8 total, 8 available
[2024-12-17T11:17:48.987+0300][gc,init] Memory: 8192M
[2024-12-17T11:17:48.987+0300][gc,init] Large Page Support: Disabled
[2024-12-17T11:17:48.987+0300][gc,init] NUMA Support: Disabled
[2024-12-17T11:17:48.987+0300][gc,init] Compressed Oops: Enabled (Zero based)
[2024-12-17T11:17:48.987+0300][gc,init] Heap Region Size: 1M
[2024-12-17T11:17:48.987+0300][gc,init] Heap Min Capacity: 1G
[2024-12-17T11:17:48.987+0300][gc,init] Heap Initial Capacity: 1G
[2024-12-17T11:17:48.987+0300][gc,init] Heap Max Capacity: 1G
[2024-12-17T11:17:48.987+0300][gc,init] Pre-touch: Disabled
[2024-12-17T11:17:48.987+0300][gc,init] Parallel Workers: 8
[2024-12-17T11:17:48.987+0300][gc,init] Concurrent Workers: 2
[2024-12-17T11:17:48.987+0300][gc,init] Concurrent Refinement Workers: 8
[2024-12-17T11:17:48.987+0300][gc,init] Periodic GC: Disabled
[2024-12-17T11:17:48.987+0300][gc,metaspace] CDS archive(s) mapped at: [0x0000000800000000-0x0000000800c48000-0x0000000800c48000), size 12877824, SharedBaseAddress: 0x0000000800000000, ArchiveRelocationMode: 0.
[2024-12-17T11:17:48.987+0300][gc,metaspace] Compressed class space mapped at: 0x0000000801000000-0x0000000841000000, reserved size: 1073741824
[2024-12-17T11:17:48.987+0300][gc,metaspace] Narrow klass base: 0x0000000800000000, Narrow klass shift: 0, Narrow klass range: 0x100000000
[2024-12-17T11:17:49.897+0300][gc,start    ] GC(0) Pause Young (Normal) (G1 Evacuation Pause)
[2024-12-17T11:17:49.897+0300][gc,task     ] GC(0) Using 8 workers of 8 for evacuation
[2024-12-17T11:17:49.900+0300][gc,phases   ] GC(0)   Pre Evacuate Collection Set: 0.1ms
[2024-12-17T11:17:49.900+0300][gc,phases   ] GC(0)   Merge Heap Roots: 0.0ms
[2024-12-17T11:17:49.900+0300][gc,phases   ] GC(0)   Evacuate Collection Set: 2.2ms
[2024-12-17T11:17:49.900+0300][gc,phases   ] GC(0)   Post Evacuate Collection Set: 0.4ms
[2024-12-17T11:17:49.900+0300][gc,phases   ] GC(0)   Other: 0.3ms
[2024-12-17T11:17:49.900+0300][gc,heap     ] GC(0) Eden regions: 51->0(44)
[2024-12-17T11:17:49.900+0300][gc,heap     ] GC(0) Survivor regions: 0->7(7)
[2024-12-17T11:17:49.900+0300][gc,heap     ] GC(0) Old regions: 0->1
[2024-12-17T11:17:49.900+0300][gc,heap     ] GC(0) Archive regions: 2->2
[2024-12-17T11:17:49.900+0300][gc,heap     ] GC(0) Humongous regions: 0->0
[2024-12-17T11:17:49.900+0300][gc,metaspace] GC(0) Metaspace: 18642K(18880K)->18642K(18880K) NonClass: 16347K(16448K)->16347K(16448K) Class: 2294K(2432K)->2294K(2432K)
[2024-12-17T11:17:49.900+0300][gc          ] GC(0) Pause Young (Normal) (G1 Evacuation Pause) 51M->8M(1024M) 3.451ms
[2024-12-17T11:17:49.900+0300][gc,cpu      ] GC(0) User=0.02s Sys=0.00s Real=0.01s
[2024-12-17T11:17:50.036+0300][gc,start    ] GC(1) Pause Young (Concurrent Start) (Metadata GC Threshold)
[2024-12-17T11:17:50.036+0300][gc,task     ] GC(1) Using 8 workers of 8 for evacuation
[2024-12-17T11:17:50.040+0300][gc,phases   ] GC(1)   Pre Evacuate Collection Set: 0.2ms
[2024-12-17T11:17:50.040+0300][gc,phases   ] GC(1)   Merge Heap Roots: 0.0ms
[2024-12-17T11:17:50.040+0300][gc,phases   ] GC(1)   Evacuate Collection Set: 2.7ms
[2024-12-17T11:17:50.040+0300][gc,phases   ] GC(1)   Post Evacuate Collection Set: 0.3ms
[2024-12-17T11:17:50.040+0300][gc,phases   ] GC(1)   Other: 0.0ms
[2024-12-17T11:17:50.040+0300][gc,heap     ] GC(1) Eden regions: 10->0(50)
[2024-12-17T11:17:50.040+0300][gc,heap     ] GC(1) Survivor regions: 7->1(7)
[2024-12-17T11:17:50.040+0300][gc,heap     ] GC(1) Old regions: 1->8
[2024-12-17T11:17:50.040+0300][gc,heap     ] GC(1) Archive regions: 2->2
[2024-12-17T11:17:50.040+0300][gc,heap     ] GC(1) Humongous regions: 0->0
[2024-12-17T11:17:50.040+0300][gc,metaspace] GC(1) Metaspace: 21278K(21504K)->21278K(21504K) NonClass: 18572K(18688K)->18572K(18688K) Class: 2706K(2816K)->2706K(2816K)
[2024-12-17T11:17:50.040+0300][gc          ] GC(1) Pause Young (Concurrent Start) (Metadata GC Threshold) 18M->9M(1024M) 3.499ms
[2024-12-17T11:17:50.040+0300][gc,cpu      ] GC(1) User=0.02s Sys=0.01s Real=0.01s
[2024-12-17T11:17:50.040+0300][gc          ] GC(2) Concurrent Mark Cycle
[2024-12-17T11:17:50.040+0300][gc,marking  ] GC(2) Concurrent Clear Claimed Marks
[2024-12-17T11:17:50.040+0300][gc,marking  ] GC(2) Concurrent Clear Claimed Marks 0.027ms
[2024-12-17T11:17:50.040+0300][gc,marking  ] GC(2) Concurrent Scan Root Regions
[2024-12-17T11:17:50.042+0300][gc,marking  ] GC(2) Concurrent Scan Root Regions 1.590ms
[2024-12-17T11:17:50.042+0300][gc,marking  ] GC(2) Concurrent Mark
[2024-12-17T11:17:50.042+0300][gc,marking  ] GC(2) Concurrent Mark From Roots
[2024-12-17T11:17:50.042+0300][gc,task     ] GC(2) Using 2 workers of 2 for marking
[2024-12-17T11:17:50.043+0300][gc,marking  ] GC(2) Concurrent Mark From Roots 1.545ms
[2024-12-17T11:17:50.043+0300][gc,marking  ] GC(2) Concurrent Preclean
[2024-12-17T11:17:50.043+0300][gc,marking  ] GC(2) Concurrent Preclean 0.010ms
[2024-12-17T11:17:50.043+0300][gc,start    ] GC(2) Pause Remark
[2024-12-17T11:17:50.044+0300][gc          ] GC(2) Pause Remark 10M->10M(1024M) 0.891ms
[2024-12-17T11:17:50.044+0300][gc,cpu      ] GC(2) User=0.00s Sys=0.00s Real=0.00s
[2024-12-17T11:17:50.044+0300][gc,marking  ] GC(2) Concurrent Mark 2.607ms
[2024-12-17T11:17:50.044+0300][gc,marking  ] GC(2) Concurrent Rebuild Remembered Sets
[2024-12-17T11:17:50.046+0300][gc,marking  ] GC(2) Concurrent Rebuild Remembered Sets 2.199ms
[2024-12-17T11:17:50.047+0300][gc,start    ] GC(2) Pause Cleanup
[2024-12-17T11:17:50.047+0300][gc          ] GC(2) Pause Cleanup 10M->10M(1024M) 0.069ms
[2024-12-17T11:17:50.047+0300][gc,cpu      ] GC(2) User=0.01s Sys=0.00s Real=0.00s
[2024-12-17T11:17:50.047+0300][gc,marking  ] GC(2) Concurrent Cleanup for Next Mark
[2024-12-17T11:17:50.048+0300][gc,marking  ] GC(2) Concurrent Cleanup for Next Mark 1.755ms
[2024-12-17T11:17:50.048+0300][gc          ] GC(2) Concurrent Mark Cycle 8.467ms
[2024-12-17T11:17:50.519+0300][gc,start    ] GC(3) Pause Young (Normal) (G1 Evacuation Pause)
[2024-12-17T11:17:50.519+0300][gc,task     ] GC(3) Using 8 workers of 8 for evacuation
[2024-12-17T11:17:50.522+0300][gc,phases   ] GC(3)   Pre Evacuate Collection Set: 0.1ms
[2024-12-17T11:17:50.522+0300][gc,phases   ] GC(3)   Merge Heap Roots: 0.0ms
[2024-12-17T11:17:50.522+0300][gc,phases   ] GC(3)   Evacuate Collection Set: 3.2ms
[2024-12-17T11:17:50.523+0300][gc,phases   ] GC(3)   Post Evacuate Collection Set: 0.3ms
[2024-12-17T11:17:50.523+0300][gc,phases   ] GC(3)   Other: 0.0ms
[2024-12-17T11:17:50.523+0300][gc,heap     ] GC(3) Eden regions: 50->0(44)
[2024-12-17T11:17:50.523+0300][gc,heap     ] GC(3) Survivor regions: 1->7(7)
[2024-12-17T11:17:50.523+0300][gc,heap     ] GC(3) Old regions: 8->8
[2024-12-17T11:17:50.523+0300][gc,heap     ] GC(3) Archive regions: 2->2
[2024-12-17T11:17:50.523+0300][gc,heap     ] GC(3) Humongous regions: 129->129
[2024-12-17T11:17:50.523+0300][gc,metaspace] GC(3) Metaspace: 33184K(33472K)->33184K(33472K) NonClass: 29328K(29504K)->29328K(29504K) Class: 3855K(3968K)->3855K(3968K)
[2024-12-17T11:17:50.523+0300][gc          ] GC(3) Pause Young (Normal) (G1 Evacuation Pause) 188M->143M(1024M) 3.902ms
[2024-12-17T11:17:50.523+0300][gc,cpu      ] GC(3) User=0.02s Sys=0.00s Real=0.01s
[2024-12-17T11:17:50.694+0300][gc,start    ] GC(4) Pause Young (Concurrent Start) (Metadata GC Threshold)
[2024-12-17T11:17:50.694+0300][gc,task     ] GC(4) Using 8 workers of 8 for evacuation
[2024-12-17T11:17:50.697+0300][gc,phases   ] GC(4)   Pre Evacuate Collection Set: 0.2ms
[2024-12-17T11:17:50.697+0300][gc,phases   ] GC(4)   Merge Heap Roots: 0.0ms
[2024-12-17T11:17:50.697+0300][gc,phases   ] GC(4)   Evacuate Collection Set: 2.4ms
[2024-12-17T11:17:50.697+0300][gc,phases   ] GC(4)   Post Evacuate Collection Set: 0.3ms
[2024-12-17T11:17:50.697+0300][gc,phases   ] GC(4)   Other: 0.0ms
[2024-12-17T11:17:50.697+0300][gc,heap     ] GC(4) Eden regions: 12->0(49)
[2024-12-17T11:17:50.697+0300][gc,heap     ] GC(4) Survivor regions: 7->2(7)
[2024-12-17T11:17:50.697+0300][gc,heap     ] GC(4) Old regions: 8->14
[2024-12-17T11:17:50.697+0300][gc,heap     ] GC(4) Archive regions: 2->2
[2024-12-17T11:17:50.697+0300][gc,heap     ] GC(4) Humongous regions: 129->129
[2024-12-17T11:17:50.697+0300][gc,metaspace] GC(4) Metaspace: 35722K(35968K)->35722K(35968K) NonClass: 31502K(31616K)->31502K(31616K) Class: 4220K(4352K)->4220K(4352K)
[2024-12-17T11:17:50.697+0300][gc          ] GC(4) Pause Young (Concurrent Start) (Metadata GC Threshold) 154M->144M(1024M) 3.119ms
[2024-12-17T11:17:50.697+0300][gc          ] GC(5) Concurrent Mark Cycle
[2024-12-17T11:17:50.697+0300][gc,cpu      ] GC(4) User=0.02s Sys=0.00s Real=0.00s
[2024-12-17T11:17:50.697+0300][gc,marking  ] GC(5) Concurrent Clear Claimed Marks
[2024-12-17T11:17:50.697+0300][gc,marking  ] GC(5) Concurrent Clear Claimed Marks 0.024ms
[2024-12-17T11:17:50.697+0300][gc,marking  ] GC(5) Concurrent Scan Root Regions
[2024-12-17T11:17:50.700+0300][gc,marking  ] GC(5) Concurrent Scan Root Regions 2.564ms
[2024-12-17T11:17:50.700+0300][gc,marking  ] GC(5) Concurrent Mark
[2024-12-17T11:17:50.700+0300][gc,marking  ] GC(5) Concurrent Mark From Roots
[2024-12-17T11:17:50.700+0300][gc,task     ] GC(5) Using 2 workers of 2 for marking
[2024-12-17T11:17:50.704+0300][gc,marking  ] GC(5) Concurrent Mark From Roots 4.496ms
[2024-12-17T11:17:50.704+0300][gc,marking  ] GC(5) Concurrent Preclean
[2024-12-17T11:17:50.704+0300][gc,marking  ] GC(5) Concurrent Preclean 0.044ms
[2024-12-17T11:17:50.704+0300][gc,start    ] GC(5) Pause Remark
[2024-12-17T11:17:50.705+0300][gc          ] GC(5) Pause Remark 145M->145M(1024M) 0.925ms
[2024-12-17T11:17:50.705+0300][gc,cpu      ] GC(5) User=0.01s Sys=0.00s Real=0.00s
[2024-12-17T11:17:50.705+0300][gc,marking  ] GC(5) Concurrent Mark 5.674ms
[2024-12-17T11:17:50.705+0300][gc,marking  ] GC(5) Concurrent Rebuild Remembered Sets
[2024-12-17T11:17:50.710+0300][gc,marking  ] GC(5) Concurrent Rebuild Remembered Sets 4.645ms
[2024-12-17T11:17:50.710+0300][gc,start    ] GC(5) Pause Cleanup
[2024-12-17T11:17:50.710+0300][gc          ] GC(5) Pause Cleanup 145M->145M(1024M) 0.091ms
[2024-12-17T11:17:50.710+0300][gc,cpu      ] GC(5) User=0.01s Sys=0.00s Real=0.00s
[2024-12-17T11:17:50.710+0300][gc,marking  ] GC(5) Concurrent Cleanup for Next Mark
[2024-12-17T11:17:50.712+0300][gc,marking  ] GC(5) Concurrent Cleanup for Next Mark 1.638ms
[2024-12-17T11:17:50.712+0300][gc          ] GC(5) Concurrent Mark Cycle 14.821ms
[2024-12-17T11:23:56.755+0300][gc,start    ] GC(6) Pause Young (Normal) (G1 Evacuation Pause)
[2024-12-17T11:23:56.756+0300][gc,task     ] GC(6) Using 8 workers of 8 for evacuation
[2024-12-17T11:23:56.760+0300][gc,phases   ] GC(6)   Pre Evacuate Collection Set: 0.4ms
[2024-12-17T11:23:56.760+0300][gc,phases   ] GC(6)   Merge Heap Roots: 0.3ms
[2024-12-17T11:23:56.760+0300][gc,phases   ] GC(6)   Evacuate Collection Set: 1.6ms
[2024-12-17T11:23:56.760+0300][gc,phases   ] GC(6)   Post Evacuate Collection Set: 0.8ms
[2024-12-17T11:23:56.760+0300][gc,phases   ] GC(6)   Other: 0.7ms
[2024-12-17T11:23:56.760+0300][gc,heap     ] GC(6) Eden regions: 49->0(48)
[2024-12-17T11:23:56.760+0300][gc,heap     ] GC(6) Survivor regions: 2->3(7)
[2024-12-17T11:23:56.760+0300][gc,heap     ] GC(6) Old regions: 14->14
[2024-12-17T11:23:56.760+0300][gc,heap     ] GC(6) Archive regions: 2->2
[2024-12-17T11:23:56.760+0300][gc,heap     ] GC(6) Humongous regions: 140->129
[2024-12-17T11:23:56.760+0300][gc,metaspace] GC(6) Metaspace: 39880K(40384K)->39880K(40384K) NonClass: 35036K(35264K)->35036K(35264K) Class: 4843K(5120K)->4843K(5120K)
[2024-12-17T11:23:56.760+0300][gc          ] GC(6) Pause Young (Normal) (G1 Evacuation Pause) 204M->145M(1024M) 5.518ms
[2024-12-17T11:23:56.760+0300][gc,cpu      ] GC(6) User=0.01s Sys=0.00s Real=0.01s
[2024-12-17T11:24:00.209+0300][gc,start    ] GC(7) Pause Young (Normal) (G1 Evacuation Pause)
[2024-12-17T11:24:00.209+0300][gc,task     ] GC(7) Using 8 workers of 8 for evacuation
[2024-12-17T11:24:00.211+0300][gc,phases   ] GC(7)   Pre Evacuate Collection Set: 0.1ms
[2024-12-17T11:24:00.211+0300][gc,phases   ] GC(7)   Merge Heap Roots: 0.0ms
[2024-12-17T11:24:00.211+0300][gc,phases   ] GC(7)   Evacuate Collection Set: 1.4ms
[2024-12-17T11:24:00.211+0300][gc,phases   ] GC(7)   Post Evacuate Collection Set: 0.3ms
[2024-12-17T11:24:00.211+0300][gc,phases   ] GC(7)   Other: 0.1ms
[2024-12-17T11:24:00.211+0300][gc,heap     ] GC(7) Eden regions: 48->0(48)
[2024-12-17T11:24:00.211+0300][gc,heap     ] GC(7) Survivor regions: 3->3(7)
[2024-12-17T11:24:00.211+0300][gc,heap     ] GC(7) Old regions: 14->14
[2024-12-17T11:24:00.211+0300][gc,heap     ] GC(7) Archive regions: 2->2
[2024-12-17T11:24:00.211+0300][gc,heap     ] GC(7) Humongous regions: 129->129
[2024-12-17T11:24:00.211+0300][gc,metaspace] GC(7) Metaspace: 40414K(40960K)->40414K(40960K) NonClass: 35571K(35840K)->35571K(35840K) Class: 4843K(5120K)->4843K(5120K)
[2024-12-17T11:24:00.211+0300][gc          ] GC(7) Pause Young (Normal) (G1 Evacuation Pause) 193M->145M(1024M) 2.044ms
[2024-12-17T11:24:00.211+0300][gc,cpu      ] GC(7) User=0.01s Sys=0.00s Real=0.01s
[2024-12-17T11:24:03.718+0300][gc,start    ] GC(8) Pause Young (Normal) (G1 Evacuation Pause)
[2024-12-17T11:24:03.719+0300][gc,task     ] GC(8) Using 8 workers of 8 for evacuation
[2024-12-17T11:24:03.721+0300][gc,phases   ] GC(8)   Pre Evacuate Collection Set: 0.2ms
[2024-12-17T11:24:03.721+0300][gc,phases   ] GC(8)   Merge Heap Roots: 0.1ms
[2024-12-17T11:24:03.721+0300][gc,phases   ] GC(8)   Evacuate Collection Set: 1.8ms
[2024-12-17T11:24:03.721+0300][gc,phases   ] GC(8)   Post Evacuate Collection Set: 0.3ms
[2024-12-17T11:24:03.721+0300][gc,phases   ] GC(8)   Other: 0.1ms
[2024-12-17T11:24:03.721+0300][gc,heap     ] GC(8) Eden regions: 48->0(68)
[2024-12-17T11:24:03.721+0300][gc,heap     ] GC(8) Survivor regions: 3->3(7)
[2024-12-17T11:24:03.721+0300][gc,heap     ] GC(8) Old regions: 14->14
[2024-12-17T11:24:03.721+0300][gc,heap     ] GC(8) Archive regions: 2->2
[2024-12-17T11:24:03.721+0300][gc,heap     ] GC(8) Humongous regions: 129->129
[2024-12-17T11:24:03.721+0300][gc,metaspace] GC(8) Metaspace: 40444K(40960K)->40444K(40960K) NonClass: 35601K(35840K)->35601K(35840K) Class: 4843K(5120K)->4843K(5120K)
[2024-12-17T11:24:03.721+0300][gc          ] GC(8) Pause Young (Normal) (G1 Evacuation Pause) 193M->145M(1024M) 3.251ms
[2024-12-17T11:24:03.721+0300][gc,cpu      ] GC(8) User=0.01s Sys=0.00s Real=0.01s
[2024-12-17T11:24:08.755+0300][gc,start    ] GC(9) Pause Young (Normal) (G1 Evacuation Pause)
[2024-12-17T11:24:08.755+0300][gc,task     ] GC(9) Using 8 workers of 8 for evacuation
[2024-12-17T11:24:08.757+0300][gc,phases   ] GC(9)   Pre Evacuate Collection Set: 0.1ms
[2024-12-17T11:24:08.757+0300][gc,phases   ] GC(9)   Merge Heap Roots: 0.0ms
[2024-12-17T11:24:08.757+0300][gc,phases   ] GC(9)   Evacuate Collection Set: 1.8ms
[2024-12-17T11:24:08.758+0300][gc,phases   ] GC(9)   Post Evacuate Collection Set: 0.3ms
[2024-12-17T11:24:08.758+0300][gc,phases   ] GC(9)   Other: 0.1ms
[2024-12-17T11:24:08.758+0300][gc,heap     ] GC(9) Eden regions: 68->0(321)
[2024-12-17T11:24:08.758+0300][gc,heap     ] GC(9) Survivor regions: 3->3(9)
[2024-12-17T11:24:08.758+0300][gc,heap     ] GC(9) Old regions: 14->14
[2024-12-17T11:24:08.758+0300][gc,heap     ] GC(9) Archive regions: 2->2
[2024-12-17T11:24:08.758+0300][gc,heap     ] GC(9) Humongous regions: 129->129
[2024-12-17T11:24:08.758+0300][gc,metaspace] GC(9) Metaspace: 40466K(41024K)->40466K(41024K) NonClass: 35617K(35904K)->35617K(35904K) Class: 4848K(5120K)->4848K(5120K)
[2024-12-17T11:24:08.758+0300][gc          ] GC(9) Pause Young (Normal) (G1 Evacuation Pause) 213M->145M(1024M) 2.403ms
[2024-12-17T11:24:08.758+0300][gc,cpu      ] GC(9) User=0.01s Sys=0.00s Real=0.00s
[2024-12-17T11:33:53.881+0300][gc,start    ] GC(10) Pause Young (Normal) (G1 Evacuation Pause)
[2024-12-17T11:33:53.881+0300][gc,task     ] GC(10) Using 8 workers of 8 for evacuation
[2024-12-17T11:33:53.928+0300][gc,mmu      ] GC(10) MMU target violated: 21.0ms (20.0ms/21.0ms)
[2024-12-17T11:33:53.928+0300][gc,phases   ] GC(10)   Pre Evacuate Collection Set: 1.2ms
[2024-12-17T11:33:53.928+0300][gc,phases   ] GC(10)   Merge Heap Roots: 0.5ms
[2024-12-17T11:33:53.928+0300][gc,phases   ] GC(10)   Evacuate Collection Set: 43.3ms
[2024-12-17T11:33:53.928+0300][gc,phases   ] GC(10)   Post Evacuate Collection Set: 1.1ms
[2024-12-17T11:33:53.928+0300][gc,phases   ] GC(10)   Other: 0.3ms
[2024-12-17T11:33:53.928+0300][gc,heap     ] GC(10) Eden regions: 321->0(43)
[2024-12-17T11:33:53.928+0300][gc,heap     ] GC(10) Survivor regions: 3->8(41)
[2024-12-17T11:33:53.928+0300][gc,heap     ] GC(10) Old regions: 14->14
[2024-12-17T11:33:53.928+0300][gc,heap     ] GC(10) Archive regions: 2->2
[2024-12-17T11:33:53.928+0300][gc,heap     ] GC(10) Humongous regions: 129->129
[2024-12-17T11:33:53.928+0300][gc,metaspace] GC(10) Metaspace: 43439K(44032K)->43439K(44032K) NonClass: 38205K(38528K)->38205K(38528K) Class: 5234K(5504K)->5234K(5504K)
[2024-12-17T11:33:53.928+0300][gc          ] GC(10) Pause Young (Normal) (G1 Evacuation Pause) 466M->151M(1024M) 47.434ms
[2024-12-17T11:33:53.928+0300][gc,cpu      ] GC(10) User=0.05s Sys=0.13s Real=0.04s
[2024-12-17T11:34:18.425+0300][gc,start    ] GC(11) Pause Young (Normal) (G1 Evacuation Pause)
[2024-12-17T11:34:18.426+0300][gc,task     ] GC(11) Using 8 workers of 8 for evacuation
[2024-12-17T11:34:18.446+0300][gc,phases   ] GC(11)   Pre Evacuate Collection Set: 0.7ms
[2024-12-17T11:34:18.446+0300][gc,phases   ] GC(11)   Merge Heap Roots: 0.3ms
[2024-12-17T11:34:18.446+0300][gc,phases   ] GC(11)   Evacuate Collection Set: 17.5ms
[2024-12-17T11:34:18.446+0300][gc,phases   ] GC(11)   Post Evacuate Collection Set: 1.1ms
[2024-12-17T11:34:18.446+0300][gc,phases   ] GC(11)   Other: 0.2ms
[2024-12-17T11:34:18.446+0300][gc,heap     ] GC(11) Eden regions: 43->0(205)
[2024-12-17T11:34:18.446+0300][gc,heap     ] GC(11) Survivor regions: 8->2(7)
[2024-12-17T11:34:18.446+0300][gc,heap     ] GC(11) Old regions: 14->21
[2024-12-17T11:34:18.446+0300][gc,heap     ] GC(11) Archive regions: 2->2
[2024-12-17T11:34:18.446+0300][gc,heap     ] GC(11) Humongous regions: 129->129
[2024-12-17T11:34:18.446+0300][gc,metaspace] GC(11) Metaspace: 43474K(44096K)->43474K(44096K) NonClass: 38236K(38592K)->38236K(38592K) Class: 5237K(5504K)->5237K(5504K)
[2024-12-17T11:34:18.446+0300][gc          ] GC(11) Pause Young (Normal) (G1 Evacuation Pause) 194M->152M(1024M) 21.202ms
[2024-12-17T11:34:18.446+0300][gc,cpu      ] GC(11) User=0.04s Sys=0.05s Real=0.02s
[2024-12-17T11:36:24.369+0300][gc,start    ] GC(12) Pause Young (Normal) (G1 Evacuation Pause)
[2024-12-17T11:36:24.369+0300][gc,task     ] GC(12) Using 8 workers of 8 for evacuation
[2024-12-17T11:36:24.387+0300][gc,phases   ] GC(12)   Pre Evacuate Collection Set: 0.6ms
[2024-12-17T11:36:24.387+0300][gc,phases   ] GC(12)   Merge Heap Roots: 0.1ms
[2024-12-17T11:36:24.387+0300][gc,phases   ] GC(12)   Evacuate Collection Set: 16.0ms
[2024-12-17T11:36:24.387+0300][gc,phases   ] GC(12)   Post Evacuate Collection Set: 0.5ms
[2024-12-17T11:36:24.387+0300][gc,phases   ] GC(12)   Other: 0.2ms
[2024-12-17T11:36:24.387+0300][gc,heap     ] GC(12) Eden regions: 205->0(55)
[2024-12-17T11:36:24.387+0300][gc,heap     ] GC(12) Survivor regions: 2->4(26)
[2024-12-17T11:36:24.387+0300][gc,heap     ] GC(12) Old regions: 21->21
[2024-12-17T11:36:24.387+0300][gc,heap     ] GC(12) Archive regions: 2->2
[2024-12-17T11:36:24.387+0300][gc,heap     ] GC(12) Humongous regions: 129->129
[2024-12-17T11:36:24.387+0300][gc,metaspace] GC(12) Metaspace: 43506K(44096K)->43506K(44096K) NonClass: 38266K(38592K)->38266K(38592K) Class: 5240K(5504K)->5240K(5504K)
[2024-12-17T11:36:24.387+0300][gc          ] GC(12) Pause Young (Normal) (G1 Evacuation Pause) 357M->154M(1024M) 18.220ms
[2024-12-17T11:36:24.387+0300][gc,cpu      ] GC(12) User=0.02s Sys=0.06s Real=0.02s
[2024-12-17T11:36:56.815+0300][gc,start    ] GC(13) Pause Young (Normal) (G1 Evacuation Pause)
[2024-12-17T11:36:56.815+0300][gc,task     ] GC(13) Using 8 workers of 8 for evacuation
[2024-12-17T11:36:56.824+0300][gc,phases   ] GC(13)   Pre Evacuate Collection Set: 1.1ms
[2024-12-17T11:36:56.824+0300][gc,phases   ] GC(13)   Merge Heap Roots: 0.1ms
[2024-12-17T11:36:56.824+0300][gc,phases   ] GC(13)   Evacuate Collection Set: 7.2ms
[2024-12-17T11:36:56.824+0300][gc,phases   ] GC(13)   Post Evacuate Collection Set: 0.5ms
[2024-12-17T11:36:56.824+0300][gc,phases   ] GC(13)   Other: 0.2ms
[2024-12-17T11:36:56.824+0300][gc,heap     ] GC(13) Eden regions: 55->0(47)
[2024-12-17T11:36:56.824+0300][gc,heap     ] GC(13) Survivor regions: 4->5(8)
[2024-12-17T11:36:56.824+0300][gc,heap     ] GC(13) Old regions: 21->21
[2024-12-17T11:36:56.824+0300][gc,heap     ] GC(13) Archive regions: 2->2
[2024-12-17T11:36:56.824+0300][gc,heap     ] GC(13) Humongous regions: 129->129
[2024-12-17T11:36:56.824+0300][gc,metaspace] GC(13) Metaspace: 43509K(44096K)->43509K(44096K) NonClass: 38269K(38592K)->38269K(38592K) Class: 5240K(5504K)->5240K(5504K)
[2024-12-17T11:36:56.824+0300][gc          ] GC(13) Pause Young (Normal) (G1 Evacuation Pause) 209M->155M(1024M) 9.613ms
[2024-12-17T11:36:56.824+0300][gc,cpu      ] GC(13) User=0.02s Sys=0.01s Real=0.01s
[2024-12-17T11:37:25.169+0300][gc,start    ] GC(14) Pause Young (Normal) (G1 Evacuation Pause)
[2024-12-17T11:37:25.171+0300][gc,task     ] GC(14) Using 8 workers of 8 for evacuation
[2024-12-17T11:37:25.182+0300][gc,phases   ] GC(14)   Pre Evacuate Collection Set: 1.0ms
[2024-12-17T11:37:25.182+0300][gc,phases   ] GC(14)   Merge Heap Roots: 0.2ms
[2024-12-17T11:37:25.182+0300][gc,phases   ] GC(14)   Evacuate Collection Set: 9.7ms
[2024-12-17T11:37:25.182+0300][gc,phases   ] GC(14)   Post Evacuate Collection Set: 0.4ms
[2024-12-17T11:37:25.182+0300][gc,phases   ] GC(14)   Other: 0.2ms
[2024-12-17T11:37:25.182+0300][gc,heap     ] GC(14) Eden regions: 47->0(90)
[2024-12-17T11:37:25.182+0300][gc,heap     ] GC(14) Survivor regions: 5->2(7)
[2024-12-17T11:37:25.182+0300][gc,heap     ] GC(14) Old regions: 21->25
[2024-12-17T11:37:25.182+0300][gc,heap     ] GC(14) Archive regions: 2->2
[2024-12-17T11:37:25.182+0300][gc,heap     ] GC(14) Humongous regions: 129->129
[2024-12-17T11:37:25.182+0300][gc,metaspace] GC(14) Metaspace: 43509K(44096K)->43509K(44096K) NonClass: 38269K(38592K)->38269K(38592K) Class: 5240K(5504K)->5240K(5504K)
[2024-12-17T11:37:25.182+0300][gc          ] GC(14) Pause Young (Normal) (G1 Evacuation Pause) 202M->156M(1024M) 12.822ms
[2024-12-17T11:37:25.182+0300][gc,cpu      ] GC(14) User=0.03s Sys=0.01s Real=0.02s
[2024-12-17T11:38:20.064+0300][gc,start    ] GC(15) Pause Young (Normal) (G1 Evacuation Pause)
[2024-12-17T11:38:20.065+0300][gc,task     ] GC(15) Using 8 workers of 8 for evacuation
[2024-12-17T11:38:20.073+0300][gc,phases   ] GC(15)   Pre Evacuate Collection Set: 1.5ms
[2024-12-17T11:38:20.073+0300][gc,phases   ] GC(15)   Merge Heap Roots: 0.2ms
[2024-12-17T11:38:20.073+0300][gc,phases   ] GC(15)   Evacuate Collection Set: 5.6ms
[2024-12-17T11:38:20.073+0300][gc,phases   ] GC(15)   Post Evacuate Collection Set: 0.6ms
[2024-12-17T11:38:20.073+0300][gc,phases   ] GC(15)   Other: 0.2ms
[2024-12-17T11:38:20.073+0300][gc,heap     ] GC(15) Eden regions: 90->0(89)
[2024-12-17T11:38:20.073+0300][gc,heap     ] GC(15) Survivor regions: 2->4(12)
[2024-12-17T11:38:20.073+0300][gc,heap     ] GC(15) Old regions: 25->25
[2024-12-17T11:38:20.073+0300][gc,heap     ] GC(15) Archive regions: 2->2
[2024-12-17T11:38:20.073+0300][gc,heap     ] GC(15) Humongous regions: 129->129
[2024-12-17T11:38:20.073+0300][gc,metaspace] GC(15) Metaspace: 43521K(44096K)->43521K(44096K) NonClass: 38281K(38592K)->38281K(38592K) Class: 5240K(5504K)->5240K(5504K)
[2024-12-17T11:38:20.073+0300][gc          ] GC(15) Pause Young (Normal) (G1 Evacuation Pause) 246M->157M(1024M) 9.299ms
[2024-12-17T11:38:20.073+0300][gc,cpu      ] GC(15) User=0.01s Sys=0.01s Real=0.01s
[2024-12-17T11:39:13.726+0300][gc,start    ] GC(16) Pause Young (Normal) (G1 Evacuation Pause)
[2024-12-17T11:39:13.728+0300][gc,task     ] GC(16) Using 8 workers of 8 for evacuation
[2024-12-17T11:39:13.749+0300][gc,mmu      ] GC(16) MMU target violated: 21.0ms (20.0ms/21.0ms)
[2024-12-17T11:39:13.749+0300][gc,phases   ] GC(16)   Pre Evacuate Collection Set: 0.8ms
[2024-12-17T11:39:13.749+0300][gc,phases   ] GC(16)   Merge Heap Roots: 0.3ms
[2024-12-17T11:39:13.749+0300][gc,phases   ] GC(16)   Evacuate Collection Set: 19.7ms
[2024-12-17T11:39:13.749+0300][gc,phases   ] GC(16)   Post Evacuate Collection Set: 0.5ms
[2024-12-17T11:39:13.749+0300][gc,phases   ] GC(16)   Other: 0.3ms
[2024-12-17T11:39:13.749+0300][gc,heap     ] GC(16) Eden regions: 89->0(62)
[2024-12-17T11:39:13.749+0300][gc,heap     ] GC(16) Survivor regions: 4->5(12)
[2024-12-17T11:39:13.749+0300][gc,heap     ] GC(16) Old regions: 25->25
[2024-12-17T11:39:13.749+0300][gc,heap     ] GC(16) Archive regions: 2->2
[2024-12-17T11:39:13.749+0300][gc,heap     ] GC(16) Humongous regions: 129->129
[2024-12-17T11:39:13.749+0300][gc,metaspace] GC(16) Metaspace: 43549K(44096K)->43549K(44096K) NonClass: 38307K(38592K)->38307K(38592K) Class: 5242K(5504K)->5242K(5504K)
[2024-12-17T11:39:13.749+0300][gc          ] GC(16) Pause Young (Normal) (G1 Evacuation Pause) 246M->159M(1024M) 23.094ms
[2024-12-17T11:39:13.749+0300][gc,cpu      ] GC(16) User=0.02s Sys=0.03s Real=0.02s
[2024-12-17T11:39:50.994+0300][gc,start    ] GC(17) Pause Young (Normal) (G1 Evacuation Pause)
[2024-12-17T11:39:50.995+0300][gc,task     ] GC(17) Using 8 workers of 8 for evacuation
[2024-12-17T11:39:51.006+0300][gc,phases   ] GC(17)   Pre Evacuate Collection Set: 0.5ms
[2024-12-17T11:39:51.006+0300][gc,phases   ] GC(17)   Merge Heap Roots: 0.1ms
[2024-12-17T11:39:51.006+0300][gc,phases   ] GC(17)   Evacuate Collection Set: 9.3ms
[2024-12-17T11:39:51.006+0300][gc,phases   ] GC(17)   Post Evacuate Collection Set: 0.7ms
[2024-12-17T11:39:51.006+0300][gc,phases   ] GC(17)   Other: 0.2ms
[2024-12-17T11:39:51.006+0300][gc,heap     ] GC(17) Eden regions: 62->0(64)
[2024-12-17T11:39:51.006+0300][gc,heap     ] GC(17) Survivor regions: 5->6(9)
[2024-12-17T11:39:51.006+0300][gc,heap     ] GC(17) Old regions: 25->25
[2024-12-17T11:39:51.006+0300][gc,heap     ] GC(17) Archive regions: 2->2
[2024-12-17T11:39:51.006+0300][gc,heap     ] GC(17) Humongous regions: 129->129
[2024-12-17T11:39:51.006+0300][gc,metaspace] GC(17) Metaspace: 43564K(44224K)->43564K(44224K) NonClass: 38316K(38656K)->38316K(38656K) Class: 5247K(5568K)->5247K(5568K)
[2024-12-17T11:39:51.006+0300][gc          ] GC(17) Pause Young (Normal) (G1 Evacuation Pause) 221M->160M(1024M) 12.346ms
[2024-12-17T11:39:51.006+0300][gc,cpu      ] GC(17) User=0.03s Sys=0.00s Real=0.01s
[2024-12-17T11:40:29.859+0300][gc,start    ] GC(18) Pause Young (Normal) (G1 Evacuation Pause)
[2024-12-17T11:40:29.861+0300][gc,task     ] GC(18) Using 8 workers of 8 for evacuation
[2024-12-17T11:40:29.882+0300][gc,mmu      ] GC(18) MMU target violated: 21.0ms (20.0ms/21.0ms)
[2024-12-17T11:40:29.882+0300][gc,phases   ] GC(18)   Pre Evacuate Collection Set: 0.8ms
[2024-12-17T11:40:29.882+0300][gc,phases   ] GC(18)   Merge Heap Roots: 0.2ms
[2024-12-17T11:40:29.882+0300][gc,phases   ] GC(18)   Evacuate Collection Set: 19.6ms
[2024-12-17T11:40:29.882+0300][gc,phases   ] GC(18)   Post Evacuate Collection Set: 0.5ms
[2024-12-17T11:40:29.882+0300][gc,phases   ] GC(18)   Other: 0.3ms
[2024-12-17T11:40:29.882+0300][gc,heap     ] GC(18) Eden regions: 64->0(66)
[2024-12-17T11:40:29.882+0300][gc,heap     ] GC(18) Survivor regions: 6->6(9)
[2024-12-17T11:40:29.882+0300][gc,heap     ] GC(18) Old regions: 25->27
[2024-12-17T11:40:29.882+0300][gc,heap     ] GC(18) Archive regions: 2->2
[2024-12-17T11:40:29.882+0300][gc,heap     ] GC(18) Humongous regions: 129->129
[2024-12-17T11:40:29.882+0300][gc,metaspace] GC(18) Metaspace: 43564K(44224K)->43564K(44224K) NonClass: 38317K(38656K)->38317K(38656K) Class: 5247K(5568K)->5247K(5568K)
[2024-12-17T11:40:29.882+0300][gc          ] GC(18) Pause Young (Normal) (G1 Evacuation Pause) 224M->161M(1024M) 22.817ms
[2024-12-17T11:40:29.882+0300][gc,cpu      ] GC(18) User=0.03s Sys=0.03s Real=0.03s
[2024-12-17T11:41:08.959+0300][gc,start    ] GC(19) Pause Young (Normal) (G1 Evacuation Pause)
[2024-12-17T11:41:08.960+0300][gc,task     ] GC(19) Using 8 workers of 8 for evacuation
[2024-12-17T11:41:08.976+0300][gc,phases   ] GC(19)   Pre Evacuate Collection Set: 0.8ms
[2024-12-17T11:41:08.976+0300][gc,phases   ] GC(19)   Merge Heap Roots: 0.2ms
[2024-12-17T11:41:08.976+0300][gc,phases   ] GC(19)   Evacuate Collection Set: 14.2ms
[2024-12-17T11:41:08.976+0300][gc,phases   ] GC(19)   Post Evacuate Collection Set: 0.6ms
[2024-12-17T11:41:08.976+0300][gc,phases   ] GC(19)   Other: 0.3ms
[2024-12-17T11:41:08.976+0300][gc,heap     ] GC(19) Eden regions: 64->0(101)
[2024-12-17T11:41:08.976+0300][gc,heap     ] GC(19) Survivor regions: 6->5(9)
[2024-12-17T11:41:08.976+0300][gc,heap     ] GC(19) Old regions: 27->28
[2024-12-17T11:41:08.976+0300][gc,heap     ] GC(19) Archive regions: 2->2
[2024-12-17T11:41:08.976+0300][gc,heap     ] GC(19) Humongous regions: 129->129
[2024-12-17T11:41:08.976+0300][gc,metaspace] GC(19) Metaspace: 43564K(44224K)->43564K(44224K) NonClass: 38317K(38656K)->38317K(38656K) Class: 5247K(5568K)->5247K(5568K)
[2024-12-17T11:41:08.976+0300][gc          ] GC(19) Pause Young (Normal) (G1 Evacuation Pause) 225M->162M(1024M) 16.832ms
[2024-12-17T11:41:08.976+0300][gc,cpu      ] GC(19) User=0.03s Sys=0.02s Real=0.02s
[2024-12-17T11:42:09.682+0300][gc,start    ] GC(20) Pause Young (Normal) (G1 Evacuation Pause)
[2024-12-17T11:42:09.683+0300][gc,task     ] GC(20) Using 8 workers of 8 for evacuation
[2024-12-17T11:42:09.696+0300][gc,phases   ] GC(20)   Pre Evacuate Collection Set: 1.1ms
[2024-12-17T11:42:09.696+0300][gc,phases   ] GC(20)   Merge Heap Roots: 0.3ms
[2024-12-17T11:42:09.696+0300][gc,phases   ] GC(20)   Evacuate Collection Set: 10.7ms
[2024-12-17T11:42:09.696+0300][gc,phases   ] GC(20)   Post Evacuate Collection Set: 0.7ms
[2024-12-17T11:42:09.696+0300][gc,phases   ] GC(20)   Other: 0.4ms
[2024-12-17T11:42:09.696+0300][gc,heap     ] GC(20) Eden regions: 99->0(81)
[2024-12-17T11:42:09.696+0300][gc,heap     ] GC(20) Survivor regions: 5->7(13)
[2024-12-17T11:42:09.696+0300][gc,heap     ] GC(20) Old regions: 28->28
[2024-12-17T11:42:09.696+0300][gc,heap     ] GC(20) Archive regions: 2->2
[2024-12-17T11:42:09.696+0300][gc,heap     ] GC(20) Humongous regions: 129->129
[2024-12-17T11:42:09.696+0300][gc,metaspace] GC(20) Metaspace: 43578K(44288K)->43578K(44288K) NonClass: 38330K(38720K)->38330K(38720K) Class: 5247K(5568K)->5247K(5568K)
[2024-12-17T11:42:09.696+0300][gc          ] GC(20) Pause Young (Normal) (G1 Evacuation Pause) 261M->164M(1024M) 14.935ms
[2024-12-17T11:42:09.697+0300][gc,cpu      ] GC(20) User=0.03s Sys=0.01s Real=0.01s
[2024-12-17T11:42:58.696+0300][gc,start    ] GC(21) Pause Young (Normal) (G1 Evacuation Pause)
[2024-12-17T11:42:58.698+0300][gc,task     ] GC(21) Using 8 workers of 8 for evacuation
[2024-12-17T11:42:58.720+0300][gc,mmu      ] GC(21) MMU target violated: 21.0ms (20.0ms/21.0ms)
[2024-12-17T11:42:58.720+0300][gc,phases   ] GC(21)   Pre Evacuate Collection Set: 1.2ms
[2024-12-17T11:42:58.720+0300][gc,phases   ] GC(21)   Merge Heap Roots: 0.3ms
[2024-12-17T11:42:58.720+0300][gc,phases   ] GC(21)   Evacuate Collection Set: 19.8ms
[2024-12-17T11:42:58.720+0300][gc,phases   ] GC(21)   Post Evacuate Collection Set: 0.6ms
[2024-12-17T11:42:58.720+0300][gc,phases   ] GC(21)   Other: 0.4ms
[2024-12-17T11:42:58.720+0300][gc,heap     ] GC(21) Eden regions: 81->0(81)
[2024-12-17T11:42:58.720+0300][gc,heap     ] GC(21) Survivor regions: 7->7(11)
[2024-12-17T11:42:58.720+0300][gc,heap     ] GC(21) Old regions: 28->30
[2024-12-17T11:42:58.720+0300][gc,heap     ] GC(21) Archive regions: 2->2
[2024-12-17T11:42:58.720+0300][gc,heap     ] GC(21) Humongous regions: 129->129
[2024-12-17T11:42:58.720+0300][gc,metaspace] GC(21) Metaspace: 43592K(44288K)->43592K(44288K) NonClass: 38345K(38720K)->38345K(38720K) Class: 5247K(5568K)->5247K(5568K)
[2024-12-17T11:42:58.720+0300][gc          ] GC(21) Pause Young (Normal) (G1 Evacuation Pause) 245M->165M(1024M) 23.834ms
[2024-12-17T11:42:58.720+0300][gc,cpu      ] GC(21) User=0.03s Sys=0.05s Real=0.03s
[2024-12-17T11:43:44.759+0300][gc,start    ] GC(22) Pause Young (Normal) (G1 Evacuation Pause)
[2024-12-17T11:43:44.760+0300][gc,task     ] GC(22) Using 8 workers of 8 for evacuation
[2024-12-17T11:43:44.775+0300][gc,phases   ] GC(22)   Pre Evacuate Collection Set: 0.8ms
[2024-12-17T11:43:44.775+0300][gc,phases   ] GC(22)   Merge Heap Roots: 0.3ms
[2024-12-17T11:43:44.775+0300][gc,phases   ] GC(22)   Evacuate Collection Set: 12.2ms
[2024-12-17T11:43:44.775+0300][gc,phases   ] GC(22)   Post Evacuate Collection Set: 1.5ms
[2024-12-17T11:43:44.776+0300][gc,phases   ] GC(22)   Other: 0.3ms
[2024-12-17T11:43:44.776+0300][gc,heap     ] GC(22) Eden regions: 76->0(130)
[2024-12-17T11:43:44.776+0300][gc,heap     ] GC(22) Survivor regions: 7->6(11)
[2024-12-17T11:43:44.776+0300][gc,heap     ] GC(22) Old regions: 30->31
[2024-12-17T11:43:44.776+0300][gc,heap     ] GC(22) Archive regions: 2->2
[2024-12-17T11:43:44.776+0300][gc,heap     ] GC(22) Humongous regions: 129->129
[2024-12-17T11:43:44.776+0300][gc,metaspace] GC(22) Metaspace: 43596K(44288K)->43596K(44288K) NonClass: 38349K(38720K)->38349K(38720K) Class: 5247K(5568K)->5247K(5568K)
[2024-12-17T11:43:44.776+0300][gc          ] GC(22) Pause Young (Normal) (G1 Evacuation Pause) 241M->165M(1024M) 16.964ms
[2024-12-17T11:43:44.776+0300][gc,cpu      ] GC(22) User=0.03s Sys=0.02s Real=0.02s
[2024-12-17T11:45:00.555+0300][gc,start    ] GC(23) Pause Young (Normal) (G1 Evacuation Pause)
[2024-12-17T11:45:00.557+0300][gc,task     ] GC(23) Using 8 workers of 8 for evacuation
[2024-12-17T11:45:00.573+0300][gc,phases   ] GC(23)   Pre Evacuate Collection Set: 0.8ms
[2024-12-17T11:45:00.573+0300][gc,phases   ] GC(23)   Merge Heap Roots: 0.3ms
[2024-12-17T11:45:00.573+0300][gc,phases   ] GC(23)   Evacuate Collection Set: 13.1ms
[2024-12-17T11:45:00.573+0300][gc,phases   ] GC(23)   Post Evacuate Collection Set: 0.9ms
[2024-12-17T11:45:00.573+0300][gc,phases   ] GC(23)   Other: 0.3ms
[2024-12-17T11:45:00.573+0300][gc,heap     ] GC(23) Eden regions: 124->0(99)
[2024-12-17T11:45:00.573+0300][gc,heap     ] GC(23) Survivor regions: 6->8(17)
[2024-12-17T11:45:00.573+0300][gc,heap     ] GC(23) Old regions: 31->31
[2024-12-17T11:45:00.573+0300][gc,heap     ] GC(23) Archive regions: 2->2
[2024-12-17T11:45:00.573+0300][gc,heap     ] GC(23) Humongous regions: 129->129
[2024-12-17T11:45:00.573+0300][gc,metaspace] GC(23) Metaspace: 43599K(44288K)->43599K(44288K) NonClass: 38352K(38720K)->38352K(38720K) Class: 5247K(5568K)->5247K(5568K)
[2024-12-17T11:45:00.573+0300][gc          ] GC(23) Pause Young (Normal) (G1 Evacuation Pause) 289M->167M(1024M) 17.862ms
[2024-12-17T11:45:00.573+0300][gc,cpu      ] GC(23) User=0.04s Sys=0.03s Real=0.02s
[2024-12-17T11:46:00.768+0300][gc,start    ] GC(24) Pause Young (Normal) (G1 Evacuation Pause)
[2024-12-17T11:46:00.769+0300][gc,task     ] GC(24) Using 8 workers of 8 for evacuation
[2024-12-17T11:46:00.785+0300][gc,phases   ] GC(24)   Pre Evacuate Collection Set: 0.7ms
[2024-12-17T11:46:00.785+0300][gc,phases   ] GC(24)   Merge Heap Roots: 0.2ms
[2024-12-17T11:46:00.785+0300][gc,phases   ] GC(24)   Evacuate Collection Set: 14.5ms
[2024-12-17T11:46:00.785+0300][gc,phases   ] GC(24)   Post Evacuate Collection Set: 0.5ms
[2024-12-17T11:46:00.785+0300][gc,phases   ] GC(24)   Other: 0.3ms
[2024-12-17T11:46:00.785+0300][gc,heap     ] GC(24) Eden regions: 99->0(140)
[2024-12-17T11:46:00.785+0300][gc,heap     ] GC(24) Survivor regions: 8->9(14)
[2024-12-17T11:46:00.785+0300][gc,heap     ] GC(24) Old regions: 31->32
[2024-12-17T11:46:00.785+0300][gc,heap     ] GC(24) Archive regions: 2->2
[2024-12-17T11:46:00.785+0300][gc,heap     ] GC(24) Humongous regions: 129->129
[2024-12-17T11:46:00.785+0300][gc,metaspace] GC(24) Metaspace: 43613K(44288K)->43613K(44288K) NonClass: 38366K(38720K)->38366K(38720K) Class: 5247K(5568K)->5247K(5568K)
[2024-12-17T11:46:00.785+0300][gc          ] GC(24) Pause Young (Normal) (G1 Evacuation Pause) 266M->169M(1024M) 16.925ms
[2024-12-17T11:46:00.785+0300][gc,cpu      ] GC(24) User=0.04s Sys=0.02s Real=0.02s
[2024-12-17T11:47:15.241+0300][gc,start    ] GC(25) Pause Young (Normal) (G1 Evacuation Pause)
[2024-12-17T11:47:15.242+0300][gc,task     ] GC(25) Using 8 workers of 8 for evacuation
[2024-12-17T11:47:15.255+0300][gc,phases   ] GC(25)   Pre Evacuate Collection Set: 0.5ms
[2024-12-17T11:47:15.255+0300][gc,phases   ] GC(25)   Merge Heap Roots: 0.2ms
[2024-12-17T11:47:15.255+0300][gc,phases   ] GC(25)   Evacuate Collection Set: 11.3ms
[2024-12-17T11:47:15.255+0300][gc,phases   ] GC(25)   Post Evacuate Collection Set: 0.5ms
[2024-12-17T11:47:15.255+0300][gc,phases   ] GC(25)   Other: 0.2ms
[2024-12-17T11:47:15.255+0300][gc,heap     ] GC(25) Eden regions: 123->0(163)
[2024-12-17T11:47:15.255+0300][gc,heap     ] GC(25) Survivor regions: 9->11(17)
[2024-12-17T11:47:15.255+0300][gc,heap     ] GC(25) Old regions: 32->32
[2024-12-17T11:47:15.255+0300][gc,heap     ] GC(25) Archive regions: 2->2
[2024-12-17T11:47:15.255+0300][gc,heap     ] GC(25) Humongous regions: 129->129
[2024-12-17T11:47:15.255+0300][gc,metaspace] GC(25) Metaspace: 43644K(44288K)->43644K(44288K) NonClass: 38397K(38720K)->38397K(38720K) Class: 5247K(5568K)->5247K(5568K)
[2024-12-17T11:47:15.255+0300][gc          ] GC(25) Pause Young (Normal) (G1 Evacuation Pause) 292M->171M(1024M) 14.419ms
[2024-12-17T11:47:15.255+0300][gc,cpu      ] GC(25) User=0.04s Sys=0.02s Real=0.01s
[2024-12-17T11:48:55.243+0300][gc,start    ] GC(26) Pause Young (Normal) (G1 Evacuation Pause)
[2024-12-17T11:48:55.244+0300][gc,task     ] GC(26) Using 8 workers of 8 for evacuation
[2024-12-17T11:48:55.269+0300][gc,mmu      ] GC(26) MMU target violated: 21.0ms (20.0ms/21.0ms)
[2024-12-17T11:48:55.269+0300][gc,phases   ] GC(26)   Pre Evacuate Collection Set: 0.9ms
[2024-12-17T11:48:55.269+0300][gc,phases   ] GC(26)   Merge Heap Roots: 0.2ms
[2024-12-17T11:48:55.269+0300][gc,phases   ] GC(26)   Evacuate Collection Set: 23.4ms
[2024-12-17T11:48:55.269+0300][gc,phases   ] GC(26)   Post Evacuate Collection Set: 0.7ms
[2024-12-17T11:48:55.269+0300][gc,phases   ] GC(26)   Other: 0.3ms
[2024-12-17T11:48:55.269+0300][gc,heap     ] GC(26) Eden regions: 163->0(67)
[2024-12-17T11:48:55.269+0300][gc,heap     ] GC(26) Survivor regions: 11->14(22)
[2024-12-17T11:48:55.269+0300][gc,heap     ] GC(26) Old regions: 32->32
[2024-12-17T11:48:55.269+0300][gc,heap     ] GC(26) Archive regions: 2->2
[2024-12-17T11:48:55.269+0300][gc,heap     ] GC(26) Humongous regions: 129->129
[2024-12-17T11:48:55.269+0300][gc,metaspace] GC(26) Metaspace: 43668K(44352K)->43668K(44352K) NonClass: 38421K(38784K)->38421K(38784K) Class: 5247K(5568K)->5247K(5568K)
[2024-12-17T11:48:55.269+0300][gc          ] GC(26) Pause Young (Normal) (G1 Evacuation Pause) 334M->174M(1024M) 27.231ms
[2024-12-17T11:48:55.269+0300][gc,cpu      ] GC(26) User=0.04s Sys=0.05s Real=0.02s
[2024-12-17T11:49:36.016+0300][gc,start    ] GC(27) Pause Young (Normal) (G1 Evacuation Pause)
[2024-12-17T11:49:36.018+0300][gc,task     ] GC(27) Using 8 workers of 8 for evacuation
[2024-12-17T11:49:36.038+0300][gc,mmu      ] GC(27) MMU target violated: 20.2ms (20.0ms/21.0ms)
[2024-12-17T11:49:36.038+0300][gc,phases   ] GC(27)   Pre Evacuate Collection Set: 0.8ms
[2024-12-17T11:49:36.038+0300][gc,phases   ] GC(27)   Merge Heap Roots: 0.2ms
[2024-12-17T11:49:36.038+0300][gc,phases   ] GC(27)   Evacuate Collection Set: 18.6ms
[2024-12-17T11:49:36.038+0300][gc,phases   ] GC(27)   Post Evacuate Collection Set: 0.4ms
[2024-12-17T11:49:36.038+0300][gc,phases   ] GC(27)   Other: 0.3ms
[2024-12-17T11:49:36.038+0300][gc,heap     ] GC(27) Eden regions: 67->0(255)
[2024-12-17T11:49:36.038+0300][gc,heap     ] GC(27) Survivor regions: 14->7(11)
[2024-12-17T11:49:36.038+0300][gc,heap     ] GC(27) Old regions: 32->40
[2024-12-17T11:49:36.038+0300][gc,heap     ] GC(27) Archive regions: 2->2
[2024-12-17T11:49:36.038+0300][gc,heap     ] GC(27) Humongous regions: 129->129
[2024-12-17T11:49:36.038+0300][gc,metaspace] GC(27) Metaspace: 43671K(44352K)->43671K(44352K) NonClass: 38423K(38784K)->38423K(38784K) Class: 5247K(5568K)->5247K(5568K)
[2024-12-17T11:49:36.038+0300][gc          ] GC(27) Pause Young (Normal) (G1 Evacuation Pause) 241M->175M(1024M) 22.170ms
[2024-12-17T11:49:36.038+0300][gc,cpu      ] GC(27) User=0.06s Sys=0.03s Real=0.02s
[2024-12-17T11:52:09.835+0300][gc,start    ] GC(28) Pause Young (Normal) (G1 Evacuation Pause)
[2024-12-17T11:52:09.836+0300][gc,task     ] GC(28) Using 8 workers of 8 for evacuation
[2024-12-17T11:52:09.863+0300][gc,mmu      ] GC(28) MMU target violated: 21.0ms (20.0ms/21.0ms)
[2024-12-17T11:52:09.863+0300][gc,phases   ] GC(28)   Pre Evacuate Collection Set: 0.8ms
[2024-12-17T11:52:09.863+0300][gc,phases   ] GC(28)   Merge Heap Roots: 0.3ms
[2024-12-17T11:52:09.863+0300][gc,phases   ] GC(28)   Evacuate Collection Set: 23.8ms
[2024-12-17T11:52:09.863+0300][gc,phases   ] GC(28)   Post Evacuate Collection Set: 0.5ms
[2024-12-17T11:52:09.863+0300][gc,phases   ] GC(28)   Other: 1.4ms
[2024-12-17T11:52:09.863+0300][gc,heap     ] GC(28) Eden regions: 255->0(41)
[2024-12-17T11:52:09.863+0300][gc,heap     ] GC(28) Survivor regions: 7->10(33)
[2024-12-17T11:52:09.863+0300][gc,heap     ] GC(28) Old regions: 40->40
[2024-12-17T11:52:09.863+0300][gc,heap     ] GC(28) Archive regions: 2->2
[2024-12-17T11:52:09.863+0300][gc,heap     ] GC(28) Humongous regions: 129->129
[2024-12-17T11:52:09.863+0300][gc,metaspace] GC(28) Metaspace: 43735K(44416K)->43735K(44416K) NonClass: 38477K(38848K)->38477K(38848K) Class: 5258K(5568K)->5258K(5568K)
[2024-12-17T11:52:09.863+0300][gc          ] GC(28) Pause Young (Normal) (G1 Evacuation Pause) 430M->178M(1024M) 28.575ms
[2024-12-17T11:52:09.863+0300][gc,cpu      ] GC(28) User=0.04s Sys=0.06s Real=0.03s
[2024-12-17T11:52:34.529+0300][gc,start    ] GC(29) Pause Young (Normal) (G1 Evacuation Pause)
[2024-12-17T11:52:34.530+0300][gc,task     ] GC(29) Using 8 workers of 8 for evacuation
[2024-12-17T11:52:34.557+0300][gc,mmu      ] GC(29) MMU target violated: 21.0ms (20.0ms/21.0ms)
[2024-12-17T11:52:34.557+0300][gc,phases   ] GC(29)   Pre Evacuate Collection Set: 0.7ms
[2024-12-17T11:52:34.557+0300][gc,phases   ] GC(29)   Merge Heap Roots: 0.2ms
[2024-12-17T11:52:34.557+0300][gc,phases   ] GC(29)   Evacuate Collection Set: 25.2ms
[2024-12-17T11:52:34.557+0300][gc,phases   ] GC(29)   Post Evacuate Collection Set: 0.5ms
[2024-12-17T11:52:34.557+0300][gc,phases   ] GC(29)   Other: 0.3ms
[2024-12-17T11:52:34.557+0300][gc,heap     ] GC(29) Eden regions: 41->0(399)
[2024-12-17T11:52:34.557+0300][gc,heap     ] GC(29) Survivor regions: 10->2(7)
[2024-12-17T11:52:34.557+0300][gc,heap     ] GC(29) Old regions: 40->48
[2024-12-17T11:52:34.557+0300][gc,heap     ] GC(29) Archive regions: 2->2
[2024-12-17T11:52:34.557+0300][gc,heap     ] GC(29) Humongous regions: 129->129
[2024-12-17T11:52:34.557+0300][gc,metaspace] GC(29) Metaspace: 43735K(44416K)->43735K(44416K) NonClass: 38477K(38848K)->38477K(38848K) Class: 5258K(5568K)->5258K(5568K)
[2024-12-17T11:52:34.557+0300][gc          ] GC(29) Pause Young (Normal) (G1 Evacuation Pause) 219M->179M(1024M) 27.769ms
[2024-12-17T11:52:34.557+0300][gc,cpu      ] GC(29) User=0.03s Sys=0.04s Real=0.03s
[2024-12-17T11:56:39.526+0300][gc,start    ] GC(30) Pause Young (Normal) (G1 Evacuation Pause)
[2024-12-17T11:56:39.526+0300][gc,task     ] GC(30) Using 8 workers of 8 for evacuation
[2024-12-17T11:56:39.582+0300][gc,mmu      ] GC(30) MMU target violated: 21.0ms (20.0ms/21.0ms)
[2024-12-17T11:56:39.582+0300][gc,phases   ] GC(30)   Pre Evacuate Collection Set: 0.6ms
[2024-12-17T11:56:39.582+0300][gc,phases   ] GC(30)   Merge Heap Roots: 0.2ms
[2024-12-17T11:56:39.582+0300][gc,phases   ] GC(30)   Evacuate Collection Set: 51.9ms
[2024-12-17T11:56:39.582+0300][gc,phases   ] GC(30)   Post Evacuate Collection Set: 2.5ms
[2024-12-17T11:56:39.583+0300][gc,phases   ] GC(30)   Other: 0.7ms
[2024-12-17T11:56:39.583+0300][gc,heap     ] GC(30) Eden regions: 399->0(43)
[2024-12-17T11:56:39.583+0300][gc,heap     ] GC(30) Survivor regions: 2->8(51)
[2024-12-17T11:56:39.583+0300][gc,heap     ] GC(30) Old regions: 48->48
[2024-12-17T11:56:39.583+0300][gc,heap     ] GC(30) Archive regions: 2->2
[2024-12-17T11:56:39.583+0300][gc,heap     ] GC(30) Humongous regions: 129->129
[2024-12-17T11:56:39.583+0300][gc,metaspace] GC(30) Metaspace: 43746K(44416K)->43746K(44416K) NonClass: 38488K(38848K)->38488K(38848K) Class: 5258K(5568K)->5258K(5568K)
[2024-12-17T11:56:39.583+0300][gc          ] GC(30) Pause Young (Normal) (G1 Evacuation Pause) 578M->185M(1024M) 57.131ms
[2024-12-17T11:56:39.583+0300][gc,cpu      ] GC(30) User=0.05s Sys=0.12s Real=0.06s
[2024-12-17T11:57:03.924+0300][gc,start    ] GC(31) Pause Young (Normal) (G1 Evacuation Pause)
[2024-12-17T11:57:03.925+0300][gc,task     ] GC(31) Using 8 workers of 8 for evacuation
[2024-12-17T11:57:03.941+0300][gc,phases   ] GC(31)   Pre Evacuate Collection Set: 0.5ms
[2024-12-17T11:57:03.941+0300][gc,phases   ] GC(31)   Merge Heap Roots: 0.2ms
[2024-12-17T11:57:03.942+0300][gc,phases   ] GC(31)   Evacuate Collection Set: 15.4ms
[2024-12-17T11:57:03.942+0300][gc,phases   ] GC(31)   Post Evacuate Collection Set: 0.6ms
[2024-12-17T11:57:03.942+0300][gc,phases   ] GC(31)   Other: 0.2ms
[2024-12-17T11:57:03.942+0300][gc,heap     ] GC(31) Eden regions: 43->0(229)
[2024-12-17T11:57:03.942+0300][gc,heap     ] GC(31) Survivor regions: 8->2(7)
[2024-12-17T11:57:03.942+0300][gc,heap     ] GC(31) Old regions: 48->56
[2024-12-17T11:57:03.942+0300][gc,heap     ] GC(31) Archive regions: 2->2
[2024-12-17T11:57:03.942+0300][gc,heap     ] GC(31) Humongous regions: 129->129
[2024-12-17T11:57:03.942+0300][gc,metaspace] GC(31) Metaspace: 43746K(44416K)->43746K(44416K) NonClass: 38488K(38848K)->38488K(38848K) Class: 5258K(5568K)->5258K(5568K)
[2024-12-17T11:57:03.942+0300][gc          ] GC(31) Pause Young (Normal) (G1 Evacuation Pause) 228M->186M(1024M) 17.535ms
[2024-12-17T11:57:03.942+0300][gc,cpu      ] GC(31) User=0.04s Sys=0.02s Real=0.02s
[2024-12-17T11:59:23.916+0300][gc,start    ] GC(32) Pause Young (Normal) (G1 Evacuation Pause)
[2024-12-17T11:59:23.916+0300][gc,task     ] GC(32) Using 8 workers of 8 for evacuation
[2024-12-17T11:59:23.946+0300][gc,mmu      ] GC(32) MMU target violated: 21.0ms (20.0ms/21.0ms)
[2024-12-17T11:59:23.946+0300][gc,phases   ] GC(32)   Pre Evacuate Collection Set: 0.6ms
[2024-12-17T11:59:23.946+0300][gc,phases   ] GC(32)   Merge Heap Roots: 0.2ms
[2024-12-17T11:59:23.946+0300][gc,phases   ] GC(32)   Evacuate Collection Set: 27.6ms
[2024-12-17T11:59:23.946+0300][gc,phases   ] GC(32)   Post Evacuate Collection Set: 0.7ms
[2024-12-17T11:59:23.946+0300][gc,phases   ] GC(32)   Other: 0.5ms
[2024-12-17T11:59:23.946+0300][gc,heap     ] GC(32) Eden regions: 229->0(46)
[2024-12-17T11:59:23.946+0300][gc,heap     ] GC(32) Survivor regions: 2->5(29)
[2024-12-17T11:59:23.946+0300][gc,heap     ] GC(32) Old regions: 56->56
[2024-12-17T11:59:23.946+0300][gc,heap     ] GC(32) Archive regions: 2->2
[2024-12-17T11:59:23.946+0300][gc,heap     ] GC(32) Humongous regions: 129->129
[2024-12-17T11:59:23.946+0300][gc,metaspace] GC(32) Metaspace: 43749K(44416K)->43749K(44416K) NonClass: 38491K(38848K)->38491K(38848K) Class: 5258K(5568K)->5258K(5568K)
[2024-12-17T11:59:23.946+0300][gc          ] GC(32) Pause Young (Normal) (G1 Evacuation Pause) 415M->189M(1024M) 31.632ms
[2024-12-17T11:59:23.946+0300][gc,cpu      ] GC(32) User=0.02s Sys=0.07s Real=0.03s
[2024-12-17T11:59:51.842+0300][gc,start    ] GC(33) Pause Young (Normal) (G1 Evacuation Pause)
[2024-12-17T11:59:51.842+0300][gc,task     ] GC(33) Using 8 workers of 8 for evacuation
[2024-12-17T11:59:51.856+0300][gc,phases   ] GC(33)   Pre Evacuate Collection Set: 0.4ms
[2024-12-17T11:59:51.856+0300][gc,phases   ] GC(33)   Merge Heap Roots: 0.1ms
[2024-12-17T11:59:51.857+0300][gc,phases   ] GC(33)   Evacuate Collection Set: 12.0ms
[2024-12-17T11:59:51.857+0300][gc,phases   ] GC(33)   Post Evacuate Collection Set: 1.1ms
[2024-12-17T11:59:51.857+0300][gc,phases   ] GC(33)   Other: 0.4ms
[2024-12-17T11:59:51.857+0300][gc,heap     ] GC(33) Eden regions: 46->0(190)
[2024-12-17T11:59:51.857+0300][gc,heap     ] GC(33) Survivor regions: 5->2(7)
[2024-12-17T11:59:51.857+0300][gc,heap     ] GC(33) Old regions: 56->60
[2024-12-17T11:59:51.857+0300][gc,heap     ] GC(33) Archive regions: 2->2
[2024-12-17T11:59:51.857+0300][gc,heap     ] GC(33) Humongous regions: 129->129
[2024-12-17T11:59:51.857+0300][gc,metaspace] GC(33) Metaspace: 43750K(44416K)->43750K(44416K) NonClass: 38492K(38848K)->38492K(38848K) Class: 5258K(5568K)->5258K(5568K)
[2024-12-17T11:59:51.857+0300][gc          ] GC(33) Pause Young (Normal) (G1 Evacuation Pause) 235M->190M(1024M) 14.561ms
[2024-12-17T11:59:51.857+0300][gc,cpu      ] GC(33) User=0.01s Sys=0.02s Real=0.01s
[2024-12-17T12:01:47.748+0300][gc,start    ] GC(34) Pause Young (Normal) (G1 Evacuation Pause)
[2024-12-17T12:01:47.749+0300][gc,task     ] GC(34) Using 8 workers of 8 for evacuation
[2024-12-17T12:01:47.775+0300][gc,mmu      ] GC(34) MMU target violated: 21.0ms (20.0ms/21.0ms)
[2024-12-17T12:01:47.775+0300][gc,phases   ] GC(34)   Pre Evacuate Collection Set: 0.5ms
[2024-12-17T12:01:47.775+0300][gc,phases   ] GC(34)   Merge Heap Roots: 0.1ms
[2024-12-17T12:01:47.775+0300][gc,phases   ] GC(34)   Evacuate Collection Set: 24.4ms
[2024-12-17T12:01:47.775+0300][gc,phases   ] GC(34)   Post Evacuate Collection Set: 1.0ms
[2024-12-17T12:01:47.775+0300][gc,phases   ] GC(34)   Other: 0.2ms
[2024-12-17T12:01:47.775+0300][gc,heap     ] GC(34) Eden regions: 190->0(47)
[2024-12-17T12:01:47.775+0300][gc,heap     ] GC(34) Survivor regions: 2->4(24)
[2024-12-17T12:01:47.775+0300][gc,heap     ] GC(34) Old regions: 60->60
[2024-12-17T12:01:47.775+0300][gc,heap     ] GC(34) Archive regions: 2->2
[2024-12-17T12:01:47.775+0300][gc,heap     ] GC(34) Humongous regions: 129->129
[2024-12-17T12:01:47.775+0300][gc,metaspace] GC(34) Metaspace: 43756K(44416K)->43756K(44416K) NonClass: 38497K(38848K)->38497K(38848K) Class: 5258K(5568K)->5258K(5568K)
[2024-12-17T12:01:47.775+0300][gc          ] GC(34) Pause Young (Normal) (G1 Evacuation Pause) 380M->193M(1024M) 26.904ms
[2024-12-17T12:01:47.775+0300][gc,cpu      ] GC(34) User=0.02s Sys=0.07s Real=0.03s
[2024-12-17T12:02:15.445+0300][gc,start    ] GC(35) Pause Young (Normal) (G1 Evacuation Pause)
[2024-12-17T12:02:15.446+0300][gc,task     ] GC(35) Using 8 workers of 8 for evacuation
[2024-12-17T12:02:15.454+0300][gc,phases   ] GC(35)   Pre Evacuate Collection Set: 0.6ms
[2024-12-17T12:02:15.455+0300][gc,phases   ] GC(35)   Merge Heap Roots: 0.1ms
[2024-12-17T12:02:15.455+0300][gc,phases   ] GC(35)   Evacuate Collection Set: 6.5ms
[2024-12-17T12:02:15.455+0300][gc,phases   ] GC(35)   Post Evacuate Collection Set: 0.5ms
[2024-12-17T12:02:15.455+0300][gc,phases   ] GC(35)   Other: 0.4ms
[2024-12-17T12:02:15.455+0300][gc,heap     ] GC(35) Eden regions: 47->0(65)
[2024-12-17T12:02:15.455+0300][gc,heap     ] GC(35) Survivor regions: 4->4(7)
[2024-12-17T12:02:15.455+0300][gc,heap     ] GC(35) Old regions: 60->61
[2024-12-17T12:02:15.455+0300][gc,heap     ] GC(35) Archive regions: 2->2
[2024-12-17T12:02:15.455+0300][gc,heap     ] GC(35) Humongous regions: 129->129
[2024-12-17T12:02:15.455+0300][gc,metaspace] GC(35) Metaspace: 43756K(44416K)->43756K(44416K) NonClass: 38497K(38848K)->38497K(38848K) Class: 5258K(5568K)->5258K(5568K)
[2024-12-17T12:02:15.455+0300][gc          ] GC(35) Pause Young (Normal) (G1 Evacuation Pause) 240M->194M(1024M) 9.654ms
[2024-12-17T12:02:15.455+0300][gc,cpu      ] GC(35) User=0.03s Sys=0.01s Real=0.01s
[2024-12-17T12:02:53.614+0300][gc,start    ] GC(36) Pause Young (Normal) (G1 Evacuation Pause)
[2024-12-17T12:02:53.615+0300][gc,task     ] GC(36) Using 8 workers of 8 for evacuation
[2024-12-17T12:02:53.628+0300][gc,phases   ] GC(36)   Pre Evacuate Collection Set: 0.4ms
[2024-12-17T12:02:53.628+0300][gc,phases   ] GC(36)   Merge Heap Roots: 0.2ms
[2024-12-17T12:02:53.628+0300][gc,phases   ] GC(36)   Evacuate Collection Set: 10.7ms
[2024-12-17T12:02:53.628+0300][gc,phases   ] GC(36)   Post Evacuate Collection Set: 1.0ms
[2024-12-17T12:02:53.628+0300][gc,phases   ] GC(36)   Other: 0.2ms
[2024-12-17T12:02:53.628+0300][gc,heap     ] GC(36) Eden regions: 63->0(46)
[2024-12-17T12:02:53.628+0300][gc,heap     ] GC(36) Survivor regions: 4->5(9)
[2024-12-17T12:02:53.628+0300][gc,heap     ] GC(36) Old regions: 61->61
[2024-12-17T12:02:53.628+0300][gc,heap     ] GC(36) Archive regions: 2->2
[2024-12-17T12:02:53.628+0300][gc,heap     ] GC(36) Humongous regions: 129->129
[2024-12-17T12:02:53.628+0300][gc,metaspace] GC(36) Metaspace: 43761K(44416K)->43761K(44416K) NonClass: 38502K(38848K)->38502K(38848K) Class: 5258K(5568K)->5258K(5568K)
[2024-12-17T12:02:53.628+0300][gc          ] GC(36) Pause Young (Normal) (G1 Evacuation Pause) 257M->195M(1024M) 13.436ms
[2024-12-17T12:02:53.628+0300][gc,cpu      ] GC(36) User=0.02s Sys=0.03s Real=0.01s
[2024-12-17T12:03:21.385+0300][gc,start    ] GC(37) Pause Young (Normal) (G1 Evacuation Pause)
[2024-12-17T12:03:21.385+0300][gc,task     ] GC(37) Using 8 workers of 8 for evacuation
[2024-12-17T12:03:21.396+0300][gc,phases   ] GC(37)   Pre Evacuate Collection Set: 0.5ms
[2024-12-17T12:03:21.396+0300][gc,phases   ] GC(37)   Merge Heap Roots: 0.1ms
[2024-12-17T12:03:21.396+0300][gc,phases   ] GC(37)   Evacuate Collection Set: 9.6ms
[2024-12-17T12:03:21.396+0300][gc,phases   ] GC(37)   Post Evacuate Collection Set: 0.6ms
[2024-12-17T12:03:21.396+0300][gc,phases   ] GC(37)   Other: 0.2ms
[2024-12-17T12:03:21.396+0300][gc,heap     ] GC(37) Eden regions: 46->0(182)
[2024-12-17T12:03:21.396+0300][gc,heap     ] GC(37) Survivor regions: 5->3(7)
[2024-12-17T12:03:21.396+0300][gc,heap     ] GC(37) Old regions: 61->64
[2024-12-17T12:03:21.396+0300][gc,heap     ] GC(37) Archive regions: 2->2
[2024-12-17T12:03:21.396+0300][gc,heap     ] GC(37) Humongous regions: 129->129
[2024-12-17T12:03:21.396+0300][gc,metaspace] GC(37) Metaspace: 43766K(44416K)->43766K(44416K) NonClass: 38507K(38848K)->38507K(38848K) Class: 5258K(5568K)->5258K(5568K)
[2024-12-17T12:03:21.396+0300][gc          ] GC(37) Pause Young (Normal) (G1 Evacuation Pause) 241M->196M(1024M) 11.858ms
[2024-12-17T12:03:21.396+0300][gc,cpu      ] GC(37) User=0.02s Sys=0.01s Real=0.01s
[2024-12-17T12:05:11.833+0300][gc,start    ] GC(38) Pause Young (Normal) (G1 Evacuation Pause)
[2024-12-17T12:05:11.834+0300][gc,task     ] GC(38) Using 8 workers of 8 for evacuation
[2024-12-17T12:05:11.858+0300][gc,mmu      ] GC(38) MMU target violated: 21.0ms (20.0ms/21.0ms)
[2024-12-17T12:05:11.858+0300][gc,phases   ] GC(38)   Pre Evacuate Collection Set: 0.7ms
[2024-12-17T12:05:11.858+0300][gc,phases   ] GC(38)   Merge Heap Roots: 0.3ms
[2024-12-17T12:05:11.858+0300][gc,phases   ] GC(38)   Evacuate Collection Set: 22.7ms
[2024-12-17T12:05:11.858+0300][gc,phases   ] GC(38)   Post Evacuate Collection Set: 0.7ms
[2024-12-17T12:05:11.858+0300][gc,phases   ] GC(38)   Other: 0.4ms
[2024-12-17T12:05:11.858+0300][gc,heap     ] GC(38) Eden regions: 182->0(45)
[2024-12-17T12:05:11.858+0300][gc,heap     ] GC(38) Survivor regions: 3->6(24)
[2024-12-17T12:05:11.858+0300][gc,heap     ] GC(38) Old regions: 64->64
[2024-12-17T12:05:11.858+0300][gc,heap     ] GC(38) Archive regions: 2->2
[2024-12-17T12:05:11.858+0300][gc,heap     ] GC(38) Humongous regions: 129->129
[2024-12-17T12:05:11.858+0300][gc,metaspace] GC(38) Metaspace: 43768K(44416K)->43768K(44416K) NonClass: 38509K(38848K)->38509K(38848K) Class: 5258K(5568K)->5258K(5568K)
[2024-12-17T12:05:11.858+0300][gc          ] GC(38) Pause Young (Normal) (G1 Evacuation Pause) 378M->199M(1024M) 27.296ms
[2024-12-17T12:05:11.858+0300][gc,cpu      ] GC(38) User=0.03s Sys=0.08s Real=0.02s
[2024-12-17T12:05:38.370+0300][gc,start    ] GC(39) Pause Young (Normal) (G1 Evacuation Pause)
[2024-12-17T12:05:38.371+0300][gc,task     ] GC(39) Using 8 workers of 8 for evacuation
[2024-12-17T12:05:38.393+0300][gc,mmu      ] GC(39) MMU target violated: 21.0ms (20.0ms/21.0ms)
[2024-12-17T12:05:38.394+0300][gc,phases   ] GC(39)   Pre Evacuate Collection Set: 0.9ms
[2024-12-17T12:05:38.394+0300][gc,phases   ] GC(39)   Merge Heap Roots: 0.2ms
[2024-12-17T12:05:38.394+0300][gc,phases   ] GC(39)   Evacuate Collection Set: 19.7ms
[2024-12-17T12:05:38.394+0300][gc,phases   ] GC(39)   Post Evacuate Collection Set: 1.4ms
[2024-12-17T12:05:38.394+0300][gc,phases   ] GC(39)   Other: 0.5ms
[2024-12-17T12:05:38.394+0300][gc,heap     ] GC(39) Eden regions: 45->0(89)
[2024-12-17T12:05:38.394+0300][gc,heap     ] GC(39) Survivor regions: 6->5(7)
[2024-12-17T12:05:38.394+0300][gc,heap     ] GC(39) Old regions: 64->67
[2024-12-17T12:05:38.394+0300][gc,heap     ] GC(39) Archive regions: 2->2
[2024-12-17T12:05:38.394+0300][gc,heap     ] GC(39) Humongous regions: 129->129
[2024-12-17T12:05:38.394+0300][gc,metaspace] GC(39) Metaspace: 43773K(44416K)->43773K(44416K) NonClass: 38514K(38848K)->38514K(38848K) Class: 5258K(5568K)->5258K(5568K)
[2024-12-17T12:05:38.394+0300][gc          ] GC(39) Pause Young (Normal) (G1 Evacuation Pause) 244M->200M(1024M) 23.520ms
[2024-12-17T12:05:38.394+0300][gc,cpu      ] GC(39) User=0.03s Sys=0.04s Real=0.02s
[2024-12-17T12:06:32.263+0300][gc,start    ] GC(40) Pause Young (Normal) (G1 Evacuation Pause)
[2024-12-17T12:06:32.263+0300][gc,task     ] GC(40) Using 8 workers of 8 for evacuation
[2024-12-17T12:06:32.276+0300][gc,phases   ] GC(40)   Pre Evacuate Collection Set: 0.5ms
[2024-12-17T12:06:32.276+0300][gc,phases   ] GC(40)   Merge Heap Roots: 0.2ms
[2024-12-17T12:06:32.276+0300][gc,phases   ] GC(40)   Evacuate Collection Set: 10.8ms
[2024-12-17T12:06:32.276+0300][gc,phases   ] GC(40)   Post Evacuate Collection Set: 0.4ms
[2024-12-17T12:06:32.276+0300][gc,phases   ] GC(40)   Other: 0.1ms
[2024-12-17T12:06:32.276+0300][gc,heap     ] GC(40) Eden regions: 88->0(73)
[2024-12-17T12:06:32.276+0300][gc,heap     ] GC(40) Survivor regions: 5->6(12)
[2024-12-17T12:06:32.276+0300][gc,heap     ] GC(40) Old regions: 67->67
[2024-12-17T12:06:32.276+0300][gc,heap     ] GC(40) Archive regions: 2->2
[2024-12-17T12:06:32.276+0300][gc,heap     ] GC(40) Humongous regions: 129->129
[2024-12-17T12:06:32.276+0300][gc,metaspace] GC(40) Metaspace: 43777K(44416K)->43777K(44416K) NonClass: 38518K(38848K)->38518K(38848K) Class: 5258K(5568K)->5258K(5568K)
[2024-12-17T12:06:32.276+0300][gc          ] GC(40) Pause Young (Normal) (G1 Evacuation Pause) 288M->201M(1024M) 13.516ms
[2024-12-17T12:06:32.276+0300][gc,cpu      ] GC(40) User=0.02s Sys=0.03s Real=0.01s
[2024-12-17T12:07:17.024+0300][gc,start    ] GC(41) Pause Young (Normal) (G1 Evacuation Pause)
[2024-12-17T12:07:17.024+0300][gc,task     ] GC(41) Using 8 workers of 8 for evacuation
[2024-12-17T12:07:17.048+0300][gc,mmu      ] GC(41) MMU target violated: 21.0ms (20.0ms/21.0ms)
[2024-12-17T12:07:17.048+0300][gc,phases   ] GC(41)   Pre Evacuate Collection Set: 0.6ms
[2024-12-17T12:07:17.048+0300][gc,phases   ] GC(41)   Merge Heap Roots: 0.2ms
[2024-12-17T12:07:17.048+0300][gc,phases   ] GC(41)   Evacuate Collection Set: 20.2ms
[2024-12-17T12:07:17.048+0300][gc,phases   ] GC(41)   Post Evacuate Collection Set: 1.4ms
[2024-12-17T12:07:17.048+0300][gc,phases   ] GC(41)   Other: 1.0ms
[2024-12-17T12:07:17.048+0300][gc,heap     ] GC(41) Eden regions: 73->0(188)
[2024-12-17T12:07:17.048+0300][gc,heap     ] GC(41) Survivor regions: 6->4(10)
[2024-12-17T12:07:17.048+0300][gc,heap     ] GC(41) Old regions: 67->70
[2024-12-17T12:07:17.048+0300][gc,heap     ] GC(41) Archive regions: 2->2
[2024-12-17T12:07:17.048+0300][gc,heap     ] GC(41) Humongous regions: 129->129
[2024-12-17T12:07:17.048+0300][gc,metaspace] GC(41) Metaspace: 43781K(44416K)->43781K(44416K) NonClass: 38523K(38848K)->38523K(38848K) Class: 5258K(5568K)->5258K(5568K)
[2024-12-17T12:07:17.049+0300][gc          ] GC(41) Pause Young (Normal) (G1 Evacuation Pause) 274M->202M(1024M) 23.944ms
[2024-12-17T12:07:17.049+0300][gc,cpu      ] GC(41) User=0.03s Sys=0.04s Real=0.02s
[2024-12-17T12:09:12.067+0300][gc,start    ] GC(42) Pause Young (Normal) (G1 Evacuation Pause)
[2024-12-17T12:09:12.068+0300][gc,task     ] GC(42) Using 8 workers of 8 for evacuation
[2024-12-17T12:09:12.087+0300][gc,phases   ] GC(42)   Pre Evacuate Collection Set: 0.5ms
[2024-12-17T12:09:12.087+0300][gc,phases   ] GC(42)   Merge Heap Roots: 0.2ms
[2024-12-17T12:09:12.087+0300][gc,phases   ] GC(42)   Evacuate Collection Set: 17.4ms
[2024-12-17T12:09:12.087+0300][gc,phases   ] GC(42)   Post Evacuate Collection Set: 0.7ms
[2024-12-17T12:09:12.087+0300][gc,phases   ] GC(42)   Other: 0.2ms
[2024-12-17T12:09:12.087+0300][gc,heap     ] GC(42) Eden regions: 188->0(47)
[2024-12-17T12:09:12.087+0300][gc,heap     ] GC(42) Survivor regions: 4->7(24)
[2024-12-17T12:09:12.087+0300][gc,heap     ] GC(42) Old regions: 70->70
[2024-12-17T12:09:12.087+0300][gc,heap     ] GC(42) Archive regions: 2->2
[2024-12-17T12:09:12.087+0300][gc,heap     ] GC(42) Humongous regions: 129->129
[2024-12-17T12:09:12.087+0300][gc,metaspace] GC(42) Metaspace: 43802K(44416K)->43802K(44416K) NonClass: 38543K(38848K)->38543K(38848K) Class: 5258K(5568K)->5258K(5568K)
[2024-12-17T12:09:12.087+0300][gc          ] GC(42) Pause Young (Normal) (G1 Evacuation Pause) 390M->205M(1024M) 19.587ms
[2024-12-17T12:09:12.087+0300][gc,cpu      ] GC(42) User=0.02s Sys=0.03s Real=0.02s
[2024-12-17T12:09:40.489+0300][gc,start    ] GC(43) Pause Young (Normal) (G1 Evacuation Pause)
[2024-12-17T12:09:40.489+0300][gc,task     ] GC(43) Using 8 workers of 8 for evacuation
[2024-12-17T12:09:40.507+0300][gc,phases   ] GC(43)   Pre Evacuate Collection Set: 0.5ms
[2024-12-17T12:09:40.507+0300][gc,phases   ] GC(43)   Merge Heap Roots: 0.3ms
[2024-12-17T12:09:40.507+0300][gc,phases   ] GC(43)   Evacuate Collection Set: 15.9ms
[2024-12-17T12:09:40.507+0300][gc,phases   ] GC(43)   Post Evacuate Collection Set: 0.9ms
[2024-12-17T12:09:40.507+0300][gc,phases   ] GC(43)   Other: 0.2ms
[2024-12-17T12:09:40.507+0300][gc,heap     ] GC(43) Eden regions: 47->0(235)
[2024-12-17T12:09:40.507+0300][gc,heap     ] GC(43) Survivor regions: 7->4(7)
[2024-12-17T12:09:40.507+0300][gc,heap     ] GC(43) Old regions: 70->72
[2024-12-17T12:09:40.507+0300][gc,heap     ] GC(43) Archive regions: 2->2
[2024-12-17T12:09:40.507+0300][gc,heap     ] GC(43) Humongous regions: 129->129
[2024-12-17T12:09:40.507+0300][gc,metaspace] GC(43) Metaspace: 43802K(44416K)->43802K(44416K) NonClass: 38544K(38848K)->38544K(38848K) Class: 5258K(5568K)->5258K(5568K)
[2024-12-17T12:09:40.507+0300][gc          ] GC(43) Pause Young (Normal) (G1 Evacuation Pause) 252M->205M(1024M) 18.271ms
[2024-12-17T12:09:40.507+0300][gc,cpu      ] GC(43) User=0.02s Sys=0.02s Real=0.02s
[2024-12-17T12:12:03.938+0300][gc,start    ] GC(44) Pause Young (Normal) (G1 Evacuation Pause)
[2024-12-17T12:12:03.938+0300][gc,task     ] GC(44) Using 8 workers of 8 for evacuation
[2024-12-17T12:12:03.959+0300][gc,mmu      ] GC(44) MMU target violated: 21.0ms (20.0ms/21.0ms)
[2024-12-17T12:12:03.959+0300][gc,phases   ] GC(44)   Pre Evacuate Collection Set: 0.4ms
[2024-12-17T12:12:03.959+0300][gc,phases   ] GC(44)   Merge Heap Roots: 0.1ms
[2024-12-17T12:12:03.960+0300][gc,phases   ] GC(44)   Evacuate Collection Set: 19.7ms
[2024-12-17T12:12:03.960+0300][gc,phases   ] GC(44)   Post Evacuate Collection Set: 0.7ms
[2024-12-17T12:12:03.960+0300][gc,phases   ] GC(44)   Other: 0.2ms
[2024-12-17T12:12:03.960+0300][gc,heap     ] GC(44) Eden regions: 233->0(43)
[2024-12-17T12:12:03.960+0300][gc,heap     ] GC(44) Survivor regions: 4->8(30)
[2024-12-17T12:12:03.960+0300][gc,heap     ] GC(44) Old regions: 72->72
[2024-12-17T12:12:03.960+0300][gc,heap     ] GC(44) Archive regions: 2->2
[2024-12-17T12:12:03.960+0300][gc,heap     ] GC(44) Humongous regions: 129->129
[2024-12-17T12:12:03.960+0300][gc,metaspace] GC(44) Metaspace: 43809K(44416K)->43809K(44416K) NonClass: 38550K(38848K)->38550K(38848K) Class: 5258K(5568K)->5258K(5568K)
[2024-12-17T12:12:03.960+0300][gc          ] GC(44) Pause Young (Normal) (G1 Evacuation Pause) 438M->209M(1024M) 21.589ms
[2024-12-17T12:12:03.960+0300][gc,cpu      ] GC(44) User=0.03s Sys=0.07s Real=0.03s
[2024-12-17T12:12:29.541+0300][gc,start    ] GC(45) Pause Young (Normal) (G1 Evacuation Pause)
[2024-12-17T12:12:29.542+0300][gc,task     ] GC(45) Using 8 workers of 8 for evacuation
[2024-12-17T12:12:29.558+0300][gc,phases   ] GC(45)   Pre Evacuate Collection Set: 0.8ms
[2024-12-17T12:12:29.558+0300][gc,phases   ] GC(45)   Merge Heap Roots: 0.3ms
[2024-12-17T12:12:29.558+0300][gc,phases   ] GC(45)   Evacuate Collection Set: 14.7ms
[2024-12-17T12:12:29.558+0300][gc,phases   ] GC(45)   Post Evacuate Collection Set: 0.6ms
[2024-12-17T12:12:29.558+0300][gc,phases   ] GC(45)   Other: 0.4ms
[2024-12-17T12:12:29.558+0300][gc,heap     ] GC(45) Eden regions: 43->0(356)
[2024-12-17T12:12:29.558+0300][gc,heap     ] GC(45) Survivor regions: 8->2(7)
[2024-12-17T12:12:29.558+0300][gc,heap     ] GC(45) Old regions: 72->80
[2024-12-17T12:12:29.558+0300][gc,heap     ] GC(45) Archive regions: 2->2
[2024-12-17T12:12:29.558+0300][gc,heap     ] GC(45) Humongous regions: 129->129
[2024-12-17T12:12:29.558+0300][gc,metaspace] GC(45) Metaspace: 43811K(44416K)->43811K(44416K) NonClass: 38552K(38848K)->38552K(38848K) Class: 5259K(5568K)->5259K(5568K)
[2024-12-17T12:12:29.559+0300][gc          ] GC(45) Pause Young (Normal) (G1 Evacuation Pause) 252M->210M(1024M) 17.520ms
[2024-12-17T12:12:29.559+0300][gc,cpu      ] GC(45) User=0.03s Sys=0.02s Real=0.01s
[2024-12-17T12:16:05.701+0300][gc,start    ] GC(46) Pause Young (Normal) (G1 Evacuation Pause)
[2024-12-17T12:16:05.702+0300][gc,task     ] GC(46) Using 8 workers of 8 for evacuation
[2024-12-17T12:16:05.741+0300][gc,mmu      ] GC(46) MMU target violated: 21.0ms (20.0ms/21.0ms)
[2024-12-17T12:16:05.741+0300][gc,phases   ] GC(46)   Pre Evacuate Collection Set: 0.8ms
[2024-12-17T12:16:05.741+0300][gc,phases   ] GC(46)   Merge Heap Roots: 0.2ms
[2024-12-17T12:16:05.741+0300][gc,phases   ] GC(46)   Evacuate Collection Set: 36.9ms
[2024-12-17T12:16:05.741+0300][gc,phases   ] GC(46)   Post Evacuate Collection Set: 0.6ms
[2024-12-17T12:16:05.741+0300][gc,phases   ] GC(46)   Other: 0.6ms
[2024-12-17T12:16:05.741+0300][gc,heap     ] GC(46) Eden regions: 356->0(44)
[2024-12-17T12:16:05.741+0300][gc,heap     ] GC(46) Survivor regions: 2->7(45)
[2024-12-17T12:16:05.741+0300][gc,heap     ] GC(46) Old regions: 80->80
[2024-12-17T12:16:05.741+0300][gc,heap     ] GC(46) Archive regions: 2->2
[2024-12-17T12:16:05.741+0300][gc,heap     ] GC(46) Humongous regions: 129->129
[2024-12-17T12:16:05.741+0300][gc,metaspace] GC(46) Metaspace: 43820K(44416K)->43820K(44416K) NonClass: 38559K(38848K)->38559K(38848K) Class: 5260K(5568K)->5260K(5568K)
[2024-12-17T12:16:05.741+0300][gc          ] GC(46) Pause Young (Normal) (G1 Evacuation Pause) 566M->215M(1024M) 40.908ms
[2024-12-17T12:16:05.741+0300][gc,cpu      ] GC(46) User=0.03s Sys=0.10s Real=0.04s
[2024-12-17T12:16:31.093+0300][gc,start    ] GC(47) Pause Young (Normal) (G1 Evacuation Pause)
[2024-12-17T12:16:31.094+0300][gc,task     ] GC(47) Using 8 workers of 8 for evacuation
[2024-12-17T12:16:31.108+0300][gc,phases   ] GC(47)   Pre Evacuate Collection Set: 0.9ms
[2024-12-17T12:16:31.108+0300][gc,phases   ] GC(47)   Merge Heap Roots: 0.2ms
[2024-12-17T12:16:31.108+0300][gc,phases   ] GC(47)   Evacuate Collection Set: 11.2ms
[2024-12-17T12:16:31.108+0300][gc,phases   ] GC(47)   Post Evacuate Collection Set: 0.9ms
[2024-12-17T12:16:31.108+0300][gc,phases   ] GC(47)   Other: 0.4ms
[2024-12-17T12:16:31.108+0300][gc,heap     ] GC(47) Eden regions: 44->0(249)
[2024-12-17T12:16:31.108+0300][gc,heap     ] GC(47) Survivor regions: 7->2(7)
[2024-12-17T12:16:31.108+0300][gc,heap     ] GC(47) Old regions: 80->86
[2024-12-17T12:16:31.108+0300][gc,heap     ] GC(47) Archive regions: 2->2
[2024-12-17T12:16:31.108+0300][gc,heap     ] GC(47) Humongous regions: 129->129
[2024-12-17T12:16:31.108+0300][gc,metaspace] GC(47) Metaspace: 43820K(44416K)->43820K(44416K) NonClass: 38559K(38848K)->38559K(38848K) Class: 5260K(5568K)->5260K(5568K)
[2024-12-17T12:16:31.108+0300][gc          ] GC(47) Pause Young (Normal) (G1 Evacuation Pause) 259M->216M(1024M) 14.533ms
[2024-12-17T12:16:31.108+0300][gc,cpu      ] GC(47) User=0.03s Sys=0.04s Real=0.01s
[2024-12-17T12:18:58.967+0300][gc,start    ] GC(48) Pause Young (Normal) (G1 Evacuation Pause)
[2024-12-17T12:18:58.968+0300][gc,task     ] GC(48) Using 8 workers of 8 for evacuation
[2024-12-17T12:18:59.010+0300][gc,mmu      ] GC(48) MMU target violated: 21.0ms (20.0ms/21.0ms)
[2024-12-17T12:18:59.010+0300][gc,phases   ] GC(48)   Pre Evacuate Collection Set: 1.0ms
[2024-12-17T12:18:59.010+0300][gc,phases   ] GC(48)   Merge Heap Roots: 0.4ms
[2024-12-17T12:18:59.010+0300][gc,phases   ] GC(48)   Evacuate Collection Set: 39.5ms
[2024-12-17T12:18:59.010+0300][gc,phases   ] GC(48)   Post Evacuate Collection Set: 1.1ms
[2024-12-17T12:18:59.010+0300][gc,phases   ] GC(48)   Other: 0.5ms
[2024-12-17T12:18:59.010+0300][gc,heap     ] GC(48) Eden regions: 247->0(44)
[2024-12-17T12:18:59.010+0300][gc,heap     ] GC(48) Survivor regions: 2->7(32)
[2024-12-17T12:18:59.010+0300][gc,heap     ] GC(48) Old regions: 86->86
[2024-12-17T12:18:59.010+0300][gc,heap     ] GC(48) Archive regions: 2->2
[2024-12-17T12:18:59.010+0300][gc,heap     ] GC(48) Humongous regions: 129->129
[2024-12-17T12:18:59.010+0300][gc,metaspace] GC(48) Metaspace: 43838K(44480K)->43838K(44480K) NonClass: 38574K(38912K)->38574K(38912K) Class: 5264K(5568K)->5264K(5568K)
[2024-12-17T12:18:59.010+0300][gc          ] GC(48) Pause Young (Normal) (G1 Evacuation Pause) 463M->222M(1024M) 43.764ms
[2024-12-17T12:18:59.010+0300][gc,cpu      ] GC(48) User=0.03s Sys=0.14s Real=0.05s
[2024-12-17T12:19:26.727+0300][gc,start    ] GC(49) Pause Young (Normal) (G1 Evacuation Pause)
[2024-12-17T12:19:26.727+0300][gc,task     ] GC(49) Using 8 workers of 8 for evacuation
[2024-12-17T12:19:26.750+0300][gc,mmu      ] GC(49) MMU target violated: 21.0ms (20.0ms/21.0ms)
[2024-12-17T12:19:26.750+0300][gc,phases   ] GC(49)   Pre Evacuate Collection Set: 0.8ms
[2024-12-17T12:19:26.750+0300][gc,phases   ] GC(49)   Merge Heap Roots: 0.4ms
[2024-12-17T12:19:26.750+0300][gc,phases   ] GC(49)   Evacuate Collection Set: 20.2ms
[2024-12-17T12:19:26.750+0300][gc,phases   ] GC(49)   Post Evacuate Collection Set: 0.7ms
[2024-12-17T12:19:26.750+0300][gc,phases   ] GC(49)   Other: 0.4ms
[2024-12-17T12:19:26.750+0300][gc,heap     ] GC(49) Eden regions: 44->0(200)
[2024-12-17T12:19:26.750+0300][gc,heap     ] GC(49) Survivor regions: 7->1(7)
[2024-12-17T12:19:26.750+0300][gc,heap     ] GC(49) Old regions: 86->92
[2024-12-17T12:19:26.750+0300][gc,heap     ] GC(49) Archive regions: 2->2
[2024-12-17T12:19:26.750+0300][gc,heap     ] GC(49) Humongous regions: 129->129
[2024-12-17T12:19:26.750+0300][gc,metaspace] GC(49) Metaspace: 43839K(44480K)->43839K(44480K) NonClass: 38575K(38912K)->38575K(38912K) Class: 5264K(5568K)->5264K(5568K)
[2024-12-17T12:19:26.750+0300][gc          ] GC(49) Pause Young (Normal) (G1 Evacuation Pause) 266M->222M(1024M) 23.498ms
[2024-12-17T12:19:26.750+0300][gc,cpu      ] GC(49) User=0.03s Sys=0.04s Real=0.03s
[2024-12-17T12:31:24.817+0300][gc,start    ] GC(50) Pause Young (Normal) (G1 Evacuation Pause)
[2024-12-17T12:31:24.818+0300][gc,task     ] GC(50) Using 8 workers of 8 for evacuation
[2024-12-17T12:31:24.840+0300][gc,mmu      ] GC(50) MMU target violated: 21.0ms (20.0ms/21.0ms)
[2024-12-17T12:31:24.840+0300][gc,phases   ] GC(50)   Pre Evacuate Collection Set: 0.7ms
[2024-12-17T12:31:24.840+0300][gc,phases   ] GC(50)   Merge Heap Roots: 0.2ms
[2024-12-17T12:31:24.840+0300][gc,phases   ] GC(50)   Evacuate Collection Set: 20.6ms
[2024-12-17T12:31:24.840+0300][gc,phases   ] GC(50)   Post Evacuate Collection Set: 0.5ms
[2024-12-17T12:31:24.840+0300][gc,phases   ] GC(50)   Other: 0.5ms
[2024-12-17T12:31:24.840+0300][gc,heap     ] GC(50) Eden regions: 200->0(43)
[2024-12-17T12:31:24.840+0300][gc,heap     ] GC(50) Survivor regions: 1->8(26)
[2024-12-17T12:31:24.840+0300][gc,heap     ] GC(50) Old regions: 92->92
[2024-12-17T12:31:24.840+0300][gc,heap     ] GC(50) Archive regions: 2->2
[2024-12-17T12:31:24.840+0300][gc,heap     ] GC(50) Humongous regions: 129->129
[2024-12-17T12:31:24.840+0300][gc,metaspace] GC(50) Metaspace: 43865K(44480K)->43865K(44480K) NonClass: 38596K(38912K)->38596K(38912K) Class: 5269K(5568K)->5269K(5568K)
[2024-12-17T12:31:24.840+0300][gc          ] GC(50) Pause Young (Normal) (G1 Evacuation Pause) 422M->229M(1024M) 24.591ms
[2024-12-17T12:31:24.840+0300][gc,cpu      ] GC(50) User=0.04s Sys=0.05s Real=0.03s
[2024-12-17T12:31:49.953+0300][gc,start    ] GC(51) Pause Young (Normal) (G1 Evacuation Pause)
[2024-12-17T12:31:49.954+0300][gc,task     ] GC(51) Using 8 workers of 8 for evacuation
[2024-12-17T12:31:49.964+0300][gc,phases   ] GC(51)   Pre Evacuate Collection Set: 0.3ms
[2024-12-17T12:31:49.964+0300][gc,phases   ] GC(51)   Merge Heap Roots: 0.1ms
[2024-12-17T12:31:49.964+0300][gc,phases   ] GC(51)   Evacuate Collection Set: 8.9ms
[2024-12-17T12:31:49.964+0300][gc,phases   ] GC(51)   Post Evacuate Collection Set: 0.5ms
[2024-12-17T12:31:49.964+0300][gc,phases   ] GC(51)   Other: 0.2ms
[2024-12-17T12:31:49.964+0300][gc,heap     ] GC(51) Eden regions: 43->0(183)
[2024-12-17T12:31:49.964+0300][gc,heap     ] GC(51) Survivor regions: 8->2(7)
[2024-12-17T12:31:49.964+0300][gc,heap     ] GC(51) Old regions: 92->100
[2024-12-17T12:31:49.964+0300][gc,heap     ] GC(51) Archive regions: 2->2
[2024-12-17T12:31:49.964+0300][gc,heap     ] GC(51) Humongous regions: 129->129
[2024-12-17T12:31:49.964+0300][gc,metaspace] GC(51) Metaspace: 43872K(44480K)->43872K(44480K) NonClass: 38602K(38912K)->38602K(38912K) Class: 5269K(5568K)->5269K(5568K)
[2024-12-17T12:31:49.964+0300][gc          ] GC(51) Pause Young (Normal) (G1 Evacuation Pause) 272M->230M(1024M) 11.050ms
[2024-12-17T12:31:49.964+0300][gc,cpu      ] GC(51) User=0.03s Sys=0.01s Real=0.01s
[2024-12-17T12:33:41.326+0300][gc,start    ] GC(52) Pause Young (Normal) (G1 Evacuation Pause)
[2024-12-17T12:33:41.327+0300][gc,task     ] GC(52) Using 8 workers of 8 for evacuation
[2024-12-17T12:33:41.352+0300][gc,mmu      ] GC(52) MMU target violated: 21.0ms (20.0ms/21.0ms)
[2024-12-17T12:33:41.352+0300][gc,phases   ] GC(52)   Pre Evacuate Collection Set: 1.0ms
[2024-12-17T12:33:41.352+0300][gc,phases   ] GC(52)   Merge Heap Roots: 0.2ms
[2024-12-17T12:33:41.352+0300][gc,phases   ] GC(52)   Evacuate Collection Set: 22.3ms
[2024-12-17T12:33:41.352+0300][gc,phases   ] GC(52)   Post Evacuate Collection Set: 0.8ms
[2024-12-17T12:33:41.352+0300][gc,phases   ] GC(52)   Other: 0.6ms
[2024-12-17T12:33:41.352+0300][gc,heap     ] GC(52) Eden regions: 183->0(118)
[2024-12-17T12:33:41.352+0300][gc,heap     ] GC(52) Survivor regions: 2->4(24)
[2024-12-17T12:33:41.352+0300][gc,heap     ] GC(52) Old regions: 100->100
[2024-12-17T12:33:41.352+0300][gc,heap     ] GC(52) Archive regions: 2->2
[2024-12-17T12:33:41.352+0300][gc,heap     ] GC(52) Humongous regions: 129->129
[2024-12-17T12:33:41.352+0300][gc,metaspace] GC(52) Metaspace: 43875K(44480K)->43875K(44480K) NonClass: 38606K(38912K)->38606K(38912K) Class: 5269K(5568K)->5269K(5568K)
[2024-12-17T12:33:41.352+0300][gc          ] GC(52) Pause Young (Normal) (G1 Evacuation Pause) 413M->233M(1024M) 27.306ms
[2024-12-17T12:33:41.352+0300][gc,cpu      ] GC(52) User=0.02s Sys=0.06s Real=0.03s
[2024-12-17T12:34:53.464+0300][gc,start    ] GC(53) Pause Young (Normal) (G1 Evacuation Pause)
[2024-12-17T12:34:53.464+0300][gc,task     ] GC(53) Using 8 workers of 8 for evacuation
[2024-12-17T12:34:53.478+0300][gc,phases   ] GC(53)   Pre Evacuate Collection Set: 0.5ms
[2024-12-17T12:34:53.479+0300][gc,phases   ] GC(53)   Merge Heap Roots: 0.2ms
[2024-12-17T12:34:53.479+0300][gc,phases   ] GC(53)   Evacuate Collection Set: 12.7ms
[2024-12-17T12:34:53.479+0300][gc,phases   ] GC(53)   Post Evacuate Collection Set: 0.8ms
[2024-12-17T12:34:53.479+0300][gc,phases   ] GC(53)   Other: 0.3ms
[2024-12-17T12:34:53.479+0300][gc,heap     ] GC(53) Eden regions: 118->0(44)
[2024-12-17T12:34:53.479+0300][gc,heap     ] GC(53) Survivor regions: 4->7(16)
[2024-12-17T12:34:53.479+0300][gc,heap     ] GC(53) Old regions: 100->100
[2024-12-17T12:34:53.479+0300][gc,heap     ] GC(53) Archive regions: 2->2
[2024-12-17T12:34:53.479+0300][gc,heap     ] GC(53) Humongous regions: 129->129
[2024-12-17T12:34:53.479+0300][gc,metaspace] GC(53) Metaspace: 43878K(44480K)->43878K(44480K) NonClass: 38609K(38912K)->38609K(38912K) Class: 5269K(5568K)->5269K(5568K)
[2024-12-17T12:34:53.479+0300][gc          ] GC(53) Pause Young (Normal) (G1 Evacuation Pause) 351M->235M(1024M) 15.005ms
[2024-12-17T12:34:53.479+0300][gc,cpu      ] GC(53) User=0.03s Sys=0.01s Real=0.01s
[2024-12-17T12:35:20.047+0300][gc,start    ] GC(54) Pause Young (Normal) (G1 Evacuation Pause)
[2024-12-17T12:35:20.047+0300][gc,task     ] GC(54) Using 8 workers of 8 for evacuation
[2024-12-17T12:35:20.059+0300][gc,phases   ] GC(54)   Pre Evacuate Collection Set: 0.6ms
[2024-12-17T12:35:20.059+0300][gc,phases   ] GC(54)   Merge Heap Roots: 0.2ms
[2024-12-17T12:35:20.059+0300][gc,phases   ] GC(54)   Evacuate Collection Set: 10.7ms
[2024-12-17T12:35:20.059+0300][gc,phases   ] GC(54)   Post Evacuate Collection Set: 0.8ms
[2024-12-17T12:35:20.059+0300][gc,phases   ] GC(54)   Other: 0.2ms
[2024-12-17T12:35:20.059+0300][gc,heap     ] GC(54) Eden regions: 44->0(189)
[2024-12-17T12:35:20.059+0300][gc,heap     ] GC(54) Survivor regions: 7->4(7)
[2024-12-17T12:35:20.059+0300][gc,heap     ] GC(54) Old regions: 100->103
[2024-12-17T12:35:20.059+0300][gc,heap     ] GC(54) Archive regions: 2->2
[2024-12-17T12:35:20.059+0300][gc,heap     ] GC(54) Humongous regions: 129->129
[2024-12-17T12:35:20.059+0300][gc,metaspace] GC(54) Metaspace: 43878K(44480K)->43878K(44480K) NonClass: 38609K(38912K)->38609K(38912K) Class: 5269K(5568K)->5269K(5568K)
[2024-12-17T12:35:20.059+0300][gc          ] GC(54) Pause Young (Normal) (G1 Evacuation Pause) 279M->236M(1024M) 12.731ms
[2024-12-17T12:35:20.059+0300][gc,cpu      ] GC(54) User=0.02s Sys=0.03s Real=0.01s
[2024-12-17T12:37:15.060+0300][gc,start    ] GC(55) Pause Young (Normal) (G1 Evacuation Pause)
[2024-12-17T12:37:15.061+0300][gc,task     ] GC(55) Using 8 workers of 8 for evacuation
[2024-12-17T12:37:15.096+0300][gc,mmu      ] GC(55) MMU target violated: 21.0ms (20.0ms/21.0ms)
[2024-12-17T12:37:15.096+0300][gc,phases   ] GC(55)   Pre Evacuate Collection Set: 0.9ms
[2024-12-17T12:37:15.096+0300][gc,phases   ] GC(55)   Merge Heap Roots: 0.3ms
[2024-12-17T12:37:15.096+0300][gc,phases   ] GC(55)   Evacuate Collection Set: 32.1ms
[2024-12-17T12:37:15.096+0300][gc,phases   ] GC(55)   Post Evacuate Collection Set: 0.7ms
[2024-12-17T12:37:15.096+0300][gc,phases   ] GC(55)   Other: 0.7ms
[2024-12-17T12:37:15.096+0300][gc,heap     ] GC(55) Eden regions: 188->0(45)
[2024-12-17T12:37:15.096+0300][gc,heap     ] GC(55) Survivor regions: 4->6(24)
[2024-12-17T12:37:15.096+0300][gc,heap     ] GC(55) Old regions: 103->103
[2024-12-17T12:37:15.096+0300][gc,heap     ] GC(55) Archive regions: 2->2
[2024-12-17T12:37:15.096+0300][gc,heap     ] GC(55) Humongous regions: 129->129
[2024-12-17T12:37:15.096+0300][gc,metaspace] GC(55) Metaspace: 43879K(44480K)->43879K(44480K) NonClass: 38610K(38912K)->38610K(38912K) Class: 5269K(5568K)->5269K(5568K)
[2024-12-17T12:37:15.096+0300][gc          ] GC(55) Pause Young (Normal) (G1 Evacuation Pause) 424M->238M(1024M) 35.373ms
[2024-12-17T12:37:15.096+0300][gc,cpu      ] GC(55) User=0.03s Sys=0.08s Real=0.03s
[2024-12-17T12:37:42.330+0300][gc,start    ] GC(56) Pause Young (Normal) (G1 Evacuation Pause)
[2024-12-17T12:37:42.330+0300][gc,task     ] GC(56) Using 8 workers of 8 for evacuation
[2024-12-17T12:37:42.345+0300][gc,phases   ] GC(56)   Pre Evacuate Collection Set: 1.6ms
[2024-12-17T12:37:42.345+0300][gc,phases   ] GC(56)   Merge Heap Roots: 0.4ms
[2024-12-17T12:37:42.345+0300][gc,phases   ] GC(56)   Evacuate Collection Set: 11.5ms
[2024-12-17T12:37:42.345+0300][gc,phases   ] GC(56)   Post Evacuate Collection Set: 0.9ms
[2024-12-17T12:37:42.345+0300][gc,phases   ] GC(56)   Other: 0.4ms
[2024-12-17T12:37:42.345+0300][gc,heap     ] GC(56) Eden regions: 45->0(71)
[2024-12-17T12:37:42.345+0300][gc,heap     ] GC(56) Survivor regions: 6->5(7)
[2024-12-17T12:37:42.345+0300][gc,heap     ] GC(56) Old regions: 103->105
[2024-12-17T12:37:42.345+0300][gc,heap     ] GC(56) Archive regions: 2->2
[2024-12-17T12:37:42.345+0300][gc,heap     ] GC(56) Humongous regions: 129->129
[2024-12-17T12:37:42.345+0300][gc,metaspace] GC(56) Metaspace: 43879K(44480K)->43879K(44480K) NonClass: 38610K(38912K)->38610K(38912K) Class: 5269K(5568K)->5269K(5568K)
[2024-12-17T12:37:42.345+0300][gc          ] GC(56) Pause Young (Normal) (G1 Evacuation Pause) 283M->239M(1024M) 15.820ms
[2024-12-17T12:37:42.345+0300][gc,cpu      ] GC(56) User=0.02s Sys=0.03s Real=0.01s
[2024-12-17T12:38:21.969+0300][gc,start    ] GC(57) Pause Young (Normal) (G1 Evacuation Pause)
[2024-12-17T12:38:21.970+0300][gc,task     ] GC(57) Using 8 workers of 8 for evacuation
[2024-12-17T12:38:21.982+0300][gc,phases   ] GC(57)   Pre Evacuate Collection Set: 0.8ms
[2024-12-17T12:38:21.983+0300][gc,phases   ] GC(57)   Merge Heap Roots: 0.3ms
[2024-12-17T12:38:21.983+0300][gc,phases   ] GC(57)   Evacuate Collection Set: 10.8ms
[2024-12-17T12:38:21.983+0300][gc,phases   ] GC(57)   Post Evacuate Collection Set: 0.7ms
[2024-12-17T12:38:21.983+0300][gc,phases   ] GC(57)   Other: 0.3ms
[2024-12-17T12:38:21.983+0300][gc,heap     ] GC(57) Eden regions: 65->0(61)
[2024-12-17T12:38:21.983+0300][gc,heap     ] GC(57) Survivor regions: 5->6(9)
[2024-12-17T12:38:21.983+0300][gc,heap     ] GC(57) Old regions: 105->105
[2024-12-17T12:38:21.983+0300][gc,heap     ] GC(57) Archive regions: 2->2
[2024-12-17T12:38:21.983+0300][gc,heap     ] GC(57) Humongous regions: 129->129
[2024-12-17T12:38:21.983+0300][gc,metaspace] GC(57) Metaspace: 43886K(44544K)->43886K(44544K) NonClass: 38616K(38976K)->38616K(38976K) Class: 5269K(5568K)->5269K(5568K)
[2024-12-17T12:38:21.983+0300][gc          ] GC(57) Pause Young (Normal) (G1 Evacuation Pause) 304M->240M(1024M) 13.712ms
[2024-12-17T12:38:21.983+0300][gc,cpu      ] GC(57) User=0.03s Sys=0.02s Real=0.02s
[2024-12-17T12:38:59.084+0300][gc,start    ] GC(58) Pause Young (Normal) (G1 Evacuation Pause)
[2024-12-17T12:38:59.084+0300][gc,task     ] GC(58) Using 8 workers of 8 for evacuation
[2024-12-17T12:38:59.097+0300][gc,phases   ] GC(58)   Pre Evacuate Collection Set: 0.6ms
[2024-12-17T12:38:59.097+0300][gc,phases   ] GC(58)   Merge Heap Roots: 0.1ms
[2024-12-17T12:38:59.097+0300][gc,phases   ] GC(58)   Evacuate Collection Set: 11.1ms
[2024-12-17T12:38:59.097+0300][gc,phases   ] GC(58)   Post Evacuate Collection Set: 0.6ms
[2024-12-17T12:38:59.097+0300][gc,phases   ] GC(58)   Other: 0.2ms
[2024-12-17T12:38:59.097+0300][gc,heap     ] GC(58) Eden regions: 61->0(194)
[2024-12-17T12:38:59.097+0300][gc,heap     ] GC(58) Survivor regions: 6->4(9)
[2024-12-17T12:38:59.097+0300][gc,heap     ] GC(58) Old regions: 105->109
[2024-12-17T12:38:59.097+0300][gc,heap     ] GC(58) Archive regions: 2->2
[2024-12-17T12:38:59.097+0300][gc,heap     ] GC(58) Humongous regions: 129->129
[2024-12-17T12:38:59.097+0300][gc,metaspace] GC(58) Metaspace: 43887K(44544K)->43887K(44544K) NonClass: 38618K(38976K)->38618K(38976K) Class: 5269K(5568K)->5269K(5568K)
[2024-12-17T12:38:59.097+0300][gc          ] GC(58) Pause Young (Normal) (G1 Evacuation Pause) 301M->241M(1024M) 13.189ms
[2024-12-17T12:38:59.097+0300][gc,cpu      ] GC(58) User=0.02s Sys=0.03s Real=0.01s
[2024-12-17T12:40:57.353+0300][gc,start    ] GC(59) Pause Young (Normal) (G1 Evacuation Pause)
[2024-12-17T12:40:57.354+0300][gc,task     ] GC(59) Using 8 workers of 8 for evacuation
[2024-12-17T12:40:57.382+0300][gc,mmu      ] GC(59) MMU target violated: 21.0ms (20.0ms/21.0ms)
[2024-12-17T12:40:57.382+0300][gc,phases   ] GC(59)   Pre Evacuate Collection Set: 0.7ms
[2024-12-17T12:40:57.382+0300][gc,phases   ] GC(59)   Merge Heap Roots: 0.2ms
[2024-12-17T12:40:57.382+0300][gc,phases   ] GC(59)   Evacuate Collection Set: 26.1ms
[2024-12-17T12:40:57.382+0300][gc,phases   ] GC(59)   Post Evacuate Collection Set: 0.5ms
[2024-12-17T12:40:57.382+0300][gc,phases   ] GC(59)   Other: 0.4ms
[2024-12-17T12:40:57.382+0300][gc,heap     ] GC(59) Eden regions: 193->0(44)
[2024-12-17T12:40:57.382+0300][gc,heap     ] GC(59) Survivor regions: 4->7(25)
[2024-12-17T12:40:57.382+0300][gc,heap     ] GC(59) Old regions: 109->109
[2024-12-17T12:40:57.382+0300][gc,heap     ] GC(59) Archive regions: 2->2
[2024-12-17T12:40:57.382+0300][gc,heap     ] GC(59) Humongous regions: 129->129
[2024-12-17T12:40:57.382+0300][gc,metaspace] GC(59) Metaspace: 43888K(44544K)->43888K(44544K) NonClass: 38619K(38976K)->38619K(38976K) Class: 5269K(5568K)->5269K(5568K)
[2024-12-17T12:40:57.382+0300][gc          ] GC(59) Pause Young (Normal) (G1 Evacuation Pause) 434M->244M(1024M) 29.048ms
[2024-12-17T12:40:57.382+0300][gc,cpu      ] GC(59) User=0.03s Sys=0.04s Real=0.03s
[2024-12-17T12:41:23.961+0300][gc,start    ] GC(60) Pause Young (Normal) (G1 Evacuation Pause)
[2024-12-17T12:41:23.961+0300][gc,task     ] GC(60) Using 8 workers of 8 for evacuation
[2024-12-17T12:41:23.984+0300][gc,mmu      ] GC(60) MMU target violated: 21.0ms (20.0ms/21.0ms)
[2024-12-17T12:41:23.984+0300][gc,phases   ] GC(60)   Pre Evacuate Collection Set: 1.3ms
[2024-12-17T12:41:23.984+0300][gc,phases   ] GC(60)   Merge Heap Roots: 0.2ms
[2024-12-17T12:41:23.984+0300][gc,phases   ] GC(60)   Evacuate Collection Set: 19.9ms
[2024-12-17T12:41:23.984+0300][gc,phases   ] GC(60)   Post Evacuate Collection Set: 0.9ms
[2024-12-17T12:41:23.984+0300][gc,phases   ] GC(60)   Other: 0.4ms
[2024-12-17T12:41:23.984+0300][gc,heap     ] GC(60) Eden regions: 44->0(95)
[2024-12-17T12:41:23.984+0300][gc,heap     ] GC(60) Survivor regions: 7->5(7)
[2024-12-17T12:41:23.984+0300][gc,heap     ] GC(60) Old regions: 109->112
[2024-12-17T12:41:23.984+0300][gc,heap     ] GC(60) Archive regions: 2->2
[2024-12-17T12:41:23.984+0300][gc,heap     ] GC(60) Humongous regions: 129->129
[2024-12-17T12:41:23.984+0300][gc,metaspace] GC(60) Metaspace: 43889K(44544K)->43889K(44544K) NonClass: 38620K(38976K)->38620K(38976K) Class: 5269K(5568K)->5269K(5568K)
[2024-12-17T12:41:23.984+0300][gc          ] GC(60) Pause Young (Normal) (G1 Evacuation Pause) 288M->245M(1024M) 23.402ms
[2024-12-17T12:41:23.984+0300][gc,cpu      ] GC(60) User=0.03s Sys=0.05s Real=0.02s
[2024-12-17T12:42:20.619+0300][gc,start    ] GC(61) Pause Young (Normal) (G1 Evacuation Pause)
[2024-12-17T12:42:20.620+0300][gc,task     ] GC(61) Using 8 workers of 8 for evacuation
[2024-12-17T12:42:20.628+0300][gc,phases   ] GC(61)   Pre Evacuate Collection Set: 0.7ms
[2024-12-17T12:42:20.628+0300][gc,phases   ] GC(61)   Merge Heap Roots: 0.2ms
[2024-12-17T12:42:20.628+0300][gc,phases   ] GC(61)   Evacuate Collection Set: 6.8ms
[2024-12-17T12:42:20.628+0300][gc,phases   ] GC(61)   Post Evacuate Collection Set: 0.5ms
[2024-12-17T12:42:20.628+0300][gc,phases   ] GC(61)   Other: 0.2ms
[2024-12-17T12:42:20.629+0300][gc,heap     ] GC(61) Eden regions: 93->0(102)
[2024-12-17T12:42:20.629+0300][gc,heap     ] GC(61) Survivor regions: 5->6(13)
[2024-12-17T12:42:20.629+0300][gc,heap     ] GC(61) Old regions: 112->112
[2024-12-17T12:42:20.629+0300][gc,heap     ] GC(61) Archive regions: 2->2
[2024-12-17T12:42:20.629+0300][gc,heap     ] GC(61) Humongous regions: 129->129
[2024-12-17T12:42:20.629+0300][gc,metaspace] GC(61) Metaspace: 43892K(44544K)->43892K(44544K) NonClass: 38623K(38976K)->38623K(38976K) Class: 5269K(5568K)->5269K(5568K)
[2024-12-17T12:42:20.629+0300][gc          ] GC(61) Pause Young (Normal) (G1 Evacuation Pause) 338M->246M(1024M) 9.294ms
[2024-12-17T12:42:20.629+0300][gc,cpu      ] GC(61) User=0.02s Sys=0.03s Real=0.01s
[2024-12-17T12:43:22.486+0300][gc,start    ] GC(62) Pause Young (Normal) (G1 Evacuation Pause)
[2024-12-17T12:43:22.487+0300][gc,task     ] GC(62) Using 8 workers of 8 for evacuation
[2024-12-17T12:43:22.505+0300][gc,phases   ] GC(62)   Pre Evacuate Collection Set: 0.8ms
[2024-12-17T12:43:22.505+0300][gc,phases   ] GC(62)   Merge Heap Roots: 0.2ms
[2024-12-17T12:43:22.506+0300][gc,phases   ] GC(62)   Evacuate Collection Set: 16.4ms
[2024-12-17T12:43:22.506+0300][gc,phases   ] GC(62)   Post Evacuate Collection Set: 0.8ms
[2024-12-17T12:43:22.506+0300][gc,phases   ] GC(62)   Other: 0.3ms
[2024-12-17T12:43:22.506+0300][gc,heap     ] GC(62) Eden regions: 102->0(43)
[2024-12-17T12:43:22.506+0300][gc,heap     ] GC(62) Survivor regions: 6->8(14)
[2024-12-17T12:43:22.506+0300][gc,heap     ] GC(62) Old regions: 112->112
[2024-12-17T12:43:22.506+0300][gc,heap     ] GC(62) Archive regions: 2->2
[2024-12-17T12:43:22.506+0300][gc,heap     ] GC(62) Humongous regions: 129->129
[2024-12-17T12:43:22.506+0300][gc,metaspace] GC(62) Metaspace: 43897K(44544K)->43897K(44544K) NonClass: 38628K(38976K)->38628K(38976K) Class: 5269K(5568K)->5269K(5568K)
[2024-12-17T12:43:22.506+0300][gc          ] GC(62) Pause Young (Normal) (G1 Evacuation Pause) 348M->248M(1024M) 19.813ms
[2024-12-17T12:43:22.506+0300][gc,cpu      ] GC(62) User=0.04s Sys=0.02s Real=0.02s
[2024-12-17T12:43:48.261+0300][gc,start    ] GC(63) Pause Young (Normal) (G1 Evacuation Pause)
[2024-12-17T12:43:48.261+0300][gc,task     ] GC(63) Using 8 workers of 8 for evacuation
[2024-12-17T12:43:48.266+0300][gc,phases   ] GC(63)   Pre Evacuate Collection Set: 0.3ms
[2024-12-17T12:43:48.266+0300][gc,phases   ] GC(63)   Merge Heap Roots: 0.1ms
[2024-12-17T12:43:48.266+0300][gc,phases   ] GC(63)   Evacuate Collection Set: 4.3ms
[2024-12-17T12:43:48.266+0300][gc,phases   ] GC(63)   Post Evacuate Collection Set: 0.2ms
[2024-12-17T12:43:48.266+0300][gc,phases   ] GC(63)   Other: 0.1ms
[2024-12-17T12:43:48.266+0300][gc,heap     ] GC(63) Eden regions: 43->0(246)
[2024-12-17T12:43:48.266+0300][gc,heap     ] GC(63) Survivor regions: 8->5(7)
[2024-12-17T12:43:48.266+0300][gc,heap     ] GC(63) Old regions: 112->115
[2024-12-17T12:43:48.266+0300][gc,heap     ] GC(63) Archive regions: 2->2
[2024-12-17T12:43:48.266+0300][gc,heap     ] GC(63) Humongous regions: 129->129
[2024-12-17T12:43:48.266+0300][gc,metaspace] GC(63) Metaspace: 43897K(44544K)->43897K(44544K) NonClass: 38628K(38976K)->38628K(38976K) Class: 5269K(5568K)->5269K(5568K)
[2024-12-17T12:43:48.266+0300][gc          ] GC(63) Pause Young (Normal) (G1 Evacuation Pause) 291M->249M(1024M) 5.491ms
[2024-12-17T12:43:48.266+0300][gc,cpu      ] GC(63) User=0.02s Sys=0.00s Real=0.00s
[2024-12-17T21:17:49.952+0300][gc,start    ] GC(64) Pause Young (Normal) (G1 Evacuation Pause)
[2024-12-17T21:17:49.954+0300][gc,task     ] GC(64) Using 8 workers of 8 for evacuation
[2024-12-17T21:17:49.998+0300][gc,mmu      ] GC(64) MMU target violated: 21.0ms (20.0ms/21.0ms)
[2024-12-17T21:17:49.998+0300][gc,phases   ] GC(64)   Pre Evacuate Collection Set: 0.4ms
[2024-12-17T21:17:49.998+0300][gc,phases   ] GC(64)   Merge Heap Roots: 0.5ms
[2024-12-17T21:17:49.998+0300][gc,phases   ] GC(64)   Evacuate Collection Set: 41.4ms
[2024-12-17T21:17:49.999+0300][gc,phases   ] GC(64)   Post Evacuate Collection Set: 1.1ms
[2024-12-17T21:17:49.999+0300][gc,phases   ] GC(64)   Other: 1.0ms
[2024-12-17T21:17:49.999+0300][gc,heap     ] GC(64) Eden regions: 246->0(40)
[2024-12-17T21:17:49.999+0300][gc,heap     ] GC(64) Survivor regions: 5->11(32)
[2024-12-17T21:17:49.999+0300][gc,heap     ] GC(64) Old regions: 115->115
[2024-12-17T21:17:49.999+0300][gc,heap     ] GC(64) Archive regions: 2->2
[2024-12-17T21:17:49.999+0300][gc,heap     ] GC(64) Humongous regions: 129->129
[2024-12-17T21:17:49.999+0300][gc,metaspace] GC(64) Metaspace: 44005K(44608K)->44005K(44608K) NonClass: 38730K(39040K)->38730K(39040K) Class: 5275K(5568K)->5275K(5568K)
[2024-12-17T21:17:49.999+0300][gc          ] GC(64) Pause Young (Normal) (G1 Evacuation Pause) 495M->255M(1024M) 46.886ms
[2024-12-17T21:17:49.999+0300][gc,cpu      ] GC(64) User=0.05s Sys=0.11s Real=0.04s
[2024-12-17T21:41:12.810+0300][gc,start    ] GC(65) Pause Young (Normal) (G1 Evacuation Pause)
[2024-12-17T21:41:12.812+0300][gc,task     ] GC(65) Using 8 workers of 8 for evacuation
[2024-12-17T21:41:12.834+0300][gc,mmu      ] GC(65) MMU target violated: 21.0ms (20.0ms/21.0ms)
[2024-12-17T21:41:12.834+0300][gc,phases   ] GC(65)   Pre Evacuate Collection Set: 0.5ms
[2024-12-17T21:41:12.834+0300][gc,phases   ] GC(65)   Merge Heap Roots: 0.4ms
[2024-12-17T21:41:12.834+0300][gc,phases   ] GC(65)   Evacuate Collection Set: 17.5ms
[2024-12-17T21:41:12.834+0300][gc,phases   ] GC(65)   Post Evacuate Collection Set: 3.0ms
[2024-12-17T21:41:12.835+0300][gc,phases   ] GC(65)   Other: 1.4ms
[2024-12-17T21:41:12.835+0300][gc,heap     ] GC(65) Eden regions: 40->0(276)
[2024-12-17T21:41:12.835+0300][gc,heap     ] GC(65) Survivor regions: 11->2(7)
[2024-12-17T21:41:12.835+0300][gc,heap     ] GC(65) Old regions: 115->125
[2024-12-17T21:41:12.835+0300][gc,heap     ] GC(65) Archive regions: 2->2
[2024-12-17T21:41:12.835+0300][gc,heap     ] GC(65) Humongous regions: 129->129
[2024-12-17T21:41:12.835+0300][gc,metaspace] GC(65) Metaspace: 44023K(44672K)->44023K(44672K) NonClass: 38747K(39104K)->38747K(39104K) Class: 5275K(5568K)->5275K(5568K)
[2024-12-17T21:41:12.835+0300][gc          ] GC(65) Pause Young (Normal) (G1 Evacuation Pause) 295M->256M(1024M) 25.783ms
[2024-12-17T21:41:12.835+0300][gc,cpu      ] GC(65) User=0.04s Sys=0.05s Real=0.03s
[2024-12-18T02:09:11.463+0300][gc,start    ] GC(66) Pause Young (Normal) (G1 Evacuation Pause)
[2024-12-18T02:09:11.466+0300][gc,task     ] GC(66) Using 8 workers of 8 for evacuation
[2024-12-18T02:09:11.507+0300][gc,mmu      ] GC(66) MMU target violated: 21.0ms (20.0ms/21.0ms)
[2024-12-18T02:09:11.507+0300][gc,phases   ] GC(66)   Pre Evacuate Collection Set: 0.8ms
[2024-12-18T02:09:11.507+0300][gc,phases   ] GC(66)   Merge Heap Roots: 0.6ms
[2024-12-18T02:09:11.507+0300][gc,phases   ] GC(66)   Evacuate Collection Set: 37.2ms
[2024-12-18T02:09:11.507+0300][gc,phases   ] GC(66)   Post Evacuate Collection Set: 1.6ms
[2024-12-18T02:09:11.507+0300][gc,phases   ] GC(66)   Other: 1.2ms
[2024-12-18T02:09:11.507+0300][gc,heap     ] GC(66) Eden regions: 276->0(68)
[2024-12-18T02:09:11.507+0300][gc,heap     ] GC(66) Survivor regions: 2->4(35)
[2024-12-18T02:09:11.507+0300][gc,heap     ] GC(66) Old regions: 125->125
[2024-12-18T02:09:11.507+0300][gc,heap     ] GC(66) Archive regions: 2->2
[2024-12-18T02:09:11.507+0300][gc,heap     ] GC(66) Humongous regions: 129->129
[2024-12-18T02:09:11.507+0300][gc,metaspace] GC(66) Metaspace: 44059K(44672K)->44059K(44672K) NonClass: 38783K(39104K)->38783K(39104K) Class: 5276K(5568K)->5276K(5568K)
[2024-12-18T02:09:11.507+0300][gc          ] GC(66) Pause Young (Normal) (G1 Evacuation Pause) 532M->258M(1024M) 44.058ms
[2024-12-18T02:09:11.507+0300][gc,cpu      ] GC(66) User=0.03s Sys=0.07s Real=0.04s
[2024-12-18T12:35:12.898+0300][gc,start    ] GC(67) Pause Young (Normal) (G1 Evacuation Pause)
[2024-12-18T12:35:12.900+0300][gc,task     ] GC(67) Using 8 workers of 8 for evacuation
[2024-12-18T12:35:12.912+0300][gc,phases   ] GC(67)   Pre Evacuate Collection Set: 0.7ms
[2024-12-18T12:35:12.912+0300][gc,phases   ] GC(67)   Merge Heap Roots: 0.6ms
[2024-12-18T12:35:12.912+0300][gc,phases   ] GC(67)   Evacuate Collection Set: 8.1ms
[2024-12-18T12:35:12.912+0300][gc,phases   ] GC(67)   Post Evacuate Collection Set: 2.0ms
[2024-12-18T12:35:12.912+0300][gc,phases   ] GC(67)   Other: 1.1ms
[2024-12-18T12:35:12.912+0300][gc,heap     ] GC(67) Eden regions: 68->0(167)
[2024-12-18T12:35:12.912+0300][gc,heap     ] GC(67) Survivor regions: 4->3(9)
[2024-12-18T12:35:12.912+0300][gc,heap     ] GC(67) Old regions: 125->125
[2024-12-18T12:35:12.912+0300][gc,heap     ] GC(67) Archive regions: 2->2
[2024-12-18T12:35:12.912+0300][gc,heap     ] GC(67) Humongous regions: 129->129
[2024-12-18T12:35:12.912+0300][gc,metaspace] GC(67) Metaspace: 44062K(44672K)->44062K(44672K) NonClass: 38785K(39104K)->38785K(39104K) Class: 5276K(5568K)->5276K(5568K)
[2024-12-18T12:35:12.912+0300][gc          ] GC(67) Pause Young (Normal) (G1 Evacuation Pause) 326M->257M(1024M) 15.298ms
[2024-12-18T12:35:12.912+0300][gc,cpu      ] GC(67) User=0.02s Sys=0.03s Real=0.02s
[2024-12-18T17:36:56.284+0300][gc,start    ] GC(68) Pause Young (Normal) (G1 Evacuation Pause)
[2024-12-18T17:36:56.288+0300][gc,task     ] GC(68) Using 8 workers of 8 for evacuation
[2024-12-18T17:36:56.430+0300][gc,mmu      ] GC(68) MMU target violated: 21.0ms (20.0ms/21.0ms)
[2024-12-18T17:36:56.430+0300][gc,phases   ] GC(68)   Pre Evacuate Collection Set: 2.2ms
[2024-12-18T17:36:56.431+0300][gc,phases   ] GC(68)   Merge Heap Roots: 0.6ms
[2024-12-18T17:36:56.433+0300][gc,phases   ] GC(68)   Evacuate Collection Set: 117.7ms
[2024-12-18T17:36:56.433+0300][gc,phases   ] GC(68)   Post Evacuate Collection Set: 8.8ms
[2024-12-18T17:36:56.433+0300][gc,phases   ] GC(68)   Other: 13.7ms
[2024-12-18T17:36:56.433+0300][gc,heap     ] GC(68) Eden regions: 167->0(47)
[2024-12-18T17:36:56.433+0300][gc,heap     ] GC(68) Survivor regions: 3->4(22)
[2024-12-18T17:36:56.433+0300][gc,heap     ] GC(68) Old regions: 125->125
[2024-12-18T17:36:56.433+0300][gc,heap     ] GC(68) Archive regions: 2->2
[2024-12-18T17:36:56.433+0300][gc,heap     ] GC(68) Humongous regions: 129->129
[2024-12-18T17:36:56.433+0300][gc,metaspace] GC(68) Metaspace: 44067K(44672K)->44067K(44672K) NonClass: 38790K(39104K)->38790K(39104K) Class: 5276K(5568K)->5276K(5568K)
[2024-12-18T17:36:56.434+0300][gc          ] GC(68) Pause Young (Normal) (G1 Evacuation Pause) 424M->258M(1024M) 150.839ms
[2024-12-18T17:36:56.434+0300][gc,cpu      ] GC(68) User=0.09s Sys=0.06s Real=0.15s
[2024-12-18T17:48:22.128+0300][gc,heap,exit] Heap
[2024-12-18T17:48:22.130+0300][gc,heap,exit]  garbage-first heap   total 1048576K, used 299309K [0x00000007c0000000, 0x0000000800000000)
[2024-12-18T17:48:22.130+0300][gc,heap,exit]   region size 1024K, 39 young (39936K), 4 survivors (4096K)
[2024-12-18T17:48:22.130+0300][gc,heap,exit]  Metaspace       used 44681K, committed 45312K, reserved 1114112K
[2024-12-18T17:48:22.130+0300][gc,heap,exit]   class space    used 5418K, committed 5696K, reserved 1048576K
