[2024-12-03T10:47:30.809+0300][gc,init] CardTable entry size: 512
[2024-12-03T10:47:30.809+0300][gc     ] Using G1
[2024-12-03T10:47:30.810+0300][gc,init] Version: 19.0.2+7-44 (release)
[2024-12-03T10:47:30.810+0300][gc,init] CPUs: 8 total, 8 available
[2024-12-03T10:47:30.810+0300][gc,init] Memory: 8192M
[2024-12-03T10:47:30.810+0300][gc,init] Large Page Support: Disabled
[2024-12-03T10:47:30.810+0300][gc,init] NUMA Support: Disabled
[2024-12-03T10:47:30.810+0300][gc,init] Compressed Oops: Enabled (Zero based)
[2024-12-03T10:47:30.810+0300][gc,init] Heap Region Size: 1M
[2024-12-03T10:47:30.810+0300][gc,init] Heap Min Capacity: 512M
[2024-12-03T10:47:30.810+0300][gc,init] Heap Initial Capacity: 512M
[2024-12-03T10:47:30.810+0300][gc,init] Heap Max Capacity: 512M
[2024-12-03T10:47:30.810+0300][gc,init] Pre-touch: Disabled
[2024-12-03T10:47:30.810+0300][gc,init] Parallel Workers: 8
[2024-12-03T10:47:30.810+0300][gc,init] Concurrent Workers: 2
[2024-12-03T10:47:30.810+0300][gc,init] Concurrent Refinement Workers: 8
[2024-12-03T10:47:30.810+0300][gc,init] Periodic GC: Disabled
[2024-12-03T10:47:30.811+0300][gc,metaspace] CDS archive(s) mapped at: [0x0000000800000000-0x0000000800c48000-0x0000000800c48000), size 12877824, SharedBaseAddress: 0x0000000800000000, ArchiveRelocationMode: 0.
[2024-12-03T10:47:30.811+0300][gc,metaspace] Compressed class space mapped at: 0x0000000801000000-0x0000000841000000, reserved size: 1073741824
[2024-12-03T10:47:30.811+0300][gc,metaspace] Narrow klass base: 0x0000000800000000, Narrow klass shift: 0, Narrow klass range: 0x100000000
[2024-12-03T10:47:31.316+0300][gc,start    ] GC(0) Pause Young (Normal) (G1 Evacuation Pause)
[2024-12-03T10:47:31.317+0300][gc,task     ] GC(0) Using 8 workers of 8 for evacuation
[2024-12-03T10:47:31.320+0300][gc,phases   ] GC(0)   Pre Evacuate Collection Set: 0,1ms
[2024-12-03T10:47:31.320+0300][gc,phases   ] GC(0)   Merge Heap Roots: 0,3ms
[2024-12-03T10:47:31.320+0300][gc,phases   ] GC(0)   Evacuate Collection Set: 2,4ms
[2024-12-03T10:47:31.320+0300][gc,phases   ] GC(0)   Post Evacuate Collection Set: 0,3ms
[2024-12-03T10:47:31.320+0300][gc,phases   ] GC(0)   Other: 0,2ms
[2024-12-03T10:47:31.320+0300][gc,heap     ] GC(0) Eden regions: 25->0(21)
[2024-12-03T10:47:31.320+0300][gc,heap     ] GC(0) Survivor regions: 0->4(4)
[2024-12-03T10:47:31.320+0300][gc,heap     ] GC(0) Old regions: 0->4
[2024-12-03T10:47:31.320+0300][gc,heap     ] GC(0) Archive regions: 2->2
[2024-12-03T10:47:31.320+0300][gc,heap     ] GC(0) Humongous regions: 0->0
[2024-12-03T10:47:31.320+0300][gc,metaspace] GC(0) Metaspace: 8279K(8448K)->8279K(8448K) NonClass: 7405K(7488K)->7405K(7488K) Class: 873K(960K)->873K(960K)
[2024-12-03T10:47:31.320+0300][gc          ] GC(0) Pause Young (Normal) (G1 Evacuation Pause) 25M->8M(512M) 3,596ms
[2024-12-03T10:47:31.320+0300][gc,cpu      ] GC(0) User=0,01s Sys=0,00s Real=0,01s
[2024-12-03T13:08:43.442+0300][gc,heap,exit] Heap
[2024-12-03T13:08:43.442+0300][gc,heap,exit]  garbage-first heap   total 524288K, used 20074K [0x00000007e0000000, 0x0000000800000000)
[2024-12-03T13:08:43.442+0300][gc,heap,exit]   region size 1024K, 16 young (16384K), 4 survivors (4096K)
[2024-12-03T13:08:43.442+0300][gc,heap,exit]  Metaspace       used 9536K, committed 9728K, reserved 1114112K
[2024-12-03T13:08:43.442+0300][gc,heap,exit]   class space    used 959K, committed 1088K, reserved 1048576K
