[2024-12-17T11:16:57.666+0300][gc,init] CardTable entry size: 512
[2024-12-17T11:16:57.666+0300][gc     ] Using G1
[2024-12-17T11:16:57.668+0300][gc,init] Version: 19.0.2+7-44 (release)
[2024-12-17T11:16:57.668+0300][gc,init] CPUs: 8 total, 8 available
[2024-12-17T11:16:57.668+0300][gc,init] Memory: 8192M
[2024-12-17T11:16:57.668+0300][gc,init] Large Page Support: Disabled
[2024-12-17T11:16:57.668+0300][gc,init] NUMA Support: Disabled
[2024-12-17T11:16:57.668+0300][gc,init] Compressed Oops: Enabled (Zero based)
[2024-12-17T11:16:57.668+0300][gc,init] Heap Region Size: 1M
[2024-12-17T11:16:57.668+0300][gc,init] Heap Min Capacity: 512M
[2024-12-17T11:16:57.668+0300][gc,init] Heap Initial Capacity: 512M
[2024-12-17T11:16:57.668+0300][gc,init] Heap Max Capacity: 512M
[2024-12-17T11:16:57.668+0300][gc,init] Pre-touch: Disabled
[2024-12-17T11:16:57.668+0300][gc,init] Parallel Workers: 8
[2024-12-17T11:16:57.668+0300][gc,init] Concurrent Workers: 2
[2024-12-17T11:16:57.668+0300][gc,init] Concurrent Refinement Workers: 8
[2024-12-17T11:16:57.668+0300][gc,init] Periodic GC: Disabled
[2024-12-17T11:16:57.668+0300][gc,metaspace] CDS archive(s) mapped at: [0x0000000800000000-0x0000000800c48000-0x0000000800c48000), size 12877824, SharedBaseAddress: 0x0000000800000000, ArchiveRelocationMode: 0.
[2024-12-17T11:16:57.668+0300][gc,metaspace] Compressed class space mapped at: 0x0000000801000000-0x0000000841000000, reserved size: 1073741824
[2024-12-17T11:16:57.668+0300][gc,metaspace] Narrow klass base: 0x0000000800000000, Narrow klass shift: 0, Narrow klass range: 0x100000000
[2024-12-17T11:16:58.403+0300][gc,start    ] GC(0) Pause Young (Normal) (G1 Evacuation Pause)
[2024-12-17T11:16:58.403+0300][gc,task     ] GC(0) Using 8 workers of 8 for evacuation
[2024-12-17T11:16:58.407+0300][gc,phases   ] GC(0)   Pre Evacuate Collection Set: 0.1ms
[2024-12-17T11:16:58.407+0300][gc,phases   ] GC(0)   Merge Heap Roots: 0.1ms
[2024-12-17T11:16:58.407+0300][gc,phases   ] GC(0)   Evacuate Collection Set: 2.8ms
[2024-12-17T11:16:58.407+0300][gc,phases   ] GC(0)   Post Evacuate Collection Set: 0.4ms
[2024-12-17T11:16:58.407+0300][gc,phases   ] GC(0)   Other: 0.2ms
[2024-12-17T11:16:58.407+0300][gc,heap     ] GC(0) Eden regions: 25->0(21)
[2024-12-17T11:16:58.407+0300][gc,heap     ] GC(0) Survivor regions: 0->4(4)
[2024-12-17T11:16:58.407+0300][gc,heap     ] GC(0) Old regions: 0->4
[2024-12-17T11:16:58.407+0300][gc,heap     ] GC(0) Archive regions: 2->2
[2024-12-17T11:16:58.407+0300][gc,heap     ] GC(0) Humongous regions: 0->0
[2024-12-17T11:16:58.407+0300][gc,metaspace] GC(0) Metaspace: 8257K(8448K)->8257K(8448K) NonClass: 7388K(7488K)->7388K(7488K) Class: 868K(960K)->868K(960K)
[2024-12-17T11:16:58.407+0300][gc          ] GC(0) Pause Young (Normal) (G1 Evacuation Pause) 25M->8M(512M) 3.924ms
[2024-12-17T11:16:58.407+0300][gc,cpu      ] GC(0) User=0.02s Sys=0.00s Real=0.00s
[2024-12-17T23:55:25.942+0300][gc,start    ] GC(1) Pause Young (Normal) (G1 Evacuation Pause)
[2024-12-17T23:55:25.945+0300][gc,task     ] GC(1) Using 8 workers of 8 for evacuation
[2024-12-17T23:55:25.968+0300][gc,mmu      ] GC(1) MMU target violated: 21.0ms (20.0ms/21.0ms)
[2024-12-17T23:55:25.968+0300][gc,phases   ] GC(1)   Pre Evacuate Collection Set: 1.1ms
[2024-12-17T23:55:25.968+0300][gc,phases   ] GC(1)   Merge Heap Roots: 0.8ms
[2024-12-17T23:55:25.968+0300][gc,phases   ] GC(1)   Evacuate Collection Set: 19.6ms
[2024-12-17T23:55:25.968+0300][gc,phases   ] GC(1)   Post Evacuate Collection Set: 0.9ms
[2024-12-17T23:55:25.968+0300][gc,phases   ] GC(1)   Other: 1.6ms
[2024-12-17T23:55:25.968+0300][gc,heap     ] GC(1) Eden regions: 21->0(24)
[2024-12-17T23:55:25.968+0300][gc,heap     ] GC(1) Survivor regions: 4->1(4)
[2024-12-17T23:55:25.968+0300][gc,heap     ] GC(1) Old regions: 4->8
[2024-12-17T23:55:25.968+0300][gc,heap     ] GC(1) Archive regions: 2->2
[2024-12-17T23:55:25.968+0300][gc,heap     ] GC(1) Humongous regions: 0->0
[2024-12-17T23:55:25.968+0300][gc,metaspace] GC(1) Metaspace: 9503K(9728K)->9503K(9728K) NonClass: 8545K(8640K)->8545K(8640K) Class: 957K(1088K)->957K(1088K)
[2024-12-17T23:55:25.969+0300][gc          ] GC(1) Pause Young (Normal) (G1 Evacuation Pause) 29M->9M(512M) 27.351ms
[2024-12-17T23:55:25.969+0300][gc,cpu      ] GC(1) User=0.02s Sys=0.03s Real=0.02s
[2024-12-18T17:46:40.406+0300][gc,heap,exit] Heap
[2024-12-18T17:46:40.407+0300][gc,heap,exit]  garbage-first heap   total 524288K, used 19345K [0x00000007e0000000, 0x0000000800000000)
[2024-12-18T17:46:40.407+0300][gc,heap,exit]   region size 1024K, 11 young (11264K), 1 survivors (1024K)
[2024-12-18T17:46:40.407+0300][gc,heap,exit]  Metaspace       used 9509K, committed 9728K, reserved 1114112K
[2024-12-18T17:46:40.407+0300][gc,heap,exit]   class space    used 958K, committed 1088K, reserved 1048576K
